Microchip MPLAB XC8 Compiler V2.36

Linker command line:

-W-3 --edf=C:\Program Files\Microchip\xc8\v2.36\pic\dat\en_msgs.txt -cn \
  -h+dist/default/production\PIC18F8720_4_Interrupters.X.production.sym \
  --cmf=dist/default/production\PIC18F8720_4_Interrupters.X.production.cmf \
  -z -Q18F8720 -oC:\Users\www\AppData\Local\Temp\xcAs130.4 \
  --defsym=__MPLAB_BUILD=1 \
  -Mdist/default/production/PIC18F8720_4_Interrupters.X.production.map \
  --md=C:\Users\www\AppData\Local\Temp\xcAs130.dat -E1 -ver=XC8 Compiler \
  --acfsm=1493 -ACODE=00h-01FFFFh -ACONST=00h-01FFFFh \
  -ASMALLCONST=0F00h-0FFFhx497 -AMEDIUMCONST=0F00h-0FFFFh,010F00h-01FFFFh \
  -ACOMRAM=01h-05Fh -AABS1=00h-0EFFh -ABIGRAM=01h-0EFFh \
  -ARAM=060h-0FFh,0100h-01FFhx14 -ABANK0=060h-0FFh -ABANK1=0100h-01FFh \
  -ABANK2=0200h-02FFh -ABANK3=0300h-03FFh -ABANK4=0400h-04FFh \
  -ABANK5=0500h-05FFh -ABANK6=0600h-06FFh -ABANK7=0700h-07FFh \
  -ABANK8=0800h-08FFh -ABANK9=0900h-09FFh -ABANK10=0A00h-0AFFh \
  -ABANK11=0B00h-0BFFh -ABANK12=0C00h-0CFFh -ABANK13=0D00h-0DFFh \
  -ABANK14=0E00h-0EFFh -ASFR=0F60h-0FFFh -ABIGSFR=0F60h-0FFFh \
  -ACONFIG=0300000h-030000Dh -AIDLOC=0200000h-0200007h \
  -AEEDATA=0F00000h-0F003FFh -peeprom_data=EEDATA \
  -preset_vec=00h,intcode=08h,intcodelo=018h,powerup,init -pramtop=0F00h \
  -psmallconst=SMALLCONST -pmediumconst=MEDIUMCONST -pconst=CONST \
  -AFARRAM=00h-00h \
  -prdata=COMRAM,nvrram=COMRAM,nvbit=COMRAM,rbss=COMRAM,rbit=COMRAM \
  -pfarbss=FARRAM,fardata=FARRAM,nvFARRAM=FARRAM \
  -pintsave_regs=BIGRAM,bigbss=BIGRAM,bigdata=BIGRAM -pbss=RAM \
  -pidata=CODE,irdata=CODE,ibigdata=CODE,ifardata=CODE -prparam=COMRAM \
  C:\Users\www\AppData\Local\Temp\xcAs130.o \
  dist/default/production\PIC18F8720_4_Interrupters.X.production.o 

Object code version is 3.11

Machine type is 18F8720



                Name                               Link     Load   Length Selector   Space Scale
C:\Users\www\AppData\Local\Temp\xcAs130.o
                idloc                            200000   200000        8        0       5
                config                           300000   300000        E        0       4
                init                                 D6       D6        4        C       0
                reset_vec                             0        0        6        0       0
dist/default/production\PIC18F8720_4_Interrupters.X.production.o
                intcodelo                            18       18       BE        C       0
                intcode                               8        8        6        4       0
                idloc                            200000   200000        8        0       5
                config                           300000   300000        E        0       4
                temp                                 3A       3A        1        1       1
                smallconst                          F00      F00       34      780       0
                text21                             175C     175C      186      79A       0
                text20                             1C42     1C42        8      79A       0
                text19                             143C     143C      19A      79A       0
                text18                             1B78     1B78       3A      79A       0
                text17                             1A2C     1A2C       60      79A       0
                intcode_body                       18E2     18E2       86      79A       0
                text15                             15D6     15D6      186      79A       0
                text14                             1C3A     1C3A        8      79A       0
                text13                             10E8     10E8      1B4      79A       0
                text12                             1B3E     1B3E       3A      79A       0
                text11                             19CC     19CC       60      79A       0
                text9                              1B04     1B04       3A      79A       0
                text8                              1BDA     1BDA       26      79A       0
                text7                              129C     129C      1A0      79A       0
                text6                              1C32     1C32        8      79A       0
                text5                               F34      F34      1B4      79A       0
                text4                              1A8C     1A8C       3E      79A       0
                text3                              1968     1968       64      79A       0
                text2                              1C00     1C00       20      79A       0
                text1                              1BB2     1BB2       28      79A       0
                text0                              1ACA     1ACA       3A      79A       0
                cstackCOMRAM                          1        1       39        1       1
                cstackBANK0                          60       60       37       60       1
                cinit                              1C20     1C20       12      79A       0

TOTAL           Name                               Link     Load   Length     Space
        CLASS   CODE           
                intcodelo                            18       18       BE         0
                intcode                               8        8        6         0
                init                                 D6       D6        4         0
                reset_vec                             0        0        6         0
                text21                             175C     175C      186         0
                text20                             1C42     1C42        8         0
                text19                             143C     143C      19A         0
                text18                             1B78     1B78       3A         0
                text17                             1A2C     1A2C       60         0
                intcode_body                       18E2     18E2       86         0
                text15                             15D6     15D6      186         0
                text14                             1C3A     1C3A        8         0
                text13                             10E8     10E8      1B4         0
                text12                             1B3E     1B3E       3A         0
                text11                             19CC     19CC       60         0
                text9                              1B04     1B04       3A         0
                text8                              1BDA     1BDA       26         0
                text7                              129C     129C      1A0         0
                text6                              1C32     1C32        8         0
                text5                               F34      F34      1B4         0
                text4                              1A8C     1A8C       3E         0
                text3                              1968     1968       64         0
                text2                              1C00     1C00       20         0
                text1                              1BB2     1BB2       28         0
                text0                              1ACA     1ACA       3A         0
                cinit                              1C20     1C20       12         0

        CLASS   CONST          

        CLASS   SMALLCONST     
                smallconst                          F00      F00       34         0

        CLASS   MEDIUMCONST    

        CLASS   COMRAM         
                temp                                 3A       3A        1         1
                cstackCOMRAM                          1        1       39         1

        CLASS   ABS1           

        CLASS   BIGRAM         

        CLASS   RAM            

        CLASS   BANK0          
                cstackBANK0                          60       60       37         1

        CLASS   BANK1          

        CLASS   BANK2          

        CLASS   BANK3          

        CLASS   BANK4          

        CLASS   BANK5          

        CLASS   BANK6          

        CLASS   BANK7          

        CLASS   BANK8          

        CLASS   BANK9          

        CLASS   BANK10         

        CLASS   BANK11         

        CLASS   BANK12         

        CLASS   BANK13         

        CLASS   BANK14         

        CLASS   SFR            

        CLASS   BIGSFR         

        CLASS   CONFIG         
                config                           300000   300000        E         4

        CLASS   IDLOC          
                idloc                            200000   200000        8         5

        CLASS   EEDATA         

        CLASS   FARRAM         

        CLASS   HEAP           

        CLASS   STACK          



SEGMENTS        Name                           Load    Length   Top    Selector   Space  Class

                reset_vec                      000000  000006  000006         0       0  CODE    
                cstackCOMRAM                   000001  00003A  00003B         1       1  COMRAM  
                intcode                        000008  000006  00000E         4       0  CODE    
                intcodelo                      000018  0000C2  0000DA         C       0  CODE    
                cstackBANK0                    000060  000037  000097        60       1  BANK0   
                smallconst                     000F00  000034  000F34       780       0  SMALLCON
                text5                          000F34  000D16  001C4A       79A       0  CODE    


UNUSED ADDRESS RANGES

        Name                Unused          Largest block    Delta
        BANK0            000097-0000FF               69
        BANK1            000100-0001FF              100
        BANK10           000A00-000AFF              100
        BANK11           000B00-000BFF              100
        BANK12           000C00-000CFF              100
        BANK13           000D00-000DFF              100
        BANK14           000E00-000EFF              100
        BANK2            000200-0002FF              100
        BANK3            000300-0003FF              100
        BANK4            000400-0004FF              100
        BANK5            000500-0005FF              100
        BANK6            000600-0006FF              100
        BANK7            000700-0007FF              100
        BANK8            000800-0008FF              100
        BANK9            000900-0009FF              100
        BIGRAM           00003B-00005F               25
                         000097-000EFF              E69
        BIGSFR           000F60-000FFF               A0
        CODE             000006-000007                2
                         00000E-000017                A
                         0000DA-000EFF              E26
                         001C4A-01FFFF            1E3B6
        COMRAM           00003B-00005F               25
        CONST            000006-000007                2
                         00000E-000017                A
                         0000DA-000EFF              E26
                         001C4A-01FFFF            1E3B6
        EEDATA           F00000-F003FF              400
        MEDIUMCONST      001C4A-00FFFF             E3B6
                         010F00-01FFFF             F100
        RAM              000097-000EFF              100
        SFR              000F60-000FFF               A0
        SMALLCONST       001C4A-01FFFF              100

                                  Symbol Table

?_strlen                           cstackBANK0  000079
?i1_strlen                         cstackCOMRAM 000026
?i2_strlen                         cstackCOMRAM 000001
LCD_DATA@_4bit_                    cstackBANK0  000082
LCD_DATA@_data                     cstackBANK0  00008A
LCD_DATA@data                      cstackBANK0  000081
LCD_DATA@mode                      cstackBANK0  000079
LCD_DATA@x                         cstackBANK0  00008B
LCD_DATA@x_979                     cstackBANK0  00008D
LCD_DISPLAY@length                 cstackBANK0  000093
LCD_DISPLAY@string                 cstackBANK0  00008F
LCD_DISPLAY@x                      cstackBANK0  000095
LCD_INSTRUCTION_4BIT@_4bit_        cstackBANK0  000080
LCD_INSTRUCTION_4BIT@data          cstackBANK0  000088
LCD_INSTRUCTION_4BIT@instruction   cstackBANK0  00007F
LCD_INSTRUCTION_4BIT@x             cstackBANK0  000089
LCD_INSTRUCTION_4BIT@x_985         cstackBANK0  00008B
_Blink_LED                         text9        001B04
_CCP1CONbits                       (abs)        000FBD
_CCP2CONbits                       (abs)        000FBA
_INTCON2bits                       (abs)        000FF1
_INTCON3bits                       (abs)        000FF0
_INTCONbits                        (abs)        000FF2
_ISR_1                             intcode      000008
_ISR_2                             intcodelo    000018
_ISR_2$1093                        cstackBANK0  000078
_Interrupt_init                    text8        001BDA
_LCD_20_LINE1                      text6        001C32
_LCD_20_LINE2                      text20       001C42
_LCD_20_LINE3                      text14       001C3A
_LCD_DATA                          text5        000F34
_LCD_DISPLAY                       text3        001968
_LCD_INITIALIZE_4BIT               text2        001C00
_LCD_INSTRUCTION_4BIT              text7        00129C
_LCD_SETUP_4BIT                    text1        001BB2
_PORTBbits                         (abs)        000F81
_PORTDbits                         (abs)        000F83
_PORTJbits                         (abs)        000F88
_RCONbits                          (abs)        000FD0
_RCSTA1bits                        (abs)        000FAB
_RCSTA2bits                        (abs)        000F6B
_SSPCON1bits                       (abs)        000FC6
_T1CONbits                         (abs)        000FCD
_TRISB3                            (abs)        007C9B
_TRISBbits                         (abs)        000F93
_TRISC0                            (abs)        007CA0
_TRISC1                            (abs)        007CA1
_TRISC2                            (abs)        007CA2
_TRISC3                            (abs)        007CA3
_TRISCbits                         (abs)        000F94
_TRISDbits                         (abs)        000F95
_TRISJ0                            (abs)        007CD0
_TRISJ1                            (abs)        007CD1
__HRAM                             (abs)        000000
__Habs1                            abs1         000000
__Hbank0                           bank0        000000
__Hbank1                           bank1        000000
__Hbank10                          bank10       000000
__Hbank11                          bank11       000000
__Hbank12                          bank12       000000
__Hbank13                          bank13       000000
__Hbank14                          bank14       000000
__Hbank2                           bank2        000000
__Hbank3                           bank3        000000
__Hbank4                           bank4        000000
__Hbank5                           bank5        000000
__Hbank6                           bank6        000000
__Hbank7                           bank7        000000
__Hbank8                           bank8        000000
__Hbank9                           bank9        000000
__Hbigbss                          bigbss       000000
__Hbigdata                         bigdata      000000
__Hbigram                          bigram       000000
__Hbigsfr                          bigsfr       000000
__Hbss                             bss          000000
__Hcinit                           cinit        000000
__Hclrtext                         clrtext      000000
__Hcomram                          comram       000000
__Hconfig                          config       30000E
__Hconst                           const        000000
__HcstackBANK0                     cstackBANK0  000000
__HcstackCOMRAM                    cstackCOMRAM 000000
__Hdata                            data         000000
__Heeprom_data                     eeprom_data  000000
__Hfarbss                          farbss       000000
__Hfardata                         fardata      000000
__Hheap                            heap         000000
__Hibigdata                        ibigdata     000000
__Hidata                           idata        000000
__Hidloc                           idloc        200008
__Hifardata                        ifardata     000000
__Hinit                            init         0000DA
__Hintcode                         intcode      00000E
__Hintcode_body                    intcode_body 000000
__Hintcodelo                       intcodelo    0000D6
__Hintentry                        intentry     000000
__Hintret                          intret       000000
__Hintsave_regs                    intsave_regs 000000
__Hirdata                          irdata       000000
__Hmediumconst                     mediumconst  000000
__HnvFARRAM                        nvFARRAM     000000
__Hnvbit                           nvbit        000000
__Hnvrram                          nvrram       000000
__Hparam                           rparam       000000
__Hpowerup                         powerup      0000D6
__Hram                             ram          000000
__Hramtop                          ramtop       000F00
__Hrbit                            rbit         000000
__Hrbss                            rbss         000000
__Hrdata                           rdata        000000
__Hreset_vec                       reset_vec    000006
__Hrparam                          rparam       000000
__Hsfr                             sfr          000000
__Hsmallconst                      smallconst   000F34
__Hspace_0                         (abs)        001C4A
__Hspace_1                         (abs)        000097
__Hspace_2                         (abs)        000000
__Hspace_4                         (abs)        60000E
__Hstack                           stack        000000
__Hstruct                          struct       000000
__Htemp                            temp         00003B
__Htext                            text         000000
__Htext0                           text0        000000
__Htext1                           text1        000000
__Htext11                          text11       000000
__Htext12                          text12       000000
__Htext13                          text13       000000
__Htext14                          text14       000000
__Htext15                          text15       000000
__Htext17                          text17       000000
__Htext18                          text18       000000
__Htext19                          text19       000000
__Htext2                           text2        000000
__Htext20                          text20       000000
__Htext21                          text21       000000
__Htext3                           text3        000000
__Htext4                           text4        000000
__Htext5                           text5        000000
__Htext6                           text6        000000
__Htext7                           text7        000000
__Htext8                           text8        000000
__Htext9                           text9        000000
__LRAM                             (abs)        000001
__Labs1                            abs1         000000
__Lbank0                           bank0        000000
__Lbank1                           bank1        000000
__Lbank10                          bank10       000000
__Lbank11                          bank11       000000
__Lbank12                          bank12       000000
__Lbank13                          bank13       000000
__Lbank14                          bank14       000000
__Lbank2                           bank2        000000
__Lbank3                           bank3        000000
__Lbank4                           bank4        000000
__Lbank5                           bank5        000000
__Lbank6                           bank6        000000
__Lbank7                           bank7        000000
__Lbank8                           bank8        000000
__Lbank9                           bank9        000000
__Lbigbss                          bigbss       000000
__Lbigdata                         bigdata      000000
__Lbigram                          bigram       000000
__Lbigsfr                          bigsfr       000000
__Lbss                             bss          000000
__Lcinit                           cinit        000000
__Lclrtext                         clrtext      000000
__Lcomram                          comram       000000
__Lconfig                          config       000000
__Lconst                           const        000000
__LcstackBANK0                     cstackBANK0  000000
__LcstackCOMRAM                    cstackCOMRAM 000000
__Ldata                            data         000000
__Leeprom_data                     eeprom_data  000000
__Lfarbss                          farbss       000000
__Lfardata                         fardata      000000
__Lheap                            heap         000000
__Libigdata                        ibigdata     000000
__Lidata                           idata        000000
__Lidloc                           idloc        000000
__Lifardata                        ifardata     000000
__Linit                            init         0000D6
__Lintcode                         intcode      000008
__Lintcode_body                    intcode_body 000000
__Lintcodelo                       intcodelo    000018
__Lintentry                        intentry     000000
__Lintret                          intret       000000
__Lintsave_regs                    intsave_regs 000000
__Lirdata                          irdata       000000
__Lmediumconst                     mediumconst  000000
__LnvFARRAM                        nvFARRAM     000000
__Lnvbit                           nvbit        000000
__Lnvrram                          nvrram       000000
__Lparam                           rparam       000000
__Lpowerup                         powerup      0000D6
__Lram                             ram          000000
__Lramtop                          ramtop       000F00
__Lrbit                            rbit         000000
__Lrbss                            rbss         000000
__Lrdata                           rdata        000000
__Lreset_vec                       reset_vec    000000
__Lrparam                          rparam       000000
__Lsfr                             sfr          000000
__Lsmallconst                      smallconst   000F00
__Lspace_0                         (abs)        000000
__Lspace_1                         (abs)        000000
__Lspace_2                         (abs)        000000
__Lspace_4                         (abs)        000000
__Lstack                           stack        000000
__Lstruct                          struct       000000
__Ltemp                            temp         00003A
__Ltext                            text         000000
__Ltext0                           text0        000000
__Ltext1                           text1        000000
__Ltext11                          text11       000000
__Ltext12                          text12       000000
__Ltext13                          text13       000000
__Ltext14                          text14       000000
__Ltext15                          text15       000000
__Ltext17                          text17       000000
__Ltext18                          text18       000000
__Ltext19                          text19       000000
__Ltext2                           text2        000000
__Ltext20                          text20       000000
__Ltext21                          text21       000000
__Ltext3                           text3        000000
__Ltext4                           text4        000000
__Ltext5                           text5        000000
__Ltext6                           text6        000000
__Ltext7                           text7        000000
__Ltext8                           text8        000000
__Ltext9                           text9        000000
__S0                               (abs)        001C4A
__S1                               (abs)        000097
__S4                               (abs)        000000
__S5                               (abs)        000000
___extmem_base                     (abs)        020000
___heap_hi                         (abs)        000000
___heap_lo                         (abs)        000000
___inthi_sp                        stack        000000
___intlo_sp                        stack        000000
___param_bank                      (abs)        000000
___rparam_used                     (abs)        000001
___sp                              stack        000000
__accesstop                        (abs)        000060
__activetblptr                     (abs)        000001
__end_of_Blink_LED                 text9        001B3E
__end_of_ISR_1                     intcode_body 001968
__end_of_ISR_2                     intcodelo    0000D6
__end_of_Interrupt_init            text8        001C00
__end_of_LCD_20_LINE1              text6        001C3A
__end_of_LCD_20_LINE2              text20       001C4A
__end_of_LCD_20_LINE3              text14       001C42
__end_of_LCD_DATA                  text5        0010E8
__end_of_LCD_DISPLAY               text3        0019CC
__end_of_LCD_INITIALIZE_4BIT       text2        001C20
__end_of_LCD_INSTRUCTION_4BIT      text7        00143C
__end_of_LCD_SETUP_4BIT            text1        001BDA
__end_of__initialization           cinit        001C20
__end_of_main                      text0        001B04
__end_of_strlen                    text4        001ACA
__end_ofi1_LCD_DATA                text13       00129C
__end_ofi1_LCD_DISPLAY             text11       001A2C
__end_ofi1_LCD_INSTRUCTION_4BIT    text15       00175C
__end_ofi1_strlen                  text12       001B78
__end_ofi2_LCD_DATA                text19       0015D6
__end_ofi2_LCD_DISPLAY             text17       001A8C
__end_ofi2_LCD_INSTRUCTION_4BIT    text21       0018E2
__end_ofi2_strlen                  text18       001BB2
__initialization                   cinit        001C20
__mediumconst                      mediumconst  000000
__pcinit                           cinit        001C20
__pcstackBANK0                     cstackBANK0  000060
__pcstackCOMRAM                    cstackCOMRAM 000001
__pintcode                         intcode      000008
__pintcode_body                    intcode_body 0018E2
__pintcodelo                       intcodelo    000018
__psmallconst                      smallconst   000F00
__ptext0                           text0        001ACA
__ptext1                           text1        001BB2
__ptext11                          text11       0019CC
__ptext12                          text12       001B3E
__ptext13                          text13       0010E8
__ptext14                          text14       001C3A
__ptext15                          text15       0015D6
__ptext17                          text17       001A2C
__ptext18                          text18       001B78
__ptext19                          text19       00143C
__ptext2                           text2        001C00
__ptext20                          text20       001C42
__ptext21                          text21       00175C
__ptext3                           text3        001968
__ptext4                           text4        001A8C
__ptext5                           text5        000F34
__ptext6                           text6        001C32
__ptext7                           text7        00129C
__ptext8                           text8        001BDA
__ptext9                           text9        001B04
__ramtop                           ramtop       000F00
__smallconst                       smallconst   000F00
_main                              text0        001ACA
_strlen                            text4        001A8C
btemp                              temp         00003A
end_of_initialization              cinit        001C20
i1LCD_DATA@_4bit_                  cstackBANK0  000061
i1LCD_DATA@_data                   cstackBANK0  000069
i1LCD_DATA@data                    cstackBANK0  000060
i1LCD_DATA@mode                    cstackCOMRAM 000026
i1LCD_DATA@x                       cstackBANK0  00006A
i1LCD_DATA@x_979                   cstackBANK0  00006C
i1LCD_DISPLAY@length               cstackCOMRAM 000032
i1LCD_DISPLAY@string               cstackCOMRAM 00002E
i1LCD_DISPLAY@x                    cstackCOMRAM 000034
i1LCD_INSTRUCTION_4BIT@_4bit_      cstackCOMRAM 00002D
i1LCD_INSTRUCTION_4BIT@data        cstackCOMRAM 000035
i1LCD_INSTRUCTION_4BIT@instruction cstackCOMRAM 00002C
i1LCD_INSTRUCTION_4BIT@x           cstackCOMRAM 000036
i1LCD_INSTRUCTION_4BIT@x_985       cstackCOMRAM 000038
i1_LCD_DATA                        text13       0010E8
i1_LCD_DISPLAY                     text11       0019CC
i1_LCD_INSTRUCTION_4BIT            text15       0015D6
i1_strlen                          text12       001B3E
i1strlen@cp                        cstackCOMRAM 000028
i1strlen@s                         cstackCOMRAM 000026
i2LCD_DATA@_4bit_                  cstackCOMRAM 00000A
i2LCD_DATA@_data                   cstackCOMRAM 000012
i2LCD_DATA@data                    cstackCOMRAM 000009
i2LCD_DATA@mode                    cstackCOMRAM 000001
i2LCD_DATA@x                       cstackCOMRAM 000013
i2LCD_DATA@x_979                   cstackCOMRAM 000015
i2LCD_DISPLAY@length               cstackCOMRAM 00001B
i2LCD_DISPLAY@string               cstackCOMRAM 000017
i2LCD_DISPLAY@x                    cstackCOMRAM 00001D
i2LCD_INSTRUCTION_4BIT@_4bit_      cstackCOMRAM 000008
i2LCD_INSTRUCTION_4BIT@data        cstackCOMRAM 000010
i2LCD_INSTRUCTION_4BIT@instruction cstackCOMRAM 000007
i2LCD_INSTRUCTION_4BIT@x           cstackCOMRAM 000011
i2LCD_INSTRUCTION_4BIT@x_985       cstackCOMRAM 000013
i2_LCD_DATA                        text19       00143C
i2_LCD_DISPLAY                     text17       001A2C
i2_LCD_INSTRUCTION_4BIT            text21       00175C
i2_strlen                          text18       001B78
i2strlen@cp                        cstackCOMRAM 000003
i2strlen@s                         cstackCOMRAM 000001
int$flags                          temp         00003A
int_func                           intcode_body 0018E2
intlevel0                          text         000000
intlevel1                          text         000000
intlevel2                          text         000000
intlevel3                          text         000000
isa$std                            (abs)        000001
isa$xinst                          (abs)        000000
stackhi                            (abs)        000000
stacklo                            (abs)        000000
start                              init         0000D6
start_initialization               cinit        001C20
strlen@cp                          cstackBANK0  00007B
strlen@s                           cstackBANK0  000079
ttemp5                             temp         00003B
ttemp6                             temp         00003E
ttemp7                             temp         000042
wtemp8                             temp         00003B


MODULE INFORMATION

Module		Function		Class		Link	Load	Size
LCD.h
		_LCD_INSTRUCTION_4BIT		CODE           	129C	0000	416
		_LCD_DATA      		CODE           	0F34	0000	436
		_LCD_DISPLAY   		CODE           	1968	0000	100
		_LCD_SETUP_4BIT		CODE           	1BB2	0000	40
		_LCD_INITIALIZE_4BIT		CODE           	1C00	0000	32
		_LCD_20_LINE1  		CODE           	1C32	0000	8
		_LCD_20_LINE2  		CODE           	1C42	0000	8
		_LCD_20_LINE3  		CODE           	1C3A	0000	8

LCD.h estimated size: 1048

shared
		i1_LCD_INSTRUCTION_4BIT		CODE           	15D6	0000	390
		i2_LCD_INSTRUCTION_4BIT		CODE           	175C	0000	390
		__initialization		CODE           	1C20	0000	1
		i1_strlen      		CODE           	1B3E	0000	58
		i2_strlen      		CODE           	1B78	0000	58
		i1_LCD_DATA    		CODE           	10E8	0000	436
		i2_LCD_DATA    		CODE           	143C	0000	410
		i1_LCD_DISPLAY 		CODE           	19CC	0000	96
		i2_LCD_DISPLAY 		CODE           	1A2C	0000	96

shared estimated size: 1935

C:\Program Files\Microchip\xc8\v2.36\pic\sources\c90\common\strlen.c
		_strlen        		CODE           	1A8C	0000	62

C:\Program Files\Microchip\xc8\v2.36\pic\sources\c90\common\strlen.c estimated size: 62

main.c
		_main          		CODE           	1ACA	0000	58
		_Blink_LED     		CODE           	1B04	0000	58
		_Interrupt_init		CODE           	1BDA	0000	38
		_ISR_1         		CODE           	0008	0000	140
		_ISR_2         		CODE           	0018	0000	190

main.c estimated size: 484

