Microchip MPLAB XC8 Compiler V2.36

Linker command line:

-W-3 --edf=C:\Program Files\Microchip\xc8\v2.36\pic\dat\en_msgs.txt -cn \
  -h+dist/default/production\PIC18F8720_3_Timers.X.production.sym \
  --cmf=dist/default/production\PIC18F8720_3_Timers.X.production.cmf -z \
  -Q18F8720 -oC:\Users\www\AppData\Local\Temp\xcAs9cg.4 \
  --defsym=__MPLAB_BUILD=1 \
  -Mdist/default/production/PIC18F8720_3_Timers.X.production.map \
  --md=C:\Users\www\AppData\Local\Temp\xcAs9cg.dat -E1 -ver=XC8 Compiler \
  --acfsm=1493 -ACODE=00h-01FFFFh -ACONST=00h-01FFFFh \
  -ASMALLCONST=0F00h-0FFFhx497 -AMEDIUMCONST=0F00h-0FFFFh,010F00h-01FFFFh \
  -ACOMRAM=01h-05Fh -AABS1=00h-0EFFh -ABIGRAM=01h-0EFFh \
  -ARAM=060h-0FFh,0100h-01FFhx14 -ABANK0=060h-0FFh -ABANK1=0100h-01FFh \
  -ABANK2=0200h-02FFh -ABANK3=0300h-03FFh -ABANK4=0400h-04FFh \
  -ABANK5=0500h-05FFh -ABANK6=0600h-06FFh -ABANK7=0700h-07FFh \
  -ABANK8=0800h-08FFh -ABANK9=0900h-09FFh -ABANK10=0A00h-0AFFh \
  -ABANK11=0B00h-0BFFh -ABANK12=0C00h-0CFFh -ABANK13=0D00h-0DFFh \
  -ABANK14=0E00h-0EFFh -ASFR=0F60h-0FFFh -ABIGSFR=0F60h-0FFFh \
  -ACONFIG=0300000h-030000Dh -AIDLOC=0200000h-0200007h \
  -AEEDATA=0F00000h-0F003FFh -peeprom_data=EEDATA \
  -preset_vec=00h,intcode=08h,intcodelo,powerup,init -pramtop=0F00h \
  -psmallconst=SMALLCONST -pmediumconst=MEDIUMCONST -pconst=CONST \
  -AFARRAM=00h-00h \
  -prdata=COMRAM,nvrram=COMRAM,nvbit=COMRAM,rbss=COMRAM,rbit=COMRAM \
  -pfarbss=FARRAM,fardata=FARRAM,nvFARRAM=FARRAM \
  -pintsave_regs=BIGRAM,bigbss=BIGRAM,bigdata=BIGRAM -pbss=RAM \
  -pidata=CODE,irdata=CODE,ibigdata=CODE,ifardata=CODE -prparam=COMRAM \
  C:\Users\www\AppData\Local\Temp\xcAs9cg.o \
  dist/default/production\PIC18F8720_3_Timers.X.production.o 

Object code version is 3.11

Machine type is 18F8720



                Name                               Link     Load   Length Selector   Space Scale
C:\Users\www\AppData\Local\Temp\xcAs9cg.o
                idloc                            200000   200000        8        0       5
                config                           300000   300000        E        0       4
                init                                 48       48        4        4       0
                reset_vec                             0        0        6        0       0
dist/default/production\PIC18F8720_3_Timers.X.production.o
                intcode                               8        8       40        4       0
                idloc                            200000   200000        8        0       5
                config                           300000   300000        E        0       4
                temp                                 5D       5D        1        1       1
                smallconst                          F00      F00       E0      780       0
                text32                             2C6E     2C6E      186      7F0       0
                text31                             3A0A     3A0A        8      7F0       0
                text30                             3A02     3A02        8      7F0       0
                text29                             39FA     39FA        8      7F0       0
                text28                             39F2     39F2        8      7F0       0
                text27                             2AD4     2AD4      19A      7F0       0
                text26                             385A     385A       50      7F0       0
                text25                             370C     370C       76      7F0       0
                text24                             39A8     39A8       20      7F0       0
                text23                             395A     395A       28      7F0       0
                text22                             39C8     39C8       1C      7F0       0
                text21                             3536     3536       AA      7F0       0
                text20                             32BE     32BE      104      7F0       0
                text19                             38F0     38F0       38      7F0       0
                text18                             191C     191C      4C0      7F0       0
                text17                             38AA     38AA       46      7F0       0
                text16                             31B8     31B8      106      7F0       0
                text15                             35E0     35E0       A4      7F0       0
                text14                             3684     3684       88      7F0       0
                text13                             3982     3982       26      7F0       0
                text12                             2920     2920      1B4      7F0       0
                text11                             2F4A     2F4A      14C      7F0       0
                text10                             2DF4     2DF4      156      7F0       0
                text9                              2230     2230      42A      7F0       0
                text8                              3782     3782       74      7F0       0
                text7                              37F6     37F6       64      7F0       0
                text6                              265A     265A      2C6      7F0       0
                text5                              3928     3928       32      7F0       0
                text4                              33C2     33C2       C4      7F0       0
                text3                              3486     3486       B0      7F0       0
                text2                              1DDC     1DDC      454      7F0       0
                text1                               FE0      FE0      93C      7F0       0
                text0                              3096     3096      122      7F0       0
                cstackCOMRAM                          1        1       5A        1       1
                cstackBANK0                          60       60       31       60       1
                bssCOMRAM                            5B       5B        2        1       1
                cinit                              39E4     39E4        E      7F0       0

TOTAL           Name                               Link     Load   Length     Space
        CLASS   CODE           
                intcode                               8        8       40         0
                init                                 48       48        4         0
                reset_vec                             0        0        6         0
                text32                             2C6E     2C6E      186         0
                text31                             3A0A     3A0A        8         0
                text30                             3A02     3A02        8         0
                text29                             39FA     39FA        8         0
                text28                             39F2     39F2        8         0
                text27                             2AD4     2AD4      19A         0
                text26                             385A     385A       50         0
                text25                             370C     370C       76         0
                text24                             39A8     39A8       20         0
                text23                             395A     395A       28         0
                text22                             39C8     39C8       1C         0
                text21                             3536     3536       AA         0
                text20                             32BE     32BE      104         0
                text19                             38F0     38F0       38         0
                text18                             191C     191C      4C0         0
                text17                             38AA     38AA       46         0
                text16                             31B8     31B8      106         0
                text15                             35E0     35E0       A4         0
                text14                             3684     3684       88         0
                text13                             3982     3982       26         0
                text12                             2920     2920      1B4         0
                text11                             2F4A     2F4A      14C         0
                text10                             2DF4     2DF4      156         0
                text9                              2230     2230      42A         0
                text8                              3782     3782       74         0
                text7                              37F6     37F6       64         0
                text6                              265A     265A      2C6         0
                text5                              3928     3928       32         0
                text4                              33C2     33C2       C4         0
                text3                              3486     3486       B0         0
                text2                              1DDC     1DDC      454         0
                text1                               FE0      FE0      93C         0
                text0                              3096     3096      122         0
                cinit                              39E4     39E4        E         0

        CLASS   CONST          

        CLASS   SMALLCONST     
                smallconst                          F00      F00       E0         0

        CLASS   MEDIUMCONST    

        CLASS   COMRAM         
                temp                                 5D       5D        1         1
                cstackCOMRAM                          1        1       5A         1
                bssCOMRAM                            5B       5B        2         1

        CLASS   ABS1           

        CLASS   BIGRAM         

        CLASS   RAM            

        CLASS   BANK0          
                cstackBANK0                          60       60       31         1

        CLASS   BANK1          

        CLASS   BANK2          

        CLASS   BANK3          

        CLASS   BANK4          

        CLASS   BANK5          

        CLASS   BANK6          

        CLASS   BANK7          

        CLASS   BANK8          

        CLASS   BANK9          

        CLASS   BANK10         

        CLASS   BANK11         

        CLASS   BANK12         

        CLASS   BANK13         

        CLASS   BANK14         

        CLASS   SFR            

        CLASS   BIGSFR         

        CLASS   CONFIG         
                config                           300000   300000        E         4

        CLASS   IDLOC          
                idloc                            200000   200000        8         5

        CLASS   EEDATA         

        CLASS   FARRAM         

        CLASS   HEAP           

        CLASS   STACK          



SEGMENTS        Name                           Load    Length   Top    Selector   Space  Class

                reset_vec                      000000  000006  000006         0       0  CODE    
                cstackCOMRAM                   000001  00005D  00005E         1       1  COMRAM  
                intcode                        000008  000044  00004C         4       0  CODE    
                cstackBANK0                    000060  000031  000091        60       1  BANK0   
                smallconst                     000F00  0000E0  000FE0       780       0  SMALLCON
                text1                          000FE0  002A32  003A12       7F0       0  CODE    


UNUSED ADDRESS RANGES

        Name                Unused          Largest block    Delta
        BANK0            000091-0000FF               6F
        BANK1            000100-0001FF              100
        BANK10           000A00-000AFF              100
        BANK11           000B00-000BFF              100
        BANK12           000C00-000CFF              100
        BANK13           000D00-000DFF              100
        BANK14           000E00-000EFF              100
        BANK2            000200-0002FF              100
        BANK3            000300-0003FF              100
        BANK4            000400-0004FF              100
        BANK5            000500-0005FF              100
        BANK6            000600-0006FF              100
        BANK7            000700-0007FF              100
        BANK8            000800-0008FF              100
        BANK9            000900-0009FF              100
        BIGRAM           00005E-00005F                2
                         000091-000EFF              E6F
        BIGSFR           000F60-000FFF               A0
        CODE             000006-000007                2
                         00004C-000EFF              EB4
                         003A12-01FFFF            1C5EE
        COMRAM           00005E-00005F                2
        CONST            000006-000007                2
                         00004C-000EFF              EB4
                         003A12-01FFFF            1C5EE
        EEDATA           F00000-F003FF              400
        MEDIUMCONST      003A12-00FFFF             C5EE
                         010F00-01FFFF             F100
        RAM              000091-000EFF              100
        SFR              000F60-000FFF               A0
        SMALLCONST       003A12-01FFFF              100

                                  Symbol Table

?___awdiv                        cstackCOMRAM 000007
?___awmod                        cstackCOMRAM 000001
?___fladd                        cstackCOMRAM 000035
?___flmul                        cstackCOMRAM 00000F
?___flneg                        cstackCOMRAM 000001
?___flsub                        cstackCOMRAM 000045
?___fltol                        cstackCOMRAM 000031
?___lldiv                        cstackCOMRAM 000001
?___llmod                        cstackCOMRAM 000001
?___lwdiv                        cstackCOMRAM 000006
?___lwmod                        cstackCOMRAM 000001
?___wmul                         cstackCOMRAM 000001
?___xxtofl                       cstackCOMRAM 000001
?__div_to_l_                     cstackCOMRAM 000001
?__tdiv_to_l_                    cstackCOMRAM 000001
?_fround                         cstackCOMRAM 000028
?_scale                          cstackCOMRAM 000028
?_sprintf                        cstackCOMRAM 00004D
?_strlen                         cstackCOMRAM 000001
LCD_DATA@_4bit_                  cstackCOMRAM 00000A
LCD_DATA@_data                   cstackCOMRAM 000012
LCD_DATA@data                    cstackCOMRAM 000009
LCD_DATA@mode                    cstackCOMRAM 000001
LCD_DATA@x                       cstackCOMRAM 000013
LCD_DATA@x_851                   cstackCOMRAM 000015
LCD_DISPLAY@length               cstackCOMRAM 00001B
LCD_DISPLAY@string               cstackCOMRAM 000017
LCD_DISPLAY@x                    cstackCOMRAM 00001D
LCD_INSTRUCTION_4BIT@_4bit_      cstackCOMRAM 000008
LCD_INSTRUCTION_4BIT@data        cstackCOMRAM 000010
LCD_INSTRUCTION_4BIT@instruction cstackCOMRAM 000007
LCD_INSTRUCTION_4BIT@x           cstackCOMRAM 000011
LCD_INSTRUCTION_4BIT@x_857       cstackCOMRAM 000013
_CCP1CONbits                     (abs)        000FBD
_CCP2CONbits                     (abs)        000FBA
_INTCONbits                      (abs)        000FF2
_ISR                             intcode      000008
_LATDbits                        (abs)        000F8C
_LCD_20_LINE1                    text31       003A0A
_LCD_20_LINE2                    text30       003A02
_LCD_20_LINE3                    text29       0039FA
_LCD_20_LINE4                    text28       0039F2
_LCD_DATA                        text27       002AD4
_LCD_DISPLAY                     text25       00370C
_LCD_INITIALIZE_4BIT             text24       0039A8
_LCD_INSTRUCTION_4BIT            text32       002C6E
_LCD_SETUP_4BIT                  text23       00395A
_PORTBbits                       (abs)        000F81
_PORTDbits                       (abs)        000F83
_PORTJbits                       (abs)        000F88
_RCSTA1bits                      (abs)        000FAB
_RCSTA2bits                      (abs)        000F6B
_SSPCON1bits                     (abs)        000FC6
_T0CONbits                       (abs)        000FD5
_T1CONbits                       (abs)        000FCD
_TIMER0_Init                     text22       0039C8
_TMR0                            (abs)        000FD6
_TRISB3                          (abs)        007C9B
_TRISC0                          (abs)        007CA0
_TRISC1                          (abs)        007CA1
_TRISC2                          (abs)        007CA2
_TRISC3                          (abs)        007CA3
_TRISCbits                       (abs)        000F94
_TRISDbits                       (abs)        000F95
_TRISJ0                          (abs)        007CD0
_TRISJ1                          (abs)        007CD1
__HRAM                           (abs)        000000
__Habs1                          abs1         000000
__Hbank0                         bank0        000000
__Hbank1                         bank1        000000
__Hbank10                        bank10       000000
__Hbank11                        bank11       000000
__Hbank12                        bank12       000000
__Hbank13                        bank13       000000
__Hbank14                        bank14       000000
__Hbank2                         bank2        000000
__Hbank3                         bank3        000000
__Hbank4                         bank4        000000
__Hbank5                         bank5        000000
__Hbank6                         bank6        000000
__Hbank7                         bank7        000000
__Hbank8                         bank8        000000
__Hbank9                         bank9        000000
__Hbigbss                        bigbss       000000
__Hbigdata                       bigdata      000000
__Hbigram                        bigram       000000
__Hbigsfr                        bigsfr       000000
__Hbss                           bss          000000
__HbssCOMRAM                     bssCOMRAM    000000
__Hcinit                         cinit        000000
__Hclrtext                       clrtext      000000
__Hcomram                        comram       000000
__Hconfig                        config       30000E
__Hconst                         const        000000
__HcstackBANK0                   cstackBANK0  000000
__HcstackCOMRAM                  cstackCOMRAM 000000
__Hdata                          data         000000
__Heeprom_data                   eeprom_data  000000
__Hfarbss                        farbss       000000
__Hfardata                       fardata      000000
__Hheap                          heap         000000
__Hibigdata                      ibigdata     000000
__Hidata                         idata        000000
__Hidloc                         idloc        200008
__Hifardata                      ifardata     000000
__Hinit                          init         00004C
__Hintcode                       intcode      000048
__Hintcode_body                  intcode_body 000000
__Hintcodelo                     intcodelo    000048
__Hintentry                      intentry     000000
__Hintret                        intret       000000
__Hintsave_regs                  intsave_regs 000000
__Hirdata                        irdata       000000
__Hmediumconst                   mediumconst  000000
__HnvFARRAM                      nvFARRAM     000000
__Hnvbit                         nvbit        000000
__Hnvrram                        nvrram       000000
__Hparam                         rparam       000000
__Hpowerup                       powerup      000048
__Hram                           ram          000000
__Hramtop                        ramtop       000F00
__Hrbit                          rbit         000000
__Hrbss                          rbss         000000
__Hrdata                         rdata        000000
__Hreset_vec                     reset_vec    000006
__Hrparam                        rparam       000000
__Hsfr                           sfr          000000
__Hsmallconst                    smallconst   000FE0
__Hspace_0                       (abs)        003A12
__Hspace_1                       (abs)        000091
__Hspace_2                       (abs)        000000
__Hspace_4                       (abs)        60000E
__Hstack                         stack        000000
__Hstruct                        struct       000000
__Htemp                          temp         00005E
__Htext                          text         000000
__Htext0                         text0        000000
__Htext1                         text1        000000
__Htext10                        text10       000000
__Htext11                        text11       000000
__Htext12                        text12       000000
__Htext13                        text13       000000
__Htext14                        text14       000000
__Htext15                        text15       000000
__Htext16                        text16       000000
__Htext17                        text17       000000
__Htext18                        text18       000000
__Htext19                        text19       000000
__Htext2                         text2        000000
__Htext20                        text20       000000
__Htext21                        text21       000000
__Htext22                        text22       000000
__Htext23                        text23       000000
__Htext24                        text24       000000
__Htext25                        text25       000000
__Htext26                        text26       000000
__Htext27                        text27       000000
__Htext28                        text28       000000
__Htext29                        text29       000000
__Htext3                         text3        000000
__Htext30                        text30       000000
__Htext31                        text31       000000
__Htext32                        text32       000000
__Htext4                         text4        000000
__Htext5                         text5        000000
__Htext6                         text6        000000
__Htext7                         text7        000000
__Htext8                         text8        000000
__Htext9                         text9        000000
__LRAM                           (abs)        000001
__Labs1                          abs1         000000
__Lbank0                         bank0        000000
__Lbank1                         bank1        000000
__Lbank10                        bank10       000000
__Lbank11                        bank11       000000
__Lbank12                        bank12       000000
__Lbank13                        bank13       000000
__Lbank14                        bank14       000000
__Lbank2                         bank2        000000
__Lbank3                         bank3        000000
__Lbank4                         bank4        000000
__Lbank5                         bank5        000000
__Lbank6                         bank6        000000
__Lbank7                         bank7        000000
__Lbank8                         bank8        000000
__Lbank9                         bank9        000000
__Lbigbss                        bigbss       000000
__Lbigdata                       bigdata      000000
__Lbigram                        bigram       000000
__Lbigsfr                        bigsfr       000000
__Lbss                           bss          000000
__LbssCOMRAM                     bssCOMRAM    000000
__Lcinit                         cinit        000000
__Lclrtext                       clrtext      000000
__Lcomram                        comram       000000
__Lconfig                        config       000000
__Lconst                         const        000000
__LcstackBANK0                   cstackBANK0  000000
__LcstackCOMRAM                  cstackCOMRAM 000000
__Ldata                          data         000000
__Leeprom_data                   eeprom_data  000000
__Lfarbss                        farbss       000000
__Lfardata                       fardata      000000
__Lheap                          heap         000000
__Libigdata                      ibigdata     000000
__Lidata                         idata        000000
__Lidloc                         idloc        000000
__Lifardata                      ifardata     000000
__Linit                          init         000048
__Lintcode                       intcode      000008
__Lintcode_body                  intcode_body 000000
__Lintcodelo                     intcodelo    000048
__Lintentry                      intentry     000000
__Lintret                        intret       000000
__Lintsave_regs                  intsave_regs 000000
__Lirdata                        irdata       000000
__Lmediumconst                   mediumconst  000000
__LnvFARRAM                      nvFARRAM     000000
__Lnvbit                         nvbit        000000
__Lnvrram                        nvrram       000000
__Lparam                         rparam       000000
__Lpowerup                       powerup      000048
__Lram                           ram          000000
__Lramtop                        ramtop       000F00
__Lrbit                          rbit         000000
__Lrbss                          rbss         000000
__Lrdata                         rdata        000000
__Lreset_vec                     reset_vec    000000
__Lrparam                        rparam       000000
__Lsfr                           sfr          000000
__Lsmallconst                    smallconst   000F00
__Lspace_0                       (abs)        000000
__Lspace_1                       (abs)        000000
__Lspace_2                       (abs)        000000
__Lspace_4                       (abs)        000000
__Lstack                         stack        000000
__Lstruct                        struct       000000
__Ltemp                          temp         00005D
__Ltext                          text         000000
__Ltext0                         text0        000000
__Ltext1                         text1        000000
__Ltext10                        text10       000000
__Ltext11                        text11       000000
__Ltext12                        text12       000000
__Ltext13                        text13       000000
__Ltext14                        text14       000000
__Ltext15                        text15       000000
__Ltext16                        text16       000000
__Ltext17                        text17       000000
__Ltext18                        text18       000000
__Ltext19                        text19       000000
__Ltext2                         text2        000000
__Ltext20                        text20       000000
__Ltext21                        text21       000000
__Ltext22                        text22       000000
__Ltext23                        text23       000000
__Ltext24                        text24       000000
__Ltext25                        text25       000000
__Ltext26                        text26       000000
__Ltext27                        text27       000000
__Ltext28                        text28       000000
__Ltext29                        text29       000000
__Ltext3                         text3        000000
__Ltext30                        text30       000000
__Ltext31                        text31       000000
__Ltext32                        text32       000000
__Ltext4                         text4        000000
__Ltext5                         text5        000000
__Ltext6                         text6        000000
__Ltext7                         text7        000000
__Ltext8                         text8        000000
__Ltext9                         text9        000000
__S0                             (abs)        003A12
__S1                             (abs)        000091
__S4                             (abs)        000000
__S5                             (abs)        000000
___awdiv                         text4        0033C2
___awdiv@counter                 cstackCOMRAM 00000B
___awdiv@dividend                cstackCOMRAM 000007
___awdiv@divisor                 cstackCOMRAM 000009
___awdiv@quotient                cstackCOMRAM 00000D
___awdiv@sign                    cstackCOMRAM 00000C
___awmod                         text3        003486
___awmod@counter                 cstackCOMRAM 000005
___awmod@dividend                cstackCOMRAM 000001
___awmod@divisor                 cstackCOMRAM 000003
___awmod@sign                    cstackCOMRAM 000006
___extmem_base                   (abs)        020000
___fladd                         text18       00191C
___fladd@a                       cstackCOMRAM 000039
___fladd@aexp                    cstackCOMRAM 000042
___fladd@b                       cstackCOMRAM 000035
___fladd@bexp                    cstackCOMRAM 000043
___fladd@grs                     cstackCOMRAM 000044
___fladd@signs                   cstackCOMRAM 000041
___fleq                          text21       003536
___fleq@ff1                      cstackCOMRAM 000001
___fleq@ff2                      cstackCOMRAM 000005
___flge                          text20       0032BE
___flge@ff1                      cstackCOMRAM 000001
___flge@ff2                      cstackCOMRAM 000005
___flmul                         text9        002230
___flmul@a                       cstackCOMRAM 000013
___flmul@aexp                    cstackCOMRAM 000020
___flmul@b                       cstackCOMRAM 00000F
___flmul@bexp                    cstackCOMRAM 000021
___flmul@grs                     cstackCOMRAM 00001C
___flmul@prod                    cstackCOMRAM 000022
___flmul@sign                    cstackCOMRAM 00001B
___flmul@temp                    cstackCOMRAM 000026
___flneg                         text19       0038F0
___flneg@f1                      cstackCOMRAM 000001
___flsub                         text17       0038AA
___flsub@a                       cstackCOMRAM 000049
___flsub@b                       cstackCOMRAM 000045
___fltol                         text16       0031B8
___fltol@exp1                    cstackCOMRAM 00003A
___fltol@f1                      cstackCOMRAM 000031
___fltol@sign1                   cstackCOMRAM 000039
___heap_hi                       (abs)        000000
___heap_lo                       (abs)        000000
___inthi_sp                      stack        000000
___intlo_sp                      stack        000000
___lldiv                         text15       0035E0
___lldiv@counter                 cstackCOMRAM 00000D
___lldiv@dividend                cstackCOMRAM 000001
___lldiv@divisor                 cstackCOMRAM 000005
___lldiv@quotient                cstackCOMRAM 000009
___llmod                         text14       003684
___llmod@counter                 cstackCOMRAM 000009
___llmod@dividend                cstackCOMRAM 000001
___llmod@divisor                 cstackCOMRAM 000005
___lwdiv                         text8        003782
___lwdiv@counter                 cstackCOMRAM 00000C
___lwdiv@dividend                cstackCOMRAM 000006
___lwdiv@divisor                 cstackCOMRAM 000008
___lwdiv@quotient                cstackCOMRAM 00000A
___lwmod                         text7        0037F6
___lwmod@counter                 cstackCOMRAM 000005
___lwmod@dividend                cstackCOMRAM 000001
___lwmod@divisor                 cstackCOMRAM 000003
___param_bank                    (abs)        000000
___rparam_used                   (abs)        000001
___sp                            stack        000000
___wmul                          text13       003982
___wmul@multiplicand             cstackCOMRAM 000003
___wmul@multiplier               cstackCOMRAM 000001
___wmul@product                  cstackCOMRAM 000005
___xxtofl                        text12       002920
___xxtofl@arg                    cstackCOMRAM 00000B
___xxtofl@exp                    cstackCOMRAM 00000A
___xxtofl@sign                   cstackCOMRAM 000009
___xxtofl@val                    cstackCOMRAM 000001
__accesstop                      (abs)        000060
__activetblptr                   (abs)        000003
__div_to_l_                      text11       002F4A
__div_to_l_@cntr                 cstackCOMRAM 00000D
__div_to_l_@exp1                 cstackCOMRAM 00000E
__div_to_l_@f1                   cstackCOMRAM 000001
__div_to_l_@f2                   cstackCOMRAM 000005
__div_to_l_@quot                 cstackCOMRAM 000009
__end_of_ISR                     intcode      000048
__end_of_LCD_20_LINE1            text31       003A12
__end_of_LCD_20_LINE2            text30       003A0A
__end_of_LCD_20_LINE3            text29       003A02
__end_of_LCD_20_LINE4            text28       0039FA
__end_of_LCD_DATA                text27       002C6E
__end_of_LCD_DISPLAY             text25       003782
__end_of_LCD_INITIALIZE_4BIT     text24       0039C8
__end_of_LCD_INSTRUCTION_4BIT    text32       002DF4
__end_of_LCD_SETUP_4BIT          text23       003982
__end_of_TIMER0_Init             text22       0039E4
__end_of___awdiv                 text4        003486
__end_of___awmod                 text3        003536
__end_of___fladd                 text18       001DDC
__end_of___fleq                  text21       0035E0
__end_of___flge                  text20       0033C2
__end_of___flmul                 text9        00265A
__end_of___flneg                 text19       003928
__end_of___flsub                 text17       0038F0
__end_of___fltol                 text16       0032BE
__end_of___lldiv                 text15       003684
__end_of___llmod                 text14       00370C
__end_of___lwdiv                 text8        0037F6
__end_of___lwmod                 text7        00385A
__end_of___wmul                  text13       0039A8
__end_of___xxtofl                text12       002AD4
__end_of__div_to_l_              text11       003096
__end_of__initialization         cinit        0039E8
__end_of__npowers_               smallconst   000F69
__end_of__powers_                smallconst   000F35
__end_of__tdiv_to_l_             text10       002F4A
__end_of_dpowers                 smallconst   000F91
__end_of_fround                  text6        002920
__end_of_isdigit                 text5        00395A
__end_of_main                    text0        0031B8
__end_of_scale                   text2        002230
__end_of_sprintf                 text1        00191C
__end_of_strlen                  text26       0038AA
__initialization                 cinit        0039E4
__mediumconst                    mediumconst  000000
__npowers_                       smallconst   000F35
__pbssCOMRAM                     bssCOMRAM    00005B
__pcinit                         cinit        0039E4
__pcstackBANK0                   cstackBANK0  000060
__pcstackCOMRAM                  cstackCOMRAM 000001
__pintcode                       intcode      000008
__powers_                        smallconst   000F01
__psmallconst                    smallconst   000F00
__ptext0                         text0        003096
__ptext1                         text1        000FE0
__ptext10                        text10       002DF4
__ptext11                        text11       002F4A
__ptext12                        text12       002920
__ptext13                        text13       003982
__ptext14                        text14       003684
__ptext15                        text15       0035E0
__ptext16                        text16       0031B8
__ptext17                        text17       0038AA
__ptext18                        text18       00191C
__ptext19                        text19       0038F0
__ptext2                         text2        001DDC
__ptext20                        text20       0032BE
__ptext21                        text21       003536
__ptext22                        text22       0039C8
__ptext23                        text23       00395A
__ptext24                        text24       0039A8
__ptext25                        text25       00370C
__ptext26                        text26       00385A
__ptext27                        text27       002AD4
__ptext28                        text28       0039F2
__ptext29                        text29       0039FA
__ptext3                         text3        003486
__ptext30                        text30       003A02
__ptext31                        text31       003A0A
__ptext32                        text32       002C6E
__ptext4                         text4        0033C2
__ptext5                         text5        003928
__ptext6                         text6        00265A
__ptext7                         text7        0037F6
__ptext8                         text8        003782
__ptext9                         text9        002230
__ramtop                         ramtop       000F00
__smallconst                     smallconst   000F00
__tdiv_to_l_                     text10       002DF4
__tdiv_to_l_@cntr                cstackCOMRAM 000010
__tdiv_to_l_@exp1                cstackCOMRAM 000011
__tdiv_to_l_@f1                  cstackCOMRAM 000001
__tdiv_to_l_@f2                  cstackCOMRAM 000005
__tdiv_to_l_@quot                cstackCOMRAM 00000C
_count                           bssCOMRAM    00005B
_dpowers                         smallconst   000F69
_fround                          text6        00265A
_fround$1684                     cstackCOMRAM 000030
_fround$1685                     cstackCOMRAM 00002C
_isdigit                         text5        003928
_isdigit$1463                    cstackCOMRAM 000002
_main                            text0        003096
_scale                           text2        001DDC
_scale$1686                      cstackCOMRAM 00002C
_sprintf                         text1        000FE0
_sprintf$1687                    cstackBANK0  000060
_strlen                          text26       00385A
btemp                            temp         00005D
end_of_initialization            cinit        0039E8
fround@prec                      cstackCOMRAM 000034
int$flags                        temp         00005D
intlevel0                        text         000000
intlevel1                        text         000000
intlevel2                        text         000000
intlevel3                        text         000000
isa$std                          (abs)        000001
isa$xinst                        (abs)        000000
isdigit@c                        cstackCOMRAM 000003
main@counter                     cstackBANK0  00008D
main@s                           cstackBANK0  000079
scale@scl                        cstackCOMRAM 000030
sprintf@ap                       cstackBANK0  000064
sprintf@c                        cstackBANK0  000078
sprintf@eexp                     cstackBANK0  00006C
sprintf@f                        cstackCOMRAM 00004F
sprintf@flag                     cstackBANK0  000066
sprintf@fval                     cstackBANK0  000074
sprintf@prec                     cstackBANK0  000072
sprintf@sp                       cstackCOMRAM 00004D
sprintf@tmpval                   cstackBANK0  00006E
sprintf@val                      cstackBANK0  000068
stackhi                          (abs)        000000
stacklo                          (abs)        000000
start                            init         000048
start_initialization             cinit        0039E4
strlen@cp                        cstackCOMRAM 000003
strlen@s                         cstackCOMRAM 000001
ttemp5                           temp         00005E
ttemp6                           temp         000061
ttemp7                           temp         000065
wtemp8                           temp         00005E


MODULE INFORMATION

Module		Function		Class		Link	Load	Size
LCD.h
		_LCD_INSTRUCTION_4BIT		CODE           	2C6E	0000	390
		_LCD_DATA      		CODE           	2AD4	0000	410
		_LCD_DISPLAY   		CODE           	370C	0000	118
		_LCD_SETUP_4BIT		CODE           	395A	0000	40
		_LCD_INITIALIZE_4BIT		CODE           	39A8	0000	32
		_LCD_20_LINE1  		CODE           	3A0A	0000	8
		_LCD_20_LINE2  		CODE           	3A02	0000	8
		_LCD_20_LINE3  		CODE           	39FA	0000	8
		_LCD_20_LINE4  		CODE           	39F2	0000	8

LCD.h estimated size: 1022

C:\Program Files\Microchip\xc8\v2.36\pic\sources\c90\common\doprnt.c
		_scale         		CODE           	1DDC	0000	1108
		_sprintf       		CODE           	0FE0	0000	2364
		_fround        		CODE           	265A	0000	710

C:\Program Files\Microchip\xc8\v2.36\pic\sources\c90\common\doprnt.c estimated size: 4182

C:\Program Files\Microchip\xc8\v2.36\pic\sources\c90\common\lwmod.c
		___lwmod       		CODE           	37F6	0000	100

C:\Program Files\Microchip\xc8\v2.36\pic\sources\c90\common\lwmod.c estimated size: 100

C:\Program Files\Microchip\xc8\v2.36\pic\sources\c90\common\awmod.c
		___awmod       		CODE           	3486	0000	176

C:\Program Files\Microchip\xc8\v2.36\pic\sources\c90\common\awmod.c estimated size: 176

C:\Program Files\Microchip\xc8\v2.36\pic\sources\c90\common\llmod.c
		___llmod       		CODE           	3684	0000	136

C:\Program Files\Microchip\xc8\v2.36\pic\sources\c90\common\llmod.c estimated size: 136

C:\Program Files\Microchip\xc8\v2.36\pic\sources\c90\common\ftdivl.c
		__tdiv_to_l_   		CODE           	2DF4	0000	342

C:\Program Files\Microchip\xc8\v2.36\pic\sources\c90\common\ftdivl.c estimated size: 342

C:\Program Files\Microchip\xc8\v2.36\pic\sources\c90\common\Umul16.c
		___wmul        		CODE           	3982	0000	38

C:\Program Files\Microchip\xc8\v2.36\pic\sources\c90\common\Umul16.c estimated size: 38

C:\Program Files\Microchip\xc8\v2.36\pic\sources\c90\common\fleq.c
		___fleq        		CODE           	3536	0000	170

C:\Program Files\Microchip\xc8\v2.36\pic\sources\c90\common\fleq.c estimated size: 170

C:\Program Files\Microchip\xc8\v2.36\pic\sources\c90\common\fldivl.c
		__div_to_l_    		CODE           	2F4A	0000	332

C:\Program Files\Microchip\xc8\v2.36\pic\sources\c90\common\fldivl.c estimated size: 332

C:\Program Files\Microchip\xc8\v2.36\pic\sources\c90\common\lwdiv.c
		___lwdiv       		CODE           	3782	0000	116

C:\Program Files\Microchip\xc8\v2.36\pic\sources\c90\common\lwdiv.c estimated size: 116

C:\Program Files\Microchip\xc8\v2.36\pic\sources\c90\common\sprcmul.c
		___flmul       		CODE           	2230	0000	1066

C:\Program Files\Microchip\xc8\v2.36\pic\sources\c90\common\sprcmul.c estimated size: 1066

C:\Program Files\Microchip\xc8\v2.36\pic\sources\c90\common\awdiv.c
		___awdiv       		CODE           	33C2	0000	196

C:\Program Files\Microchip\xc8\v2.36\pic\sources\c90\common\awdiv.c estimated size: 196

C:\Program Files\Microchip\xc8\v2.36\pic\sources\c90\common\fltol.c
		___fltol       		CODE           	31B8	0000	262

C:\Program Files\Microchip\xc8\v2.36\pic\sources\c90\common\fltol.c estimated size: 262

C:\Program Files\Microchip\xc8\v2.36\pic\sources\c90\common\__lldiv.c
		___lldiv       		CODE           	35E0	0000	164

C:\Program Files\Microchip\xc8\v2.36\pic\sources\c90\common\__lldiv.c estimated size: 164

shared
		__powers_      		SMALLCONST     	0F01	0000	52
		_dpowers       		SMALLCONST     	0F69	0000	40
		__npowers_     		SMALLCONST     	0F35	0000	52
		__initialization		CODE           	39E4	0000	4

shared estimated size: 148

C:\Program Files\Microchip\xc8\v2.36\pic\sources\c90\common\xxtofl.c
		___xxtofl      		CODE           	2920	0000	436

C:\Program Files\Microchip\xc8\v2.36\pic\sources\c90\common\xxtofl.c estimated size: 436

C:\Program Files\Microchip\xc8\v2.36\pic\sources\c90\common\strlen.c
		_strlen        		CODE           	385A	0000	80

C:\Program Files\Microchip\xc8\v2.36\pic\sources\c90\common\strlen.c estimated size: 80

C:\Program Files\Microchip\xc8\v2.36\pic\sources\c90\common\flneg.c
		___flneg       		CODE           	38F0	0000	56

C:\Program Files\Microchip\xc8\v2.36\pic\sources\c90\common\flneg.c estimated size: 56

C:\Program Files\Microchip\xc8\v2.36\pic\sources\c90\common\isdigit.c
		_isdigit       		CODE           	3928	0000	50

C:\Program Files\Microchip\xc8\v2.36\pic\sources\c90\common\isdigit.c estimated size: 50

C:\Program Files\Microchip\xc8\v2.36\pic\sources\c90\common\sprcadd.c
		___flsub       		CODE           	38AA	0000	70
		___fladd       		CODE           	191C	0000	1216

C:\Program Files\Microchip\xc8\v2.36\pic\sources\c90\common\sprcadd.c estimated size: 1286

main.c
		_ISR           		CODE           	0008	0000	64
		_main          		CODE           	3096	0000	290
		_TIMER0_Init   		CODE           	39C8	0000	28

main.c estimated size: 382

C:\Program Files\Microchip\xc8\v2.36\pic\sources\c90\common\flge.c
		___flge        		CODE           	32BE	0000	260

C:\Program Files\Microchip\xc8\v2.36\pic\sources\c90\common\flge.c estimated size: 260

