Microchip MPLAB XC8 Compiler V2.36

Linker command line:

-W-3 --edf=C:\Program Files\Microchip\xc8\v2.36\pic\dat\en_msgs.txt -cn \
  -h+dist/default/production\PIC18F8720_2_Liquid_Crystal_Screen.X.production.sym \
  --cmf=dist/default/production\PIC18F8720_2_Liquid_Crystal_Screen.X.production.cmf \
  -z -Q18F8720 -oC:\Users\www\AppData\Local\Temp\xcAs5q8.4 \
  --defsym=__MPLAB_BUILD=1 \
  -Mdist/default/production/PIC18F8720_2_Liquid_Crystal_Screen.X.production.map \
  --md=C:\Users\www\AppData\Local\Temp\xcAs5q8.dat -E1 -ver=XC8 Compiler \
  --acfsm=1493 -ACODE=00h-01FFFFh -ACONST=00h-01FFFFh \
  -ASMALLCONST=0F00h-0FFFhx497 -AMEDIUMCONST=0F00h-0FFFFh,010F00h-01FFFFh \
  -ACOMRAM=01h-05Fh -AABS1=00h-0EFFh -ABIGRAM=01h-0EFFh \
  -ARAM=060h-0FFh,0100h-01FFhx14 -ABANK0=060h-0FFh -ABANK1=0100h-01FFh \
  -ABANK2=0200h-02FFh -ABANK3=0300h-03FFh -ABANK4=0400h-04FFh \
  -ABANK5=0500h-05FFh -ABANK6=0600h-06FFh -ABANK7=0700h-07FFh \
  -ABANK8=0800h-08FFh -ABANK9=0900h-09FFh -ABANK10=0A00h-0AFFh \
  -ABANK11=0B00h-0BFFh -ABANK12=0C00h-0CFFh -ABANK13=0D00h-0DFFh \
  -ABANK14=0E00h-0EFFh -ASFR=0F60h-0FFFh -ABIGSFR=0F60h-0FFFh \
  -ACONFIG=0300000h-030000Dh -AIDLOC=0200000h-0200007h \
  -AEEDATA=0F00000h-0F003FFh -peeprom_data=EEDATA \
  -preset_vec=00h,intcode,intcodelo,powerup,init -pramtop=0F00h \
  -psmallconst=SMALLCONST -pmediumconst=MEDIUMCONST -pconst=CONST \
  -AFARRAM=00h-00h \
  -prdata=COMRAM,nvrram=COMRAM,nvbit=COMRAM,rbss=COMRAM,rbit=COMRAM \
  -pfarbss=FARRAM,fardata=FARRAM,nvFARRAM=FARRAM \
  -pintsave_regs=BIGRAM,bigbss=BIGRAM,bigdata=BIGRAM -pbss=RAM \
  -pidata=CODE,irdata=CODE,ibigdata=CODE,ifardata=CODE -prparam=COMRAM \
  C:\Users\www\AppData\Local\Temp\xcAs5q8.o \
  dist/default/production\PIC18F8720_2_Liquid_Crystal_Screen.X.production.o 

Object code version is 3.11

Machine type is 18F8720



                Name                               Link     Load   Length Selector   Space Scale
C:\Users\www\AppData\Local\Temp\xcAs5q8.o
                idloc                            200000   200000        8        0       5
                config                           300000   300000        E        0       4
                init                                  2        2        4        0       0
                reset_vec                             0        0        2        0       0
dist/default/production\PIC18F8720_2_Liquid_Crystal_Screen.X.production.o
                idloc                            200000   200000        8        0       5
                config                           300000   300000        E        0       4
                smallconst                          F00      F00       3C      780       0
                text37                             2FDA     2FDA      186      79E       0
                text36                             3F0C     3F0C        8      79E       0
                text35                             3F04     3F04        8      79E       0
                text34                             2E40     2E40      19A      79E       0
                text33                             3C3C     3C3C       50      79E       0
                text32                             3A5E     3A5E       76      79E       0
                text31                             3EAE     3EAE       26      79E       0
                text30                             3E16     3E16       38      79E       0
                text29                             3BEA     3BEA       52      79E       0
                text28                             3160     3160      16A      79E       0
                text27                             377E     377E       C4      79E       0
                text26                             3904     3904       B0      79E       0
                text25                             2894     2894      39A      79E       0
                text24                             39B4     39B4       AA      79E       0
                text23                             33D0     33D0      104      79E       0
                text22                             246A     246A      42A      79E       0
                text21                             3DDE     3DDE       38      79E       0
                text20                             1B4C     1B4C      4C0      79E       0
                text19                             3D1C     3D1C       46      79E       0
                text18                             32CA     32CA      106      79E       0
                text17                             34D4     34D4       FE      79E       0
                text16                             2C2E     2C2E      212      79E       0
                text15                             3F14     3F14        2      79E       0
                text14                             36B4     36B4       CA      79E       0
                text13                             3D62     3D62       44      79E       0
                text12                             3842     3842       C2      79E       0
                text11                             3B3A     3B3A       5E      79E       0
                text10                             3DA6     3DA6       38      79E       0
                text9                              3CD6     3CD6       46      79E       0
                text8                               F3C      F3C      C10      79E       0
                text7                              35D2     35D2       E2      79E       0
                text6                              200C     200C      45E      79E       0
                text5                              3AD4     3AD4       66      79E       0
                text4                              3B98     3B98       52      79E       0
                text3                              3E4E     3E4E       34      79E       0
                text2                              3ED4     3ED4       20      79E       0
                text1                              3EF4     3EF4       10      79E       0
                text0                              3C8C     3C8C       4A      79E       0
                cstackCOMRAM                          1        1       54        1       1
                cstackBANK0                          60       60       5E       60       1
                bssBANK1                            100      100       50      100       1
                bssBANK0                             BE       BE        6       60       1
                bssCOMRAM                            55       55        A        1       1
                cinit                              3E82     3E82       2C      79E       0

TOTAL           Name                               Link     Load   Length     Space
        CLASS   CODE           
                init                                  2        2        4         0
                reset_vec                             0        0        2         0
                text37                             2FDA     2FDA      186         0
                text36                             3F0C     3F0C        8         0
                text35                             3F04     3F04        8         0
                text34                             2E40     2E40      19A         0
                text33                             3C3C     3C3C       50         0
                text32                             3A5E     3A5E       76         0
                text31                             3EAE     3EAE       26         0
                text30                             3E16     3E16       38         0
                text29                             3BEA     3BEA       52         0
                text28                             3160     3160      16A         0
                text27                             377E     377E       C4         0
                text26                             3904     3904       B0         0
                text25                             2894     2894      39A         0
                text24                             39B4     39B4       AA         0
                text23                             33D0     33D0      104         0
                text22                             246A     246A      42A         0
                text21                             3DDE     3DDE       38         0
                text20                             1B4C     1B4C      4C0         0
                text19                             3D1C     3D1C       46         0
                text18                             32CA     32CA      106         0
                text17                             34D4     34D4       FE         0
                text16                             2C2E     2C2E      212         0
                text15                             3F14     3F14        2         0
                text14                             36B4     36B4       CA         0
                text13                             3D62     3D62       44         0
                text12                             3842     3842       C2         0
                text11                             3B3A     3B3A       5E         0
                text10                             3DA6     3DA6       38         0
                text9                              3CD6     3CD6       46         0
                text8                               F3C      F3C      C10         0
                text7                              35D2     35D2       E2         0
                text6                              200C     200C      45E         0
                text5                              3AD4     3AD4       66         0
                text4                              3B98     3B98       52         0
                text3                              3E4E     3E4E       34         0
                text2                              3ED4     3ED4       20         0
                text1                              3EF4     3EF4       10         0
                text0                              3C8C     3C8C       4A         0
                cinit                              3E82     3E82       2C         0

        CLASS   CONST          

        CLASS   SMALLCONST     
                smallconst                          F00      F00       3C         0

        CLASS   MEDIUMCONST    

        CLASS   COMRAM         
                cstackCOMRAM                          1        1       54         1
                bssCOMRAM                            55       55        A         1

        CLASS   ABS1           

        CLASS   BIGRAM         

        CLASS   RAM            

        CLASS   BANK0          
                cstackBANK0                          60       60       5E         1
                bssBANK0                             BE       BE        6         1

        CLASS   BANK1          
                bssBANK1                            100      100       50         1

        CLASS   BANK2          

        CLASS   BANK3          

        CLASS   BANK4          

        CLASS   BANK5          

        CLASS   BANK6          

        CLASS   BANK7          

        CLASS   BANK8          

        CLASS   BANK9          

        CLASS   BANK10         

        CLASS   BANK11         

        CLASS   BANK12         

        CLASS   BANK13         

        CLASS   BANK14         

        CLASS   SFR            

        CLASS   BIGSFR         

        CLASS   CONFIG         
                config                           300000   300000        E         4

        CLASS   IDLOC          
                idloc                            200000   200000        8         5

        CLASS   EEDATA         

        CLASS   FARRAM         

        CLASS   HEAP           

        CLASS   STACK          



SEGMENTS        Name                           Load    Length   Top    Selector   Space  Class

                reset_vec                      000000  000006  000006         0       0  CODE    
                cstackCOMRAM                   000001  00005E  00005F         1       1  COMRAM  
                cstackBANK0                    000060  000064  0000C4        60       1  BANK0   
                bssBANK1                       000100  000050  000150       100       1  BANK1   
                smallconst                     000F00  00003C  000F3C       780       0  SMALLCON
                text8                          000F3C  002FDA  003F16       79E       0  CODE    


UNUSED ADDRESS RANGES

        Name                Unused          Largest block    Delta
        BANK0            0000C4-0000FF               3C
        BANK1            000150-0001FF               B0
        BANK10           000A00-000AFF              100
        BANK11           000B00-000BFF              100
        BANK12           000C00-000CFF              100
        BANK13           000D00-000DFF              100
        BANK14           000E00-000EFF              100
        BANK2            000200-0002FF              100
        BANK3            000300-0003FF              100
        BANK4            000400-0004FF              100
        BANK5            000500-0005FF              100
        BANK6            000600-0006FF              100
        BANK7            000700-0007FF              100
        BANK8            000800-0008FF              100
        BANK9            000900-0009FF              100
        BIGRAM           00005F-00005F                1
                         0000C4-0000FF               3C
                         000150-000EFF              DB0
        BIGSFR           000F60-000FFF               A0
        CODE             000006-000EFF              EFA
                         003F16-01FFFF            1C0EA
        COMRAM           00005F-00005F                1
        CONST            000006-000EFF              EFA
                         003F16-01FFFF            1C0EA
        EEDATA           F00000-F003FF              400
        MEDIUMCONST      003F16-00FFFF             C0EA
                         010F00-01FFFF             F100
        RAM              0000C4-0000FF               3C
                         000150-000EFF              100
        SFR              000F60-000FFF               A0
        SMALLCONST       003F16-01FFFF              100

                                  Symbol Table

?___awdiv                        cstackCOMRAM 000001
?___awmod                        cstackCOMRAM 000001
?___fladd                        cstackCOMRAM 000001
?___fldiv                        cstackCOMRAM 000001
?___flmul                        cstackCOMRAM 000001
?___flneg                        cstackCOMRAM 000001
?___flsub                        cstackCOMRAM 00001A
?___fltol                        cstackCOMRAM 000001
?___fpclassifyf                  cstackCOMRAM 000001
?___wmul                         cstackCOMRAM 000001
?_atoi                           cstackCOMRAM 000008
?_efgtoa                         cstackCOMRAM 00002E
?_floorf                         cstackCOMRAM 00001A
?_isdigit                        cstackCOMRAM 000001
?_isspace                        cstackCOMRAM 000001
?_isupper                        cstackCOMRAM 000001
?_pad                            cstackCOMRAM 000011
?_sprintf                        cstackBANK0  00009E
?_strlen                         cstackCOMRAM 000001
?_strncmp                        cstackCOMRAM 000001
?_tolower                        cstackCOMRAM 000007
?_vfpfcnvrt                      cstackBANK0  000092
?_vfprintf                       cstackBANK0  000098
LCD_DATA@_4bit_                  cstackCOMRAM 00000A
LCD_DATA@_data                   cstackCOMRAM 000012
LCD_DATA@data                    cstackCOMRAM 000009
LCD_DATA@mode                    cstackCOMRAM 000001
LCD_DATA@x                       cstackCOMRAM 000013
LCD_DATA@x_381                   cstackCOMRAM 000015
LCD_DISPLAY@length               cstackCOMRAM 00001B
LCD_DISPLAY@string               cstackCOMRAM 000017
LCD_DISPLAY@x                    cstackCOMRAM 00001D
LCD_DISPLAY_DIGIT@num            cstackBANK0  0000A6
LCD_DISPLAY_DIGIT@s              cstackBANK0  0000AA
LCD_INSTRUCTION_4BIT@_4bit_      cstackCOMRAM 000008
LCD_INSTRUCTION_4BIT@data        cstackCOMRAM 000010
LCD_INSTRUCTION_4BIT@instruction cstackCOMRAM 000007
LCD_INSTRUCTION_4BIT@x           cstackCOMRAM 000011
LCD_INSTRUCTION_4BIT@x_387       cstackCOMRAM 000013
_LCD_20_LINE1                    text36       003F0C
_LCD_20_LINE2                    text35       003F04
_LCD_DATA                        text34       002E40
_LCD_DISPLAY                     text32       003A5E
_LCD_DISPLAY_DIGIT               text3        003E4E
_LCD_INITIALIZE_4BIT             text2        003ED4
_LCD_INSTRUCTION_4BIT            text37       002FDA
_LCD_SETUP_4BIT                  text1        003EF4
_PORTBbits                       (abs)        000F81
_PORTJbits                       (abs)        000F88
_TRISBbits                       (abs)        000F93
_TRISFbits                       (abs)        000F97
_TRISHbits                       (abs)        000F99
_TRISJbits                       (abs)        000F9A
__HRAM                           (abs)        000000
__Habs1                          abs1         000000
__Hbank0                         bank0        000000
__Hbank1                         bank1        000000
__Hbank10                        bank10       000000
__Hbank11                        bank11       000000
__Hbank12                        bank12       000000
__Hbank13                        bank13       000000
__Hbank14                        bank14       000000
__Hbank2                         bank2        000000
__Hbank3                         bank3        000000
__Hbank4                         bank4        000000
__Hbank5                         bank5        000000
__Hbank6                         bank6        000000
__Hbank7                         bank7        000000
__Hbank8                         bank8        000000
__Hbank9                         bank9        000000
__Hbigbss                        bigbss       000000
__Hbigdata                       bigdata      000000
__Hbigram                        bigram       000000
__Hbigsfr                        bigsfr       000000
__Hbss                           bss          000000
__HbssBANK0                      bssBANK0     000000
__HbssBANK1                      bssBANK1     000000
__HbssCOMRAM                     bssCOMRAM    000000
__Hcinit                         cinit        000000
__Hclrtext                       clrtext      000000
__Hcomram                        comram       000000
__Hconfig                        config       30000E
__Hconst                         const        000000
__HcstackBANK0                   cstackBANK0  000000
__HcstackCOMRAM                  cstackCOMRAM 000000
__Hdata                          data         000000
__Heeprom_data                   eeprom_data  000000
__Hfarbss                        farbss       000000
__Hfardata                       fardata      000000
__Hheap                          heap         000000
__Hibigdata                      ibigdata     000000
__Hidata                         idata        000000
__Hidloc                         idloc        200008
__Hifardata                      ifardata     000000
__Hinit                          init         000006
__Hintcode                       intcode      000002
__Hintcode_body                  intcode_body 000000
__Hintcodelo                     intcodelo    000002
__Hintentry                      intentry     000000
__Hintret                        intret       000000
__Hintsave_regs                  intsave_regs 000000
__Hirdata                        irdata       000000
__Hmediumconst                   mediumconst  000000
__HnvFARRAM                      nvFARRAM     000000
__Hnvbit                         nvbit        000000
__Hnvrram                        nvrram       000000
__Hparam                         rparam       000000
__Hpowerup                       powerup      000002
__Hram                           ram          000000
__Hramtop                        ramtop       000F00
__Hrbit                          rbit         000000
__Hrbss                          rbss         000000
__Hrdata                         rdata        000000
__Hreset_vec                     reset_vec    000002
__Hrparam                        rparam       000000
__Hsfr                           sfr          000000
__Hsmallconst                    smallconst   000F3C
__Hspace_0                       (abs)        003F16
__Hspace_1                       (abs)        000150
__Hspace_2                       (abs)        000000
__Hspace_4                       (abs)        60000E
__Hstack                         stack        000000
__Hstruct                        struct       000000
__Htemp                          temp         000000
__Htext                          text         000000
__Htext0                         text0        000000
__Htext1                         text1        000000
__Htext10                        text10       000000
__Htext11                        text11       000000
__Htext12                        text12       000000
__Htext13                        text13       000000
__Htext14                        text14       000000
__Htext15                        text15       000000
__Htext16                        text16       000000
__Htext17                        text17       000000
__Htext18                        text18       000000
__Htext19                        text19       000000
__Htext2                         text2        000000
__Htext20                        text20       000000
__Htext21                        text21       000000
__Htext22                        text22       000000
__Htext23                        text23       000000
__Htext24                        text24       000000
__Htext25                        text25       000000
__Htext26                        text26       000000
__Htext27                        text27       000000
__Htext28                        text28       000000
__Htext29                        text29       000000
__Htext3                         text3        000000
__Htext30                        text30       000000
__Htext31                        text31       000000
__Htext32                        text32       000000
__Htext33                        text33       000000
__Htext34                        text34       000000
__Htext35                        text35       000000
__Htext36                        text36       000000
__Htext37                        text37       000000
__Htext4                         text4        000000
__Htext5                         text5        000000
__Htext6                         text6        000000
__Htext7                         text7        000000
__Htext8                         text8        000000
__Htext9                         text9        000000
__LRAM                           (abs)        000001
__Labs1                          abs1         000000
__Lbank0                         bank0        000000
__Lbank1                         bank1        000000
__Lbank10                        bank10       000000
__Lbank11                        bank11       000000
__Lbank12                        bank12       000000
__Lbank13                        bank13       000000
__Lbank14                        bank14       000000
__Lbank2                         bank2        000000
__Lbank3                         bank3        000000
__Lbank4                         bank4        000000
__Lbank5                         bank5        000000
__Lbank6                         bank6        000000
__Lbank7                         bank7        000000
__Lbank8                         bank8        000000
__Lbank9                         bank9        000000
__Lbigbss                        bigbss       000000
__Lbigdata                       bigdata      000000
__Lbigram                        bigram       000000
__Lbigsfr                        bigsfr       000000
__Lbss                           bss          000000
__LbssBANK0                      bssBANK0     000000
__LbssBANK1                      bssBANK1     000000
__LbssCOMRAM                     bssCOMRAM    000000
__Lcinit                         cinit        000000
__Lclrtext                       clrtext      000000
__Lcomram                        comram       000000
__Lconfig                        config       000000
__Lconst                         const        000000
__LcstackBANK0                   cstackBANK0  000000
__LcstackCOMRAM                  cstackCOMRAM 000000
__Ldata                          data         000000
__Leeprom_data                   eeprom_data  000000
__Lfarbss                        farbss       000000
__Lfardata                       fardata      000000
__Lheap                          heap         000000
__Libigdata                      ibigdata     000000
__Lidata                         idata        000000
__Lidloc                         idloc        000000
__Lifardata                      ifardata     000000
__Linit                          init         000002
__Lintcode                       intcode      000002
__Lintcode_body                  intcode_body 000000
__Lintcodelo                     intcodelo    000002
__Lintentry                      intentry     000000
__Lintret                        intret       000000
__Lintsave_regs                  intsave_regs 000000
__Lirdata                        irdata       000000
__Lmediumconst                   mediumconst  000000
__LnvFARRAM                      nvFARRAM     000000
__Lnvbit                         nvbit        000000
__Lnvrram                        nvrram       000000
__Lparam                         rparam       000000
__Lpowerup                       powerup      000002
__Lram                           ram          000000
__Lramtop                        ramtop       000F00
__Lrbit                          rbit         000000
__Lrbss                          rbss         000000
__Lrdata                         rdata        000000
__Lreset_vec                     reset_vec    000000
__Lrparam                        rparam       000000
__Lsfr                           sfr          000000
__Lsmallconst                    smallconst   000F00
__Lspace_0                       (abs)        000000
__Lspace_1                       (abs)        000000
__Lspace_2                       (abs)        000000
__Lspace_4                       (abs)        000000
__Lstack                         stack        000000
__Lstruct                        struct       000000
__Ltemp                          temp         000000
__Ltext                          text         000000
__Ltext0                         text0        000000
__Ltext1                         text1        000000
__Ltext10                        text10       000000
__Ltext11                        text11       000000
__Ltext12                        text12       000000
__Ltext13                        text13       000000
__Ltext14                        text14       000000
__Ltext15                        text15       000000
__Ltext16                        text16       000000
__Ltext17                        text17       000000
__Ltext18                        text18       000000
__Ltext19                        text19       000000
__Ltext2                         text2        000000
__Ltext20                        text20       000000
__Ltext21                        text21       000000
__Ltext22                        text22       000000
__Ltext23                        text23       000000
__Ltext24                        text24       000000
__Ltext25                        text25       000000
__Ltext26                        text26       000000
__Ltext27                        text27       000000
__Ltext28                        text28       000000
__Ltext29                        text29       000000
__Ltext3                         text3        000000
__Ltext30                        text30       000000
__Ltext31                        text31       000000
__Ltext32                        text32       000000
__Ltext33                        text33       000000
__Ltext34                        text34       000000
__Ltext35                        text35       000000
__Ltext36                        text36       000000
__Ltext37                        text37       000000
__Ltext4                         text4        000000
__Ltext5                         text5        000000
__Ltext6                         text6        000000
__Ltext7                         text7        000000
__Ltext8                         text8        000000
__Ltext9                         text9        000000
__S0                             (abs)        003F16
__S1                             (abs)        000150
__S4                             (abs)        000000
__S5                             (abs)        000000
___awdiv                         text27       00377E
___awdiv@counter                 cstackCOMRAM 000005
___awdiv@dividend                cstackCOMRAM 000001
___awdiv@divisor                 cstackCOMRAM 000003
___awdiv@quotient                cstackCOMRAM 000007
___awdiv@sign                    cstackCOMRAM 000006
___awmod                         text26       003904
___awmod@counter                 cstackCOMRAM 000005
___awmod@dividend                cstackCOMRAM 000001
___awmod@divisor                 cstackCOMRAM 000003
___awmod@sign                    cstackCOMRAM 000006
___extmem_base                   (abs)        020000
___fladd                         text20       001B4C
___fladd@a                       cstackCOMRAM 000005
___fladd@aexp                    cstackCOMRAM 00000E
___fladd@b                       cstackCOMRAM 000001
___fladd@bexp                    cstackCOMRAM 00000F
___fladd@grs                     cstackCOMRAM 000010
___fladd@signs                   cstackCOMRAM 00000D
___fldiv                         text25       002894
___fldiv@a                       cstackCOMRAM 000005
___fldiv@aexp                    cstackCOMRAM 000019
___fldiv@b                       cstackCOMRAM 000001
___fldiv@bexp                    cstackCOMRAM 000018
___fldiv@grs                     cstackCOMRAM 000014
___fldiv@new_exp                 cstackCOMRAM 000012
___fldiv@rem                     cstackCOMRAM 00000D
___fldiv@sign                    cstackCOMRAM 000011
___fleq                          text24       0039B4
___fleq@ff1                      cstackCOMRAM 000001
___fleq@ff2                      cstackCOMRAM 000005
___flge                          text23       0033D0
___flge@ff1                      cstackCOMRAM 00001A
___flge@ff2                      cstackCOMRAM 00001E
___flmul                         text22       00246A
___flmul@a                       cstackCOMRAM 000005
___flmul@aexp                    cstackCOMRAM 000012
___flmul@b                       cstackCOMRAM 000001
___flmul@bexp                    cstackCOMRAM 000013
___flmul@grs                     cstackCOMRAM 00000E
___flmul@prod                    cstackCOMRAM 000014
___flmul@sign                    cstackCOMRAM 00000D
___flmul@temp                    cstackCOMRAM 000018
___flneg                         text21       003DDE
___flneg@f1                      cstackCOMRAM 000001
___flsub                         text19       003D1C
___flsub@a                       cstackCOMRAM 00001E
___flsub@b                       cstackCOMRAM 00001A
___fltol                         text18       0032CA
___fltol@exp1                    cstackCOMRAM 00000A
___fltol@f1                      cstackCOMRAM 000001
___fltol@sign1                   cstackCOMRAM 000009
___fpclassifyf                   text17       0034D4
___fpclassifyf@F465              bssCOMRAM    000055
___fpclassifyf@e                 cstackCOMRAM 000009
___fpclassifyf@u                 cstackCOMRAM 00000B
___fpclassifyf@x                 cstackCOMRAM 000001
___heap_hi                       (abs)        000000
___heap_lo                       (abs)        000000
___inthi_sp                      stack        000000
___intlo_sp                      stack        000000
___param_bank                    (abs)        000000
___rparam_used                   (abs)        000001
___sp                            stack        000000
___wmul                          text31       003EAE
___wmul@multiplicand             cstackCOMRAM 000003
___wmul@multiplier               cstackCOMRAM 000001
___wmul@product                  cstackCOMRAM 000005
__accesstop                      (abs)        000060
__activetblptr                   (abs)        000003
__end_of_LCD_20_LINE1            text36       003F14
__end_of_LCD_20_LINE2            text35       003F0C
__end_of_LCD_DATA                text34       002FDA
__end_of_LCD_DISPLAY             text32       003AD4
__end_of_LCD_DISPLAY_DIGIT       text3        003E82
__end_of_LCD_INITIALIZE_4BIT     text2        003EF4
__end_of_LCD_INSTRUCTION_4BIT    text37       003160
__end_of_LCD_SETUP_4BIT          text1        003F04
__end_of___awdiv                 text27       003842
__end_of___awmod                 text26       0039B4
__end_of___fladd                 text20       00200C
__end_of___fldiv                 text25       002C2E
__end_of___fleq                  text24       003A5E
__end_of___flge                  text23       0034D4
__end_of___flmul                 text22       002894
__end_of___flneg                 text21       003E16
__end_of___flsub                 text19       003D62
__end_of___fltol                 text18       0033D0
__end_of___fpclassifyf           text17       0035D2
__end_of___wmul                  text31       003ED4
__end_of__initialization         cinit        003EA8
__end_of_atoi                    text28       0032CA
__end_of_efgtoa                  text8        001B4C
__end_of_floorf                  text16       002E40
__end_of_fputc                   text14       00377E
__end_of_fputs                   text13       003DA6
__end_of_isdigit                 text30       003E4E
__end_of_isspace                 text29       003C3C
__end_of_isupper                 text10       003DDE
__end_of_main                    text0        003CD6
__end_of_pad                     text12       003904
__end_of_putch                   text15       003F16
__end_of_sprintf                 text4        003BEA
__end_of_strcpy                  text11       003B98
__end_of_strlen                  text33       003C8C
__end_of_strncmp                 text7        0036B4
__end_of_tolower                 text9        003D1C
__end_of_vfpfcnvrt               text6        00246A
__end_of_vfprintf                text5        003B3A
__initialization                 cinit        003E82
__mediumconst                    mediumconst  000000
__pbssBANK0                      bssBANK0     0000BE
__pbssBANK1                      bssBANK1     000100
__pbssCOMRAM                     bssCOMRAM    000055
__pcinit                         cinit        003E82
__pcstackBANK0                   cstackBANK0  000060
__pcstackCOMRAM                  cstackCOMRAM 000001
__psmallconst                    smallconst   000F00
__ptext0                         text0        003C8C
__ptext1                         text1        003EF4
__ptext10                        text10       003DA6
__ptext11                        text11       003B3A
__ptext12                        text12       003842
__ptext13                        text13       003D62
__ptext14                        text14       0036B4
__ptext15                        text15       003F14
__ptext16                        text16       002C2E
__ptext17                        text17       0034D4
__ptext18                        text18       0032CA
__ptext19                        text19       003D1C
__ptext2                         text2        003ED4
__ptext20                        text20       001B4C
__ptext21                        text21       003DDE
__ptext22                        text22       00246A
__ptext23                        text23       0033D0
__ptext24                        text24       0039B4
__ptext25                        text25       002894
__ptext26                        text26       003904
__ptext27                        text27       00377E
__ptext28                        text28       003160
__ptext29                        text29       003BEA
__ptext3                         text3        003E4E
__ptext30                        text30       003E16
__ptext31                        text31       003EAE
__ptext32                        text32       003A5E
__ptext33                        text33       003C3C
__ptext34                        text34       002E40
__ptext35                        text35       003F04
__ptext36                        text36       003F0C
__ptext37                        text37       002FDA
__ptext4                         text4        003B98
__ptext5                         text5        003AD4
__ptext6                         text6        00200C
__ptext7                         text7        0035D2
__ptext8                         text8        000F3C
__ptext9                         text9        003CD6
__ramtop                         ramtop       000F00
__smallconst                     smallconst   000F00
_atoi                            text28       003160
_dbuf                            bssBANK1     000100
_efgtoa                          text8        000F3C
_efgtoa$986                      cstackBANK0  000060
_efgtoa$994                      cstackBANK0  000062
_efgtoa$995                      cstackBANK0  000064
_flags                           bssCOMRAM    00005D
_floorf                          text16       002C2E
_fputc                           text14       0036B4
_fputs                           text13       003D62
_isdigit                         text30       003E16
_isspace                         text29       003BEA
_isspace$1073                    cstackCOMRAM 000007
_isupper                         text10       003DA6
_main                            text0        003C8C
_nout                            bssBANK0     0000C2
_pad                             text12       003842
_prec                            bssCOMRAM    00005B
_putch                           text15       003F14
_sprintf                         text4        003B98
_strcpy                          text11       003B3A
_strlen                          text33       003C3C
_strncmp                         text7        0035D2
_tolower                         text9        003CD6
_vfpfcnvrt                       text6        00200C
_vfprintf                        text5        003AD4
_width                           bssCOMRAM    000059
atoi@n                           cstackCOMRAM 000010
atoi@neg                         cstackCOMRAM 00000E
atoi@s                           cstackCOMRAM 000008
efgtoa@c                         cstackCOMRAM 000034
efgtoa@d                         cstackBANK0  000072
efgtoa@e                         cstackBANK0  00008A
efgtoa@f                         cstackCOMRAM 000030
efgtoa@fp                        cstackCOMRAM 00002E
efgtoa@g                         cstackBANK0  000086
efgtoa@h                         cstackBANK0  00007C
efgtoa@i                         cstackBANK0  000084
efgtoa@l                         cstackBANK0  000080
efgtoa@m                         cstackBANK0  00006C
efgtoa@mode                      cstackBANK0  00007B
efgtoa@n                         cstackBANK0  00008C
efgtoa@ne                        cstackBANK0  00006A
efgtoa@nmode                     cstackBANK0  00007A
efgtoa@ou                        cstackBANK0  00006E
efgtoa@p                         cstackBANK0  000076
efgtoa@pp                        cstackBANK0  000068
efgtoa@sign                      cstackBANK0  000074
efgtoa@t                         cstackBANK0  000066
efgtoa@u                         cstackBANK0  00008E
efgtoa@w                         cstackBANK0  000078
end_of_initialization            cinit        003EA8
floorf@F526                      bssBANK0     0000BE
floorf@e                         cstackCOMRAM 000028
floorf@m                         cstackCOMRAM 000024
floorf@u                         cstackCOMRAM 00002A
floorf@x                         cstackCOMRAM 00001A
fputc@c                          cstackCOMRAM 000001
fputc@fp                         cstackCOMRAM 000003
fputs@c                          cstackCOMRAM 00000E
fputs@fp                         cstackCOMRAM 00000C
fputs@i                          cstackCOMRAM 00000F
fputs@s                          cstackCOMRAM 00000A
intlevel0                        text         000000
intlevel1                        text         000000
intlevel2                        text         000000
intlevel3                        text         000000
isa$std                          (abs)        000001
isa$xinst                        (abs)        000000
isdigit@c                        cstackCOMRAM 000001
isspace@c                        cstackCOMRAM 000001
isupper@c                        cstackCOMRAM 000001
pad@buf                          cstackCOMRAM 000013
pad@fp                           cstackCOMRAM 000011
pad@i                            cstackCOMRAM 000018
pad@p                            cstackCOMRAM 000015
pad@w                            cstackCOMRAM 00001A
sprintf@ap                       cstackCOMRAM 000048
sprintf@f                        cstackCOMRAM 00004A
sprintf@fmt                      cstackBANK0  0000A0
sprintf@s                        cstackBANK0  00009E
stackhi                          (abs)        000000
stacklo                          (abs)        000000
start                            init         000002
start_initialization             cinit        003E82
strcpy@d                         cstackCOMRAM 000009
strcpy@dest                      cstackCOMRAM 000001
strcpy@s                         cstackCOMRAM 000007
strcpy@src                       cstackCOMRAM 000003
strlen@a                         cstackCOMRAM 000003
strlen@s                         cstackCOMRAM 000001
strncmp@_l                       cstackCOMRAM 000001
strncmp@_r                       cstackCOMRAM 000003
strncmp@l                        cstackCOMRAM 000008
strncmp@n                        cstackCOMRAM 000005
strncmp@r                        cstackCOMRAM 00000A
tolower@c                        cstackCOMRAM 000007
vfpfcnvrt@ap                     cstackBANK0  000096
vfpfcnvrt@c                      cstackCOMRAM 000045
vfpfcnvrt@ct                     cstackCOMRAM 000042
vfpfcnvrt@f                      cstackCOMRAM 00003E
vfpfcnvrt@fmt                    cstackBANK0  000094
vfpfcnvrt@fp                     cstackBANK0  000092
vfprintf@ap                      cstackBANK0  00009C
vfprintf@cfmt                    cstackCOMRAM 000046
vfprintf@fmt                     cstackBANK0  00009A
vfprintf@fp                      cstackBANK0  000098


MODULE INFORMATION

Module		Function		Class		Link	Load	Size
C:\Program Files\Microchip\xc8\v2.36\pic\sources\c99\common\putch.c
		_putch         		CODE           	3F14	0000	2

C:\Program Files\Microchip\xc8\v2.36\pic\sources\c99\common\putch.c estimated size: 2

C:\Program Files\Microchip\xc8\v2.36\pic\sources\c99\common\nf_fputs.c
		_fputs         		CODE           	3D62	0000	68

C:\Program Files\Microchip\xc8\v2.36\pic\sources\c99\common\nf_fputs.c estimated size: 68

C:\Program Files\Microchip\xc8\v2.36\pic\sources\c99\common\strncmp.c
		_strncmp       		CODE           	35D2	0000	226

C:\Program Files\Microchip\xc8\v2.36\pic\sources\c99\common\strncmp.c estimated size: 226

C:\Program Files\Microchip\xc8\v2.36\pic\sources\c99\common\tolower.c
		_tolower       		CODE           	3CD6	0000	70

C:\Program Files\Microchip\xc8\v2.36\pic\sources\c99\common\tolower.c estimated size: 70

C:\Program Files\Microchip\xc8\v2.36\pic\sources\c99\common\__fpclassifyf.c
		___fpclassifyf 		CODE           	34D4	0000	254

C:\Program Files\Microchip\xc8\v2.36\pic\sources\c99\common\__fpclassifyf.c estimated size: 254

C:\Program Files\Microchip\xc8\v2.36\pic\sources\c99\common\sprcmul.c
		___flmul       		CODE           	246A	0000	1066

C:\Program Files\Microchip\xc8\v2.36\pic\sources\c99\common\sprcmul.c estimated size: 1066

C:\Program Files\Microchip\xc8\v2.36\pic\sources\c99\common\floorf.c
		_floorf        		CODE           	2C2E	0000	530

C:\Program Files\Microchip\xc8\v2.36\pic\sources\c99\common\floorf.c estimated size: 530

C:\Program Files\Microchip\xc8\v2.36\pic\sources\c99\common\sprcdiv.c
		___fldiv       		CODE           	2894	0000	922

C:\Program Files\Microchip\xc8\v2.36\pic\sources\c99\common\sprcdiv.c estimated size: 922

C:\Program Files\Microchip\xc8\v2.36\pic\sources\c99\common\atoi.c
		_atoi          		CODE           	3160	0000	362

C:\Program Files\Microchip\xc8\v2.36\pic\sources\c99\common\atoi.c estimated size: 362

C:\Program Files\Microchip\xc8\v2.36\pic\sources\c99\common\fleq.c
		___fleq        		CODE           	39B4	0000	170

C:\Program Files\Microchip\xc8\v2.36\pic\sources\c99\common\fleq.c estimated size: 170

C:\Program Files\Microchip\xc8\v2.36\pic\sources\c99\common\awmod.c
		___awmod       		CODE           	3904	0000	176

C:\Program Files\Microchip\xc8\v2.36\pic\sources\c99\common\awmod.c estimated size: 176

C:\Program Files\Microchip\xc8\v2.36\pic\sources\c99\common\nf_sprintf.c
		_sprintf       		CODE           	3B98	0000	82

C:\Program Files\Microchip\xc8\v2.36\pic\sources\c99\common\nf_sprintf.c estimated size: 82

C:\Program Files\Microchip\xc8\v2.36\pic\sources\c99\common\isspace.c
		_isspace       		CODE           	3BEA	0000	82

C:\Program Files\Microchip\xc8\v2.36\pic\sources\c99\common\isspace.c estimated size: 82

C:\Program Files\Microchip\xc8\v2.36\pic\sources\c99\common\strlen.c
		_strlen        		CODE           	3C3C	0000	80

C:\Program Files\Microchip\xc8\v2.36\pic\sources\c99\common\strlen.c estimated size: 80

C:\Program Files\Microchip\xc8\v2.36\pic\sources\c99\common\strcpy.c
		_strcpy        		CODE           	3B3A	0000	94

C:\Program Files\Microchip\xc8\v2.36\pic\sources\c99\common\strcpy.c estimated size: 94

./LCD.h
		_LCD_DISPLAY_DIGIT		CODE           	3E4E	0000	52
		_LCD_INSTRUCTION_4BIT		CODE           	2FDA	0000	390
		_LCD_DATA      		CODE           	2E40	0000	410
		_LCD_DISPLAY   		CODE           	3A5E	0000	118
		_LCD_SETUP_4BIT		CODE           	3EF4	0000	16
		_LCD_INITIALIZE_4BIT		CODE           	3ED4	0000	32
		_LCD_20_LINE1  		CODE           	3F0C	0000	8
		_LCD_20_LINE2  		CODE           	3F04	0000	8

./LCD.h estimated size: 1034

C:\Program Files\Microchip\xc8\v2.36\pic\sources\c99\common\nf_fputc.c
		_fputc         		CODE           	36B4	0000	202

C:\Program Files\Microchip\xc8\v2.36\pic\sources\c99\common\nf_fputc.c estimated size: 202

C:\Program Files\Microchip\xc8\v2.36\pic\sources\c99\common\isdigit.c
		_isdigit       		CODE           	3E16	0000	56

C:\Program Files\Microchip\xc8\v2.36\pic\sources\c99\common\isdigit.c estimated size: 56

C:\Program Files\Microchip\xc8\v2.36\pic\sources\c99\common\sprcadd.c
		___flsub       		CODE           	3D1C	0000	70
		___fladd       		CODE           	1B4C	0000	1216

C:\Program Files\Microchip\xc8\v2.36\pic\sources\c99\common\sprcadd.c estimated size: 1286

C:\Program Files\Microchip\xc8\v2.36\pic\sources\c99\common\awdiv.c
		___awdiv       		CODE           	377E	0000	196

C:\Program Files\Microchip\xc8\v2.36\pic\sources\c99\common\awdiv.c estimated size: 196

C:\Program Files\Microchip\xc8\v2.36\pic\sources\c99\common\doprnt.c
		_vfpfcnvrt     		CODE           	200C	0000	1118
		_efgtoa        		CODE           	0F3C	0000	3088
		_pad           		CODE           	3842	0000	194
		_vfprintf      		CODE           	3AD4	0000	102

C:\Program Files\Microchip\xc8\v2.36\pic\sources\c99\common\doprnt.c estimated size: 4502

C:\Program Files\Microchip\xc8\v2.36\pic\sources\c99\common\fltol.c
		___fltol       		CODE           	32CA	0000	262

C:\Program Files\Microchip\xc8\v2.36\pic\sources\c99\common\fltol.c estimated size: 262

shared
		__initialization		CODE           	3E82	0000	38

shared estimated size: 38

C:\Program Files\Microchip\xc8\v2.36\pic\sources\c99\common\flge.c
		___flge        		CODE           	33D0	0000	260

C:\Program Files\Microchip\xc8\v2.36\pic\sources\c99\common\flge.c estimated size: 260

main.c
		_main          		CODE           	3C8C	0000	74

main.c estimated size: 74

C:\Program Files\Microchip\xc8\v2.36\pic\sources\c99\common\Umul16.c
		___wmul        		CODE           	3EAE	0000	38

C:\Program Files\Microchip\xc8\v2.36\pic\sources\c99\common\Umul16.c estimated size: 38

C:\Program Files\Microchip\xc8\v2.36\pic\sources\c99\common\flneg.c
		___flneg       		CODE           	3DDE	0000	56

C:\Program Files\Microchip\xc8\v2.36\pic\sources\c99\common\flneg.c estimated size: 56

C:\Program Files\Microchip\xc8\v2.36\pic\sources\c99\common\isupper.c
		_isupper       		CODE           	3DA6	0000	56

C:\Program Files\Microchip\xc8\v2.36\pic\sources\c99\common\isupper.c estimated size: 56

