Microchip MPLAB XC8 Compiler V2.36

Linker command line:

-W-3 --edf=C:\Program Files\Microchip\xc8\v2.36\pic\dat\en_msgs.txt -cn \
  -h+dist/default/production\PIC18F8720_6_PWM.X.production.sym \
  --cmf=dist/default/production\PIC18F8720_6_PWM.X.production.cmf -z \
  -Q18F8720 -oC:\Users\www\AppData\Local\Temp\xcAse3k.4 \
  --defsym=__MPLAB_BUILD=1 \
  -Mdist/default/production/PIC18F8720_6_PWM.X.production.map \
  --md=C:\Users\www\AppData\Local\Temp\xcAse3k.dat -E1 -ver=XC8 Compiler \
  --acfsm=1493 -ACODE=00h-01FFFFh -ACONST=00h-01FFFFh \
  -ASMALLCONST=0F00h-0FFFhx497 -AMEDIUMCONST=0F00h-0FFFFh,010F00h-01FFFFh \
  -ACOMRAM=01h-05Fh -AABS1=00h-0EFFh -ABIGRAM=01h-0EFFh \
  -ARAM=060h-0FFh,0100h-01FFhx14 -ABANK0=060h-0FFh -ABANK1=0100h-01FFh \
  -ABANK2=0200h-02FFh -ABANK3=0300h-03FFh -ABANK4=0400h-04FFh \
  -ABANK5=0500h-05FFh -ABANK6=0600h-06FFh -ABANK7=0700h-07FFh \
  -ABANK8=0800h-08FFh -ABANK9=0900h-09FFh -ABANK10=0A00h-0AFFh \
  -ABANK11=0B00h-0BFFh -ABANK12=0C00h-0CFFh -ABANK13=0D00h-0DFFh \
  -ABANK14=0E00h-0EFFh -ASFR=0F60h-0FFFh -ABIGSFR=0F60h-0FFFh \
  -ACONFIG=0300000h-030000Dh -AIDLOC=0200000h-0200007h \
  -AEEDATA=0F00000h-0F003FFh -peeprom_data=EEDATA \
  -preset_vec=00h,intcode,intcodelo,powerup,init -pramtop=0F00h \
  -psmallconst=SMALLCONST -pmediumconst=MEDIUMCONST -pconst=CONST \
  -AFARRAM=00h-00h \
  -prdata=COMRAM,nvrram=COMRAM,nvbit=COMRAM,rbss=COMRAM,rbit=COMRAM \
  -pfarbss=FARRAM,fardata=FARRAM,nvFARRAM=FARRAM \
  -pintsave_regs=BIGRAM,bigbss=BIGRAM,bigdata=BIGRAM -pbss=RAM \
  -pidata=CODE,irdata=CODE,ibigdata=CODE,ifardata=CODE -prparam=COMRAM \
  C:\Users\www\AppData\Local\Temp\xcAse3k.o \
  dist/default/production\PIC18F8720_6_PWM.X.production.o 

Object code version is 3.11

Machine type is 18F8720



                Name                               Link     Load   Length Selector   Space Scale
C:\Users\www\AppData\Local\Temp\xcAse3k.o
                idloc                            200000   200000        8        0       5
                config                           300000   300000        E        0       4
                init                                  2        2        4        0       0
                reset_vec                             0        0        2        0       0
dist/default/production\PIC18F8720_6_PWM.X.production.o
                idloc                            200000   200000        8        0       5
                config                           300000   300000        E        0       4
                smallconst                          F00      F00       3E      780       0
                text52                             478E     478E       28      79F       0
                text51                             410A     410A       9C      79F       0
                text50                             3192     3192      182      79F       0
                text49                             4866     4866        8      79F       0
                text48                             485E     485E        8      79F       0
                text47                             2FFC     2FFC      196      79F       0
                text46                             4592     4592       50      79F       0
                text45                             41A6     41A6       76      79F       0
                text44                             47B6     47B6       26      79F       0
                text43                             4722     4722       38      79F       0
                text42                             44F0     44F0       52      79F       0
                text41                             3314     3314      16A      79F       0
                text40                             3E30     3E30       C4      79F       0
                text39                             3FB0     3FB0       B0      79F       0
                text38                             289C     289C      39A      79F       0
                text37                             4060     4060       AA      79F       0
                text36                             39BA     39BA      106      79F       0
                text35                             2472     2472      42A      79F       0
                text34                             46EA     46EA       38      79F       0
                text33                             1B48     1B48      4C0      79F       0
                text32                             4628     4628       46      79F       0
                text31                             38B4     38B4      106      79F       0
                text30                             3AC0     3AC0       FE      79F       0
                text29                             2C36     2C36      212      79F       0
                text28                             486E     486E        2      79F       0
                text27                             3CA0     3CA0       CA      79F       0
                text26                             466E     466E       44      79F       0
                text25                             3D6A     3D6A       C6      79F       0
                text24                             4440     4440       5E      79F       0
                text23                             46B2     46B2       38      79F       0
                text22                             45E2     45E2       46      79F       0
                text21                              F3E      F3E      C0A      79F       0
                text20                             3BBE     3BBE       E2      79F       0
                text19                             2008     2008      46A      79F       0
                text18                             43DA     43DA       66      79F       0
                text17                             449E     449E       52      79F       0
                text16                             475A     475A       34      79F       0
                text15                             47DC     47DC       20      79F       0
                text14                             4850     4850        E      79F       0
                text13                             37A8     37A8      10C      79F       0
                text12                             4542     4542       50      79F       0
                text11                             2E48     2E48      1B4      79F       0
                text10                             369A     369A      10E      79F       0
                text9                              436C     436C       6E      79F       0
                text8                              483E     483E       12      79F       0
                text7                              358C     358C      10E      79F       0
                text6                              42FE     42FE       6E      79F       0
                text5                              482C     482C       12      79F       0
                text4                              347E     347E      10E      79F       0
                text3                              4290     4290       6E      79F       0
                text2                              481A     481A       12      79F       0
                text1                              421C     421C       74      79F       0
                text0                              3EF4     3EF4       BC      79F       0
                cstackCOMRAM                          1        1       5E        1       1
                cstackBANK0                          60       60       8B       60       1
                bssBANK1                            100      100       50      100       1
                bssBANK0                             EB       EB       14       60       1
                cinit                              47FC     47FC       1E      79F       0

TOTAL           Name                               Link     Load   Length     Space
        CLASS   CODE           
                init                                  2        2        4         0
                reset_vec                             0        0        2         0
                text52                             478E     478E       28         0
                text51                             410A     410A       9C         0
                text50                             3192     3192      182         0
                text49                             4866     4866        8         0
                text48                             485E     485E        8         0
                text47                             2FFC     2FFC      196         0
                text46                             4592     4592       50         0
                text45                             41A6     41A6       76         0
                text44                             47B6     47B6       26         0
                text43                             4722     4722       38         0
                text42                             44F0     44F0       52         0
                text41                             3314     3314      16A         0
                text40                             3E30     3E30       C4         0
                text39                             3FB0     3FB0       B0         0
                text38                             289C     289C      39A         0
                text37                             4060     4060       AA         0
                text36                             39BA     39BA      106         0
                text35                             2472     2472      42A         0
                text34                             46EA     46EA       38         0
                text33                             1B48     1B48      4C0         0
                text32                             4628     4628       46         0
                text31                             38B4     38B4      106         0
                text30                             3AC0     3AC0       FE         0
                text29                             2C36     2C36      212         0
                text28                             486E     486E        2         0
                text27                             3CA0     3CA0       CA         0
                text26                             466E     466E       44         0
                text25                             3D6A     3D6A       C6         0
                text24                             4440     4440       5E         0
                text23                             46B2     46B2       38         0
                text22                             45E2     45E2       46         0
                text21                              F3E      F3E      C0A         0
                text20                             3BBE     3BBE       E2         0
                text19                             2008     2008      46A         0
                text18                             43DA     43DA       66         0
                text17                             449E     449E       52         0
                text16                             475A     475A       34         0
                text15                             47DC     47DC       20         0
                text14                             4850     4850        E         0
                text13                             37A8     37A8      10C         0
                text12                             4542     4542       50         0
                text11                             2E48     2E48      1B4         0
                text10                             369A     369A      10E         0
                text9                              436C     436C       6E         0
                text8                              483E     483E       12         0
                text7                              358C     358C      10E         0
                text6                              42FE     42FE       6E         0
                text5                              482C     482C       12         0
                text4                              347E     347E      10E         0
                text3                              4290     4290       6E         0
                text2                              481A     481A       12         0
                text1                              421C     421C       74         0
                text0                              3EF4     3EF4       BC         0
                cinit                              47FC     47FC       1E         0

        CLASS   CONST          

        CLASS   SMALLCONST     
                smallconst                          F00      F00       3E         0

        CLASS   MEDIUMCONST    

        CLASS   COMRAM         
                cstackCOMRAM                          1        1       5E         1

        CLASS   ABS1           

        CLASS   BIGRAM         

        CLASS   RAM            

        CLASS   BANK0          
                cstackBANK0                          60       60       8B         1
                bssBANK0                             EB       EB       14         1

        CLASS   BANK1          
                bssBANK1                            100      100       50         1

        CLASS   BANK2          

        CLASS   BANK3          

        CLASS   BANK4          

        CLASS   BANK5          

        CLASS   BANK6          

        CLASS   BANK7          

        CLASS   BANK8          

        CLASS   BANK9          

        CLASS   BANK10         

        CLASS   BANK11         

        CLASS   BANK12         

        CLASS   BANK13         

        CLASS   BANK14         

        CLASS   SFR            

        CLASS   BIGSFR         

        CLASS   CONFIG         
                config                           300000   300000        E         4

        CLASS   IDLOC          
                idloc                            200000   200000        8         5

        CLASS   EEDATA         

        CLASS   FARRAM         

        CLASS   HEAP           

        CLASS   STACK          



SEGMENTS        Name                           Load    Length   Top    Selector   Space  Class

                reset_vec                      000000  000006  000006         0       0  CODE    
                cstackCOMRAM                   000001  00005E  00005F         1       1  COMRAM  
                cstackBANK0                    000060  00009F  0000FF        60       1  BANK0   
                bssBANK1                       000100  000050  000150       100       1  BANK1   
                smallconst                     000F00  00003E  000F3E       780       0  SMALLCON
                text21                         000F3E  003932  004870       79F       0  CODE    


UNUSED ADDRESS RANGES

        Name                Unused          Largest block    Delta
        BANK0            0000FF-0000FF                1
        BANK1            000150-0001FF               B0
        BANK10           000A00-000AFF              100
        BANK11           000B00-000BFF              100
        BANK12           000C00-000CFF              100
        BANK13           000D00-000DFF              100
        BANK14           000E00-000EFF              100
        BANK2            000200-0002FF              100
        BANK3            000300-0003FF              100
        BANK4            000400-0004FF              100
        BANK5            000500-0005FF              100
        BANK6            000600-0006FF              100
        BANK7            000700-0007FF              100
        BANK8            000800-0008FF              100
        BANK9            000900-0009FF              100
        BIGRAM           00005F-00005F                1
                         0000FF-0000FF                1
                         000150-000EFF              DB0
        BIGSFR           000F60-000FFF               A0
        CODE             000006-000EFF              EFA
                         004870-01FFFF            1B790
        COMRAM           00005F-00005F                1
        CONST            000006-000EFF              EFA
                         004870-01FFFF            1B790
        EEDATA           F00000-F003FF              400
        MEDIUMCONST      004870-00FFFF             B790
                         010F00-01FFFF             F100
        RAM              0000FF-0000FF                1
                         000150-000EFF              100
        SFR              000F60-000FFF               A0
        SMALLCONST       004870-01FFFF              100

                                  Symbol Table

?_ADC_Read                       cstackCOMRAM 000001
?_PWM_MAX_DUTY                   cstackCOMRAM 00000F
?___aldiv                        cstackCOMRAM 000001
?___awdiv                        cstackCOMRAM 000001
?___awmod                        cstackCOMRAM 000001
?___fladd                        cstackCOMRAM 000001
?___fldiv                        cstackCOMRAM 000023
?___flmul                        cstackCOMRAM 00003C
?___flneg                        cstackCOMRAM 000001
?___flsub                        cstackCOMRAM 000055
?___fltol                        cstackCOMRAM 000055
?___fpclassifyf                  cstackCOMRAM 000001
?___wmul                         cstackCOMRAM 000001
?___xxtofl                       cstackCOMRAM 000015
?_atoi                           cstackCOMRAM 000008
?_efgtoa                         cstackBANK0  000064
?_floorf                         cstackCOMRAM 00003C
?_isdigit                        cstackCOMRAM 000001
?_isspace                        cstackCOMRAM 000001
?_isupper                        cstackCOMRAM 000001
?_pad                            cstackCOMRAM 000011
?_sprintf                        cstackBANK0  0000BC
?_strlen                         cstackCOMRAM 000001
?_strncmp                        cstackCOMRAM 000001
?_tolower                        cstackCOMRAM 000007
?_vfpfcnvrt                      cstackBANK0  0000A2
?_vfprintf                       cstackBANK0  0000B4
ADC_Read@channel                 cstackCOMRAM 000001
ADC_Read@digital                 cstackCOMRAM 000007
LCD_DATA@_4bit_                  cstackCOMRAM 00000A
LCD_DATA@_data                   cstackCOMRAM 000012
LCD_DATA@data                    cstackCOMRAM 000009
LCD_DATA@mode                    cstackCOMRAM 000001
LCD_DATA@x                       cstackCOMRAM 000013
LCD_DATA@x_641                   cstackCOMRAM 000015
LCD_DISPLAY@length               cstackCOMRAM 00001B
LCD_DISPLAY@string               cstackCOMRAM 000017
LCD_DISPLAY@x                    cstackCOMRAM 00001D
LCD_DISPLAY_DIGIT@num            cstackBANK0  0000D1
LCD_DISPLAY_DIGIT@s              cstackBANK0  0000D5
LCD_INSTRUCTION_4BIT@_4bit_      cstackCOMRAM 000008
LCD_INSTRUCTION_4BIT@data        cstackCOMRAM 000010
LCD_INSTRUCTION_4BIT@instruction cstackCOMRAM 000007
LCD_INSTRUCTION_4BIT@x           cstackCOMRAM 000011
LCD_INSTRUCTION_4BIT@x_647       cstackCOMRAM 000013
PWM1_DUTY@duty                   cstackBANK0  000060
PWM1_INITIALIZE@frequency        cstackCOMRAM 00000F
PWM2_DUTY@duty                   cstackBANK0  000060
PWM2_INITIALIZE@frequency        cstackCOMRAM 00000F
PWM3_Duty@duty                   cstackBANK0  000060
PWM3_INITIALIZE@frequency        cstackCOMRAM 00000F
_ADCON0                          (abs)        000FC2
_ADCON0bits                      (abs)        000FC2
_ADCON1bits                      (abs)        000FC1
_ADCON2bits                      (abs)        000FC0
_ADC_Init                        text52       00478E
_ADC_Read                        text51       00410A
_ADON                            (abs)        007E10
_ADRESH                          (abs)        000FC4
_ADRESL                          (abs)        000FC3
_CCP1CONbits                     (abs)        000FBD
_CCP2CONbits                     (abs)        000FBA
_CCP3CONbits                     (abs)        000FB7
_CCPR1L                          (abs)        000FBE
_CCPR2L                          (abs)        000FBB
_CCPR3L                          (abs)        000FB8
_Frequency                       bssBANK0     0000FB
_GO                              (abs)        007E11
_LCD_20_LINE1                    text49       004866
_LCD_20_LINE2                    text48       00485E
_LCD_DATA                        text47       002FFC
_LCD_DISPLAY                     text45       0041A6
_LCD_DISPLAY_DIGIT               text16       00475A
_LCD_INITIALIZE_4BIT             text15       0047DC
_LCD_INSTRUCTION_4BIT            text50       003192
_LCD_SETUP_4BIT                  text14       004850
_PORTJbits                       (abs)        000F88
_PR2                             (abs)        000FCB
_PWM1_DUTY                       text10       00369A
_PWM1_DUTY$718                   cstackBANK0  000064
_PWM1_DUTY$719                   cstackBANK0  000065
_PWM1_INITIALIZE                 text9        00436C
_PWM1_START                      text8        00483E
_PWM2_DUTY                       text7        00358C
_PWM2_DUTY$728                   cstackBANK0  000064
_PWM2_DUTY$729                   cstackBANK0  000065
_PWM2_INITIALIZE                 text6        0042FE
_PWM2_START                      text5        00482C
_PWM3_Duty                       text4        00347E
_PWM3_Duty$738                   cstackBANK0  000064
_PWM3_Duty$739                   cstackBANK0  000065
_PWM3_INITIALIZE                 text3        004290
_PWM3_START                      text2        00481A
_PWM_MAX_DUTY                    text12       004542
_PWM_SETUP                       text1        00421C
_T2CONbits                       (abs)        000FCA
_TRISCbits                       (abs)        000F94
_TRISEbits                       (abs)        000F96
_TRISFbits                       (abs)        000F97
_TRISGbits                       (abs)        000F98
_TRISHbits                       (abs)        000F99
_TRISJbits                       (abs)        000F9A
__HRAM                           (abs)        000000
__Habs1                          abs1         000000
__Hbank0                         bank0        000000
__Hbank1                         bank1        000000
__Hbank10                        bank10       000000
__Hbank11                        bank11       000000
__Hbank12                        bank12       000000
__Hbank13                        bank13       000000
__Hbank14                        bank14       000000
__Hbank2                         bank2        000000
__Hbank3                         bank3        000000
__Hbank4                         bank4        000000
__Hbank5                         bank5        000000
__Hbank6                         bank6        000000
__Hbank7                         bank7        000000
__Hbank8                         bank8        000000
__Hbank9                         bank9        000000
__Hbigbss                        bigbss       000000
__Hbigdata                       bigdata      000000
__Hbigram                        bigram       000000
__Hbigsfr                        bigsfr       000000
__Hbss                           bss          000000
__HbssBANK0                      bssBANK0     000000
__HbssBANK1                      bssBANK1     000000
__Hcinit                         cinit        000000
__Hclrtext                       clrtext      000000
__Hcomram                        comram       000000
__Hconfig                        config       30000E
__Hconst                         const        000000
__HcstackBANK0                   cstackBANK0  000000
__HcstackCOMRAM                  cstackCOMRAM 000000
__Hdata                          data         000000
__Heeprom_data                   eeprom_data  000000
__Hfarbss                        farbss       000000
__Hfardata                       fardata      000000
__Hheap                          heap         000000
__Hibigdata                      ibigdata     000000
__Hidata                         idata        000000
__Hidloc                         idloc        200008
__Hifardata                      ifardata     000000
__Hinit                          init         000006
__Hintcode                       intcode      000002
__Hintcode_body                  intcode_body 000000
__Hintcodelo                     intcodelo    000002
__Hintentry                      intentry     000000
__Hintret                        intret       000000
__Hintsave_regs                  intsave_regs 000000
__Hirdata                        irdata       000000
__Hmediumconst                   mediumconst  000000
__HnvFARRAM                      nvFARRAM     000000
__Hnvbit                         nvbit        000000
__Hnvrram                        nvrram       000000
__Hparam                         rparam       000000
__Hpowerup                       powerup      000002
__Hram                           ram          000000
__Hramtop                        ramtop       000F00
__Hrbit                          rbit         000000
__Hrbss                          rbss         000000
__Hrdata                         rdata        000000
__Hreset_vec                     reset_vec    000002
__Hrparam                        rparam       000000
__Hsfr                           sfr          000000
__Hsmallconst                    smallconst   000F3E
__Hspace_0                       (abs)        004870
__Hspace_1                       (abs)        000150
__Hspace_2                       (abs)        000000
__Hspace_4                       (abs)        60000E
__Hstack                         stack        000000
__Hstruct                        struct       000000
__Htemp                          temp         000000
__Htext                          text         000000
__Htext0                         text0        000000
__Htext1                         text1        000000
__Htext10                        text10       000000
__Htext11                        text11       000000
__Htext12                        text12       000000
__Htext13                        text13       000000
__Htext14                        text14       000000
__Htext15                        text15       000000
__Htext16                        text16       000000
__Htext17                        text17       000000
__Htext18                        text18       000000
__Htext19                        text19       000000
__Htext2                         text2        000000
__Htext20                        text20       000000
__Htext21                        text21       000000
__Htext22                        text22       000000
__Htext23                        text23       000000
__Htext24                        text24       000000
__Htext25                        text25       000000
__Htext26                        text26       000000
__Htext27                        text27       000000
__Htext28                        text28       000000
__Htext29                        text29       000000
__Htext3                         text3        000000
__Htext30                        text30       000000
__Htext31                        text31       000000
__Htext32                        text32       000000
__Htext33                        text33       000000
__Htext34                        text34       000000
__Htext35                        text35       000000
__Htext36                        text36       000000
__Htext37                        text37       000000
__Htext38                        text38       000000
__Htext39                        text39       000000
__Htext4                         text4        000000
__Htext40                        text40       000000
__Htext41                        text41       000000
__Htext42                        text42       000000
__Htext43                        text43       000000
__Htext44                        text44       000000
__Htext45                        text45       000000
__Htext46                        text46       000000
__Htext47                        text47       000000
__Htext48                        text48       000000
__Htext49                        text49       000000
__Htext5                         text5        000000
__Htext50                        text50       000000
__Htext51                        text51       000000
__Htext52                        text52       000000
__Htext6                         text6        000000
__Htext7                         text7        000000
__Htext8                         text8        000000
__Htext9                         text9        000000
__LRAM                           (abs)        000001
__Labs1                          abs1         000000
__Lbank0                         bank0        000000
__Lbank1                         bank1        000000
__Lbank10                        bank10       000000
__Lbank11                        bank11       000000
__Lbank12                        bank12       000000
__Lbank13                        bank13       000000
__Lbank14                        bank14       000000
__Lbank2                         bank2        000000
__Lbank3                         bank3        000000
__Lbank4                         bank4        000000
__Lbank5                         bank5        000000
__Lbank6                         bank6        000000
__Lbank7                         bank7        000000
__Lbank8                         bank8        000000
__Lbank9                         bank9        000000
__Lbigbss                        bigbss       000000
__Lbigdata                       bigdata      000000
__Lbigram                        bigram       000000
__Lbigsfr                        bigsfr       000000
__Lbss                           bss          000000
__LbssBANK0                      bssBANK0     000000
__LbssBANK1                      bssBANK1     000000
__Lcinit                         cinit        000000
__Lclrtext                       clrtext      000000
__Lcomram                        comram       000000
__Lconfig                        config       000000
__Lconst                         const        000000
__LcstackBANK0                   cstackBANK0  000000
__LcstackCOMRAM                  cstackCOMRAM 000000
__Ldata                          data         000000
__Leeprom_data                   eeprom_data  000000
__Lfarbss                        farbss       000000
__Lfardata                       fardata      000000
__Lheap                          heap         000000
__Libigdata                      ibigdata     000000
__Lidata                         idata        000000
__Lidloc                         idloc        000000
__Lifardata                      ifardata     000000
__Linit                          init         000002
__Lintcode                       intcode      000002
__Lintcode_body                  intcode_body 000000
__Lintcodelo                     intcodelo    000002
__Lintentry                      intentry     000000
__Lintret                        intret       000000
__Lintsave_regs                  intsave_regs 000000
__Lirdata                        irdata       000000
__Lmediumconst                   mediumconst  000000
__LnvFARRAM                      nvFARRAM     000000
__Lnvbit                         nvbit        000000
__Lnvrram                        nvrram       000000
__Lparam                         rparam       000000
__Lpowerup                       powerup      000002
__Lram                           ram          000000
__Lramtop                        ramtop       000F00
__Lrbit                          rbit         000000
__Lrbss                          rbss         000000
__Lrdata                         rdata        000000
__Lreset_vec                     reset_vec    000000
__Lrparam                        rparam       000000
__Lsfr                           sfr          000000
__Lsmallconst                    smallconst   000F00
__Lspace_0                       (abs)        000000
__Lspace_1                       (abs)        000000
__Lspace_2                       (abs)        000000
__Lspace_4                       (abs)        000000
__Lstack                         stack        000000
__Lstruct                        struct       000000
__Ltemp                          temp         000000
__Ltext                          text         000000
__Ltext0                         text0        000000
__Ltext1                         text1        000000
__Ltext10                        text10       000000
__Ltext11                        text11       000000
__Ltext12                        text12       000000
__Ltext13                        text13       000000
__Ltext14                        text14       000000
__Ltext15                        text15       000000
__Ltext16                        text16       000000
__Ltext17                        text17       000000
__Ltext18                        text18       000000
__Ltext19                        text19       000000
__Ltext2                         text2        000000
__Ltext20                        text20       000000
__Ltext21                        text21       000000
__Ltext22                        text22       000000
__Ltext23                        text23       000000
__Ltext24                        text24       000000
__Ltext25                        text25       000000
__Ltext26                        text26       000000
__Ltext27                        text27       000000
__Ltext28                        text28       000000
__Ltext29                        text29       000000
__Ltext3                         text3        000000
__Ltext30                        text30       000000
__Ltext31                        text31       000000
__Ltext32                        text32       000000
__Ltext33                        text33       000000
__Ltext34                        text34       000000
__Ltext35                        text35       000000
__Ltext36                        text36       000000
__Ltext37                        text37       000000
__Ltext38                        text38       000000
__Ltext39                        text39       000000
__Ltext4                         text4        000000
__Ltext40                        text40       000000
__Ltext41                        text41       000000
__Ltext42                        text42       000000
__Ltext43                        text43       000000
__Ltext44                        text44       000000
__Ltext45                        text45       000000
__Ltext46                        text46       000000
__Ltext47                        text47       000000
__Ltext48                        text48       000000
__Ltext49                        text49       000000
__Ltext5                         text5        000000
__Ltext50                        text50       000000
__Ltext51                        text51       000000
__Ltext52                        text52       000000
__Ltext6                         text6        000000
__Ltext7                         text7        000000
__Ltext8                         text8        000000
__Ltext9                         text9        000000
__S0                             (abs)        004870
__S1                             (abs)        000150
__S4                             (abs)        000000
__S5                             (abs)        000000
___aldiv                         text13       0037A8
___aldiv@counter                 cstackCOMRAM 000009
___aldiv@dividend                cstackCOMRAM 000001
___aldiv@divisor                 cstackCOMRAM 000005
___aldiv@quotient                cstackCOMRAM 00000B
___aldiv@sign                    cstackCOMRAM 00000A
___awdiv                         text40       003E30
___awdiv@counter                 cstackCOMRAM 000005
___awdiv@dividend                cstackCOMRAM 000001
___awdiv@divisor                 cstackCOMRAM 000003
___awdiv@quotient                cstackCOMRAM 000007
___awdiv@sign                    cstackCOMRAM 000006
___awmod                         text39       003FB0
___awmod@counter                 cstackCOMRAM 000005
___awmod@dividend                cstackCOMRAM 000001
___awmod@divisor                 cstackCOMRAM 000003
___awmod@sign                    cstackCOMRAM 000006
___extmem_base                   (abs)        020000
___fladd                         text33       001B48
___fladd@a                       cstackCOMRAM 000005
___fladd@aexp                    cstackCOMRAM 00000E
___fladd@b                       cstackCOMRAM 000001
___fladd@bexp                    cstackCOMRAM 00000F
___fladd@grs                     cstackCOMRAM 000010
___fladd@signs                   cstackCOMRAM 00000D
___fldiv                         text38       00289C
___fldiv@a                       cstackCOMRAM 000027
___fldiv@aexp                    cstackCOMRAM 00003B
___fldiv@b                       cstackCOMRAM 000023
___fldiv@bexp                    cstackCOMRAM 00003A
___fldiv@grs                     cstackCOMRAM 000036
___fldiv@new_exp                 cstackCOMRAM 000034
___fldiv@rem                     cstackCOMRAM 00002F
___fldiv@sign                    cstackCOMRAM 000033
___fleq                          text37       004060
___fleq@ff1                      cstackCOMRAM 000001
___fleq@ff2                      cstackCOMRAM 000005
___flge                          text36       0039BA
___flge@ff1                      cstackCOMRAM 000055
___flge@ff2                      cstackCOMRAM 000059
___flmul                         text35       002472
___flmul@a                       cstackCOMRAM 000040
___flmul@aexp                    cstackCOMRAM 00004D
___flmul@b                       cstackCOMRAM 00003C
___flmul@bexp                    cstackCOMRAM 00004E
___flmul@grs                     cstackCOMRAM 000049
___flmul@prod                    cstackCOMRAM 00004F
___flmul@sign                    cstackCOMRAM 000048
___flmul@temp                    cstackCOMRAM 000053
___flneg                         text34       0046EA
___flneg@f1                      cstackCOMRAM 000001
___flsub                         text32       004628
___flsub@a                       cstackCOMRAM 000059
___flsub@b                       cstackCOMRAM 000055
___fltol                         text31       0038B4
___fltol@exp1                    cstackCOMRAM 00005E
___fltol@f1                      cstackCOMRAM 000055
___fltol@sign1                   cstackCOMRAM 00005D
___fpclassifyf                   text30       003AC0
___fpclassifyf@F465              bssBANK0     0000EF
___fpclassifyf@e                 cstackCOMRAM 000009
___fpclassifyf@u                 cstackCOMRAM 00000B
___fpclassifyf@x                 cstackCOMRAM 000001
___heap_hi                       (abs)        000000
___heap_lo                       (abs)        000000
___inthi_sp                      stack        000000
___intlo_sp                      stack        000000
___param_bank                    (abs)        000000
___rparam_used                   (abs)        000001
___sp                            stack        000000
___wmul                          text44       0047B6
___wmul@multiplicand             cstackCOMRAM 000003
___wmul@multiplier               cstackCOMRAM 000001
___wmul@product                  cstackCOMRAM 000005
___xxtofl                        text11       002E48
___xxtofl@arg                    cstackCOMRAM 00001F
___xxtofl@exp                    cstackCOMRAM 00001E
___xxtofl@sign                   cstackCOMRAM 00001D
___xxtofl@val                    cstackCOMRAM 000015
__accesstop                      (abs)        000060
__activetblptr                   (abs)        000003
__end_of_ADC_Init                text52       0047B6
__end_of_ADC_Read                text51       0041A6
__end_of_LCD_20_LINE1            text49       00486E
__end_of_LCD_20_LINE2            text48       004866
__end_of_LCD_DATA                text47       003192
__end_of_LCD_DISPLAY             text45       00421C
__end_of_LCD_DISPLAY_DIGIT       text16       00478E
__end_of_LCD_INITIALIZE_4BIT     text15       0047FC
__end_of_LCD_INSTRUCTION_4BIT    text50       003314
__end_of_LCD_SETUP_4BIT          text14       00485E
__end_of_PWM1_DUTY               text10       0037A8
__end_of_PWM1_INITIALIZE         text9        0043DA
__end_of_PWM1_START              text8        004850
__end_of_PWM2_DUTY               text7        00369A
__end_of_PWM2_INITIALIZE         text6        00436C
__end_of_PWM2_START              text5        00483E
__end_of_PWM3_Duty               text4        00358C
__end_of_PWM3_INITIALIZE         text3        0042FE
__end_of_PWM3_START              text2        00482C
__end_of_PWM_MAX_DUTY            text12       004592
__end_of_PWM_SETUP               text1        004290
__end_of___aldiv                 text13       0038B4
__end_of___awdiv                 text40       003EF4
__end_of___awmod                 text39       004060
__end_of___fladd                 text33       002008
__end_of___fldiv                 text38       002C36
__end_of___fleq                  text37       00410A
__end_of___flge                  text36       003AC0
__end_of___flmul                 text35       00289C
__end_of___flneg                 text34       004722
__end_of___flsub                 text32       00466E
__end_of___fltol                 text31       0039BA
__end_of___fpclassifyf           text30       003BBE
__end_of___wmul                  text44       0047DC
__end_of___xxtofl                text11       002FFC
__end_of__initialization         cinit        004814
__end_of_atoi                    text41       00347E
__end_of_efgtoa                  text21       001B48
__end_of_floorf                  text29       002E48
__end_of_fputc                   text27       003D6A
__end_of_fputs                   text26       0046B2
__end_of_isdigit                 text43       00475A
__end_of_isspace                 text42       004542
__end_of_isupper                 text23       0046EA
__end_of_main                    text0        003FB0
__end_of_pad                     text25       003E30
__end_of_putch                   text28       004870
__end_of_sprintf                 text17       0044F0
__end_of_strcpy                  text24       00449E
__end_of_strlen                  text46       0045E2
__end_of_strncmp                 text20       003CA0
__end_of_tolower                 text22       004628
__end_of_vfpfcnvrt               text19       002472
__end_of_vfprintf                text18       004440
__initialization                 cinit        0047FC
__mediumconst                    mediumconst  000000
__pbssBANK0                      bssBANK0     0000EB
__pbssBANK1                      bssBANK1     000100
__pcinit                         cinit        0047FC
__pcstackBANK0                   cstackBANK0  000060
__pcstackCOMRAM                  cstackCOMRAM 000001
__psmallconst                    smallconst   000F00
__ptext0                         text0        003EF4
__ptext1                         text1        00421C
__ptext10                        text10       00369A
__ptext11                        text11       002E48
__ptext12                        text12       004542
__ptext13                        text13       0037A8
__ptext14                        text14       004850
__ptext15                        text15       0047DC
__ptext16                        text16       00475A
__ptext17                        text17       00449E
__ptext18                        text18       0043DA
__ptext19                        text19       002008
__ptext2                         text2        00481A
__ptext20                        text20       003BBE
__ptext21                        text21       000F3E
__ptext22                        text22       0045E2
__ptext23                        text23       0046B2
__ptext24                        text24       004440
__ptext25                        text25       003D6A
__ptext26                        text26       00466E
__ptext27                        text27       003CA0
__ptext28                        text28       00486E
__ptext29                        text29       002C36
__ptext3                         text3        004290
__ptext30                        text30       003AC0
__ptext31                        text31       0038B4
__ptext32                        text32       004628
__ptext33                        text33       001B48
__ptext34                        text34       0046EA
__ptext35                        text35       002472
__ptext36                        text36       0039BA
__ptext37                        text37       004060
__ptext38                        text38       00289C
__ptext39                        text39       003FB0
__ptext4                         text4        00347E
__ptext40                        text40       003E30
__ptext41                        text41       003314
__ptext42                        text42       0044F0
__ptext43                        text43       004722
__ptext44                        text44       0047B6
__ptext45                        text45       0041A6
__ptext46                        text46       004592
__ptext47                        text47       002FFC
__ptext48                        text48       00485E
__ptext49                        text49       004866
__ptext5                         text5        00482C
__ptext50                        text50       003192
__ptext51                        text51       00410A
__ptext52                        text52       00478E
__ptext6                         text6        0042FE
__ptext7                         text7        00358C
__ptext8                         text8        00483E
__ptext9                         text9        00436C
__ramtop                         ramtop       000F00
__smallconst                     smallconst   000F00
_atoi                            text41       003314
_dbuf                            bssBANK1     000100
_efgtoa                          text21       000F3E
_efgtoa$1369                     cstackBANK0  000070
_efgtoa$1377                     cstackBANK0  000072
_efgtoa$1378                     cstackBANK0  000074
_flags                           bssBANK0     0000F9
_floorf                          text29       002C36
_fputc                           text27       003CA0
_fputs                           text26       00466E
_isdigit                         text43       004722
_isspace                         text42       0044F0
_isspace$1456                    cstackCOMRAM 000007
_isupper                         text23       0046B2
_main                            text0        003EF4
_main$1799                       cstackBANK0  0000E9
_nout                            bssBANK0     0000F3
_pad                             text25       003D6A
_prec                            bssBANK0     0000F7
_putch                           text28       00486E
_sprintf                         text17       00449E
_strcpy                          text24       004440
_strlen                          text46       004592
_strncmp                         text20       003BBE
_tolower                         text22       0045E2
_vfpfcnvrt                       text19       002008
_vfprintf                        text18       0043DA
_width                           bssBANK0     0000F5
atoi@n                           cstackCOMRAM 000010
atoi@neg                         cstackCOMRAM 00000E
atoi@s                           cstackCOMRAM 000008
efgtoa@c                         cstackBANK0  00006A
efgtoa@d                         cstackBANK0  000082
efgtoa@e                         cstackBANK0  00009A
efgtoa@f                         cstackBANK0  000066
efgtoa@fp                        cstackBANK0  000064
efgtoa@g                         cstackBANK0  000096
efgtoa@h                         cstackBANK0  00008C
efgtoa@i                         cstackBANK0  000094
efgtoa@l                         cstackBANK0  000090
efgtoa@m                         cstackBANK0  00007C
efgtoa@mode                      cstackBANK0  00008B
efgtoa@n                         cstackBANK0  00009C
efgtoa@ne                        cstackBANK0  00007A
efgtoa@nmode                     cstackBANK0  00008A
efgtoa@ou                        cstackBANK0  00007E
efgtoa@p                         cstackBANK0  000086
efgtoa@pp                        cstackBANK0  000078
efgtoa@sign                      cstackBANK0  000084
efgtoa@t                         cstackBANK0  000076
efgtoa@u                         cstackBANK0  00009E
efgtoa@w                         cstackBANK0  000088
end_of_initialization            cinit        004814
floorf@F526                      bssBANK0     0000EB
floorf@e                         cstackCOMRAM 00004A
floorf@m                         cstackCOMRAM 000046
floorf@u                         cstackCOMRAM 00004C
floorf@x                         cstackCOMRAM 00003C
fputc@c                          cstackCOMRAM 000001
fputc@fp                         cstackCOMRAM 000003
fputs@c                          cstackCOMRAM 00000E
fputs@fp                         cstackCOMRAM 00000C
fputs@i                          cstackCOMRAM 00000F
fputs@s                          cstackCOMRAM 00000A
intlevel0                        text         000000
intlevel1                        text         000000
intlevel2                        text         000000
intlevel3                        text         000000
isa$std                          (abs)        000001
isa$xinst                        (abs)        000000
isdigit@c                        cstackCOMRAM 000001
isspace@c                        cstackCOMRAM 000001
isupper@c                        cstackCOMRAM 000001
pad@buf                          cstackCOMRAM 000013
pad@fp                           cstackCOMRAM 000011
pad@i                            cstackCOMRAM 000018
pad@p                            cstackCOMRAM 000015
pad@w                            cstackCOMRAM 00001A
sprintf@ap                       cstackBANK0  0000C4
sprintf@f                        cstackBANK0  0000C6
sprintf@fmt                      cstackBANK0  0000BE
sprintf@s                        cstackBANK0  0000BC
stackhi                          (abs)        000000
stacklo                          (abs)        000000
start                            init         000002
start_initialization             cinit        0047FC
strcpy@d                         cstackCOMRAM 000009
strcpy@dest                      cstackCOMRAM 000001
strcpy@s                         cstackCOMRAM 000007
strcpy@src                       cstackCOMRAM 000003
strlen@a                         cstackCOMRAM 000003
strlen@s                         cstackCOMRAM 000001
strncmp@_l                       cstackCOMRAM 000001
strncmp@_r                       cstackCOMRAM 000003
strncmp@l                        cstackCOMRAM 000008
strncmp@n                        cstackCOMRAM 000005
strncmp@r                        cstackCOMRAM 00000A
tolower@c                        cstackCOMRAM 000007
vfpfcnvrt@ap                     cstackBANK0  0000A6
vfpfcnvrt@c                      cstackBANK0  0000B3
vfpfcnvrt@ct                     cstackBANK0  0000B0
vfpfcnvrt@f                      cstackBANK0  0000AC
vfpfcnvrt@fmt                    cstackBANK0  0000A4
vfpfcnvrt@fp                     cstackBANK0  0000A2
vfprintf@ap                      cstackBANK0  0000B8
vfprintf@cfmt                    cstackBANK0  0000BA
vfprintf@fmt                     cstackBANK0  0000B6
vfprintf@fp                      cstackBANK0  0000B4


MODULE INFORMATION

Module		Function		Class		Link	Load	Size
C:\Program Files\Microchip\xc8\v2.36\pic\sources\c99\common\putch.c
		_putch         		CODE           	486E	0000	2

C:\Program Files\Microchip\xc8\v2.36\pic\sources\c99\common\putch.c estimated size: 2

C:\Program Files\Microchip\xc8\v2.36\pic\sources\c99\common\nf_fputs.c
		_fputs         		CODE           	466E	0000	68

C:\Program Files\Microchip\xc8\v2.36\pic\sources\c99\common\nf_fputs.c estimated size: 68

./PWM.h
		_PWM3_INITIALIZE		CODE           	4290	0000	110
		_PWM1_START    		CODE           	483E	0000	18
		_PWM_SETUP     		CODE           	421C	0000	116
		_PWM2_START    		CODE           	482C	0000	18
		_PWM3_START    		CODE           	481A	0000	18
		_PWM_MAX_DUTY  		CODE           	4542	0000	80
		_PWM1_DUTY     		CODE           	369A	0000	270
		_PWM2_DUTY     		CODE           	358C	0000	270
		_PWM3_Duty     		CODE           	347E	0000	270
		_PWM1_INITIALIZE		CODE           	436C	0000	110
		_PWM2_INITIALIZE		CODE           	42FE	0000	110

./PWM.h estimated size: 1390

C:\Program Files\Microchip\xc8\v2.36\pic\sources\c99\common\strncmp.c
		_strncmp       		CODE           	3BBE	0000	226

C:\Program Files\Microchip\xc8\v2.36\pic\sources\c99\common\strncmp.c estimated size: 226

C:\Program Files\Microchip\xc8\v2.36\pic\sources\c99\common\tolower.c
		_tolower       		CODE           	45E2	0000	70

C:\Program Files\Microchip\xc8\v2.36\pic\sources\c99\common\tolower.c estimated size: 70

C:\Program Files\Microchip\xc8\v2.36\pic\sources\c99\common\__fpclassifyf.c
		___fpclassifyf 		CODE           	3AC0	0000	254

C:\Program Files\Microchip\xc8\v2.36\pic\sources\c99\common\__fpclassifyf.c estimated size: 254

C:\Program Files\Microchip\xc8\v2.36\pic\sources\c99\common\sprcmul.c
		___flmul       		CODE           	2472	0000	1066

C:\Program Files\Microchip\xc8\v2.36\pic\sources\c99\common\sprcmul.c estimated size: 1066

C:\Program Files\Microchip\xc8\v2.36\pic\sources\c99\common\floorf.c
		_floorf        		CODE           	2C36	0000	530

C:\Program Files\Microchip\xc8\v2.36\pic\sources\c99\common\floorf.c estimated size: 530

C:\Program Files\Microchip\xc8\v2.36\pic\sources\c99\common\sprcdiv.c
		___fldiv       		CODE           	289C	0000	922

C:\Program Files\Microchip\xc8\v2.36\pic\sources\c99\common\sprcdiv.c estimated size: 922

./ADC.h
		_ADC_Read      		CODE           	410A	0000	156
		_ADC_Init      		CODE           	478E	0000	40

./ADC.h estimated size: 196

C:\Program Files\Microchip\xc8\v2.36\pic\sources\c99\common\atoi.c
		_atoi          		CODE           	3314	0000	362

C:\Program Files\Microchip\xc8\v2.36\pic\sources\c99\common\atoi.c estimated size: 362

C:\Program Files\Microchip\xc8\v2.36\pic\sources\c99\common\fleq.c
		___fleq        		CODE           	4060	0000	170

C:\Program Files\Microchip\xc8\v2.36\pic\sources\c99\common\fleq.c estimated size: 170

C:\Program Files\Microchip\xc8\v2.36\pic\sources\c99\common\awmod.c
		___awmod       		CODE           	3FB0	0000	176

C:\Program Files\Microchip\xc8\v2.36\pic\sources\c99\common\awmod.c estimated size: 176

C:\Program Files\Microchip\xc8\v2.36\pic\sources\c99\common\nf_sprintf.c
		_sprintf       		CODE           	449E	0000	82

C:\Program Files\Microchip\xc8\v2.36\pic\sources\c99\common\nf_sprintf.c estimated size: 82

C:\Program Files\Microchip\xc8\v2.36\pic\sources\c99\common\isspace.c
		_isspace       		CODE           	44F0	0000	82

C:\Program Files\Microchip\xc8\v2.36\pic\sources\c99\common\isspace.c estimated size: 82

C:\Program Files\Microchip\xc8\v2.36\pic\sources\c99\common\xxtofl.c
		___xxtofl      		CODE           	2E48	0000	436

C:\Program Files\Microchip\xc8\v2.36\pic\sources\c99\common\xxtofl.c estimated size: 436

C:\Program Files\Microchip\xc8\v2.36\pic\sources\c99\common\strlen.c
		_strlen        		CODE           	4592	0000	80

C:\Program Files\Microchip\xc8\v2.36\pic\sources\c99\common\strlen.c estimated size: 80

C:\Program Files\Microchip\xc8\v2.36\pic\sources\c99\common\strcpy.c
		_strcpy        		CODE           	4440	0000	94

C:\Program Files\Microchip\xc8\v2.36\pic\sources\c99\common\strcpy.c estimated size: 94

./LCD.h
		_LCD_DISPLAY_DIGIT		CODE           	475A	0000	52
		_LCD_INSTRUCTION_4BIT		CODE           	3192	0000	386
		_LCD_DATA      		CODE           	2FFC	0000	406
		_LCD_DISPLAY   		CODE           	41A6	0000	118
		_LCD_SETUP_4BIT		CODE           	4850	0000	14
		_LCD_INITIALIZE_4BIT		CODE           	47DC	0000	32
		_LCD_20_LINE1  		CODE           	4866	0000	8
		_LCD_20_LINE2  		CODE           	485E	0000	8

./LCD.h estimated size: 1024

C:\Program Files\Microchip\xc8\v2.36\pic\sources\c99\common\nf_fputc.c
		_fputc         		CODE           	3CA0	0000	202

C:\Program Files\Microchip\xc8\v2.36\pic\sources\c99\common\nf_fputc.c estimated size: 202

C:\Program Files\Microchip\xc8\v2.36\pic\sources\c99\common\isdigit.c
		_isdigit       		CODE           	4722	0000	56

C:\Program Files\Microchip\xc8\v2.36\pic\sources\c99\common\isdigit.c estimated size: 56

C:\Program Files\Microchip\xc8\v2.36\pic\sources\c99\common\sprcadd.c
		___flsub       		CODE           	4628	0000	70
		___fladd       		CODE           	1B48	0000	1216

C:\Program Files\Microchip\xc8\v2.36\pic\sources\c99\common\sprcadd.c estimated size: 1286

C:\Program Files\Microchip\xc8\v2.36\pic\sources\c99\common\awdiv.c
		___awdiv       		CODE           	3E30	0000	196

C:\Program Files\Microchip\xc8\v2.36\pic\sources\c99\common\awdiv.c estimated size: 196

C:\Program Files\Microchip\xc8\v2.36\pic\sources\c99\common\doprnt.c
		_vfpfcnvrt     		CODE           	2008	0000	1130
		_efgtoa        		CODE           	0F3E	0000	3082
		_pad           		CODE           	3D6A	0000	198
		_vfprintf      		CODE           	43DA	0000	102

C:\Program Files\Microchip\xc8\v2.36\pic\sources\c99\common\doprnt.c estimated size: 4512

C:\Program Files\Microchip\xc8\v2.36\pic\sources\c99\common\fltol.c
		___fltol       		CODE           	38B4	0000	262

C:\Program Files\Microchip\xc8\v2.36\pic\sources\c99\common\fltol.c estimated size: 262

shared
		__initialization		CODE           	47FC	0000	24

shared estimated size: 24

C:\Program Files\Microchip\xc8\v2.36\pic\sources\c99\common\aldiv.c
		___aldiv       		CODE           	37A8	0000	268

C:\Program Files\Microchip\xc8\v2.36\pic\sources\c99\common\aldiv.c estimated size: 268

C:\Program Files\Microchip\xc8\v2.36\pic\sources\c99\common\flge.c
		___flge        		CODE           	39BA	0000	262

C:\Program Files\Microchip\xc8\v2.36\pic\sources\c99\common\flge.c estimated size: 262

main.c
		_main          		CODE           	3EF4	0000	188

main.c estimated size: 188

C:\Program Files\Microchip\xc8\v2.36\pic\sources\c99\common\Umul16.c
		___wmul        		CODE           	47B6	0000	38

C:\Program Files\Microchip\xc8\v2.36\pic\sources\c99\common\Umul16.c estimated size: 38

C:\Program Files\Microchip\xc8\v2.36\pic\sources\c99\common\flneg.c
		___flneg       		CODE           	46EA	0000	56

C:\Program Files\Microchip\xc8\v2.36\pic\sources\c99\common\flneg.c estimated size: 56

C:\Program Files\Microchip\xc8\v2.36\pic\sources\c99\common\isupper.c
		_isupper       		CODE           	46B2	0000	56

C:\Program Files\Microchip\xc8\v2.36\pic\sources\c99\common\isupper.c estimated size: 56

