Microchip MPLAB XC8 Compiler V2.36

Linker command line:

-W-3 --edf=C:\Program Files\Microchip\xc8\v2.36\pic\dat\en_msgs.txt -cn \
  -h+dist/default/production\Digital_Outputs.X.production.sym \
  --cmf=dist/default/production\Digital_Outputs.X.production.cmf -z \
  -Q18F8720 -oC:\Users\www\AppData\Local\Temp\xcAsbfk.5 \
  --defsym=__MPLAB_BUILD=1 \
  -Mdist/default/production/Digital_Outputs.X.production.map \
  --md=C:\Users\www\AppData\Local\Temp\xcAsbfk.dat -E1 -ver=XC8 Compiler \
  --acfsm=1493 -ACODE=00h-01FFFFh -ACONST=00h-01FFFFh \
  -ASMALLCONST=0F00h-0FFFhx497 -AMEDIUMCONST=0F00h-0FFFFh,010F00h-01FFFFh \
  -ACOMRAM=01h-05Fh -AABS1=00h-0EFFh -ABIGRAM=01h-0EFFh \
  -ARAM=060h-0FFh,0100h-01FFhx14 -ABANK0=060h-0FFh -ABANK1=0100h-01FFh \
  -ABANK2=0200h-02FFh -ABANK3=0300h-03FFh -ABANK4=0400h-04FFh \
  -ABANK5=0500h-05FFh -ABANK6=0600h-06FFh -ABANK7=0700h-07FFh \
  -ABANK8=0800h-08FFh -ABANK9=0900h-09FFh -ABANK10=0A00h-0AFFh \
  -ABANK11=0B00h-0BFFh -ABANK12=0C00h-0CFFh -ABANK13=0D00h-0DFFh \
  -ABANK14=0E00h-0EFFh -ASFR=0F60h-0FFFh -ABIGSFR=0F60h-0FFFh \
  -ACONFIG=0300000h-030000Dh -AIDLOC=0200000h-0200007h \
  -AEEDATA=0F00000h-0F003FFh -peeprom_data=EEDATA \
  -preset_vec=00h,intcode,intcodelo,powerup,init -pramtop=0F00h \
  -psmallconst=SMALLCONST -pmediumconst=MEDIUMCONST -pconst=CONST \
  -AFARRAM=00h-00h \
  -prdata=COMRAM,nvrram=COMRAM,nvbit=COMRAM,rbss=COMRAM,rbit=COMRAM \
  -pfarbss=FARRAM,fardata=FARRAM,nvFARRAM=FARRAM \
  -pintsave_regs=BIGRAM,bigbss=BIGRAM,bigdata=BIGRAM -pbss=RAM \
  -pidata=CODE,irdata=CODE,ibigdata=CODE,ifardata=CODE -prparam=COMRAM \
  C:\Users\www\AppData\Local\Temp\xcAsbfk.o \
  dist/default/production\Digital_Outputs.X.production.o 

Object code version is 3.11

Machine type is 18F8720



                Name                               Link     Load   Length Selector   Space Scale
C:\Users\www\AppData\Local\Temp\xcAsbfk.o
                idloc                            200000   200000        8        0       5
                config                           300000   300000        E        0       4
                init                                  2        2        4        0       0
                reset_vec                             0        0        2        0       0
dist/default/production\Digital_Outputs.X.production.o
                idloc                            200000   200000        8        0       5
                config                           300000   300000        E        0       4
                text7                             1FF38    1FF38       12     FF9C       0
                text6                             1FF5E    1FF5E       24     FFAF       0
                text5                             1FEFA    1FEFA        E     FF7D       0
                text4                             1FF08    1FF08       10     FF84       0
                text3                             1FF18    1FF18       10     FF8C       0
                text2                             1FF28    1FF28       10     FF94       0
                text1                             1FF4A    1FF4A       14     FFA5       0
                text0                             1FF82    1FF82       7E     FFC1       0
                cstackCOMRAM                          1        1        2        1       1
                cinit                             1FEF4    1FEF4        6     FF7A       0

TOTAL           Name                               Link     Load   Length     Space
        CLASS   CODE           
                init                                  2        2        4         0
                reset_vec                             0        0        2         0
                text7                             1FF38    1FF38       12         0
                text6                             1FF5E    1FF5E       24         0
                text5                             1FEFA    1FEFA        E         0
                text4                             1FF08    1FF08       10         0
                text3                             1FF18    1FF18       10         0
                text2                             1FF28    1FF28       10         0
                text1                             1FF4A    1FF4A       14         0
                text0                             1FF82    1FF82       7E         0
                cinit                             1FEF4    1FEF4        6         0

        CLASS   CONST          

        CLASS   SMALLCONST     

        CLASS   MEDIUMCONST    

        CLASS   COMRAM         
                cstackCOMRAM                          1        1        2         1

        CLASS   ABS1           

        CLASS   BIGRAM         

        CLASS   RAM            

        CLASS   BANK0          

        CLASS   BANK1          

        CLASS   BANK2          

        CLASS   BANK3          

        CLASS   BANK4          

        CLASS   BANK5          

        CLASS   BANK6          

        CLASS   BANK7          

        CLASS   BANK8          

        CLASS   BANK9          

        CLASS   BANK10         

        CLASS   BANK11         

        CLASS   BANK12         

        CLASS   BANK13         

        CLASS   BANK14         

        CLASS   SFR            

        CLASS   BIGSFR         

        CLASS   CONFIG         
                config                           300000   300000        E         4

        CLASS   IDLOC          
                idloc                            200000   200000        8         5

        CLASS   EEDATA         

        CLASS   FARRAM         

        CLASS   HEAP           

        CLASS   STACK          



SEGMENTS        Name                           Load    Length   Top    Selector   Space  Class

                reset_vec                      000000  000006  000006         0       0  CODE    
                cstackCOMRAM                   000001  000002  000003         1       1  COMRAM  
                cinit                          01FEF4  000006  01FEFA      FF7A       0  CODE    
                text5                          01FEFA  00000E  01FF08      FF7D       0  CODE    
                text4                          01FF08  000010  01FF18      FF84       0  CODE    
                text3                          01FF18  000010  01FF28      FF8C       0  CODE    
                text2                          01FF28  000010  01FF38      FF94       0  CODE    
                text7                          01FF38  000012  01FF4A      FF9C       0  CODE    
                text1                          01FF4A  000014  01FF5E      FFA5       0  CODE    
                text6                          01FF5E  000024  01FF82      FFAF       0  CODE    
                text0                          01FF82  00007E  020000      FFC1       0  CODE    


UNUSED ADDRESS RANGES

        Name                Unused          Largest block    Delta
        BANK0            000060-0000FF               A0
        BANK1            000100-0001FF              100
        BANK10           000A00-000AFF              100
        BANK11           000B00-000BFF              100
        BANK12           000C00-000CFF              100
        BANK13           000D00-000DFF              100
        BANK14           000E00-000EFF              100
        BANK2            000200-0002FF              100
        BANK3            000300-0003FF              100
        BANK4            000400-0004FF              100
        BANK5            000500-0005FF              100
        BANK6            000600-0006FF              100
        BANK7            000700-0007FF              100
        BANK8            000800-0008FF              100
        BANK9            000900-0009FF              100
        BIGRAM           000003-000EFF              EFD
        BIGSFR           000F60-000FFF               A0
        CODE             000006-01FEF3            1FEEE
        COMRAM           000003-00005F               5D
        CONST            000006-01FEF3            1FEEE
        EEDATA           F00000-F003FF              400
        MEDIUMCONST      000F00-00FFFF             F100
                         010F00-01FEF3             EFF4
        RAM              000060-000EFF              100
        SFR              000F60-000FFF               A0
        SMALLCONST       000F00-01FEF3              100

                                  Symbol Table

_ADCON0bits              (abs)        000FC2
_ADCON1bits              (abs)        000FC1
_CCP1CONbits             (abs)        000FBD
_CCP2CONbits             (abs)        000FBA
_CVRCONbits              (abs)        000FB5
_INTCON3bits             (abs)        000FF0
_INTCONbits              (abs)        000FF2
_LVDCONbits              (abs)        000FD2
_MEMCONbits              (abs)        000F9C
_PIE3bits                (abs)        000FA3
_PORTAbits               (abs)        000F80
_PORTBbits               (abs)        000F81
_PORTCbits               (abs)        000F82
_PORTDbits               (abs)        000F83
_PORTEbits               (abs)        000F84
_PORTFbits               (abs)        000F85
_PORTGbits               (abs)        000F86
_PORTHbits               (abs)        000F87
_PORT_A_DIGITALS         text7        01FF38
_PORT_C_DIGITALS         text6        01FF5E
_PORT_D_DIGITALS         text5        01FEFA
_PORT_E_DIGITALS         text4        01FF08
_PORT_F_DIGITALS         text3        01FF18
_PORT_G_DIGITALS         text2        01FF28
_PORT_H_DIGITALS         text1        01FF4A
_PSPCONbits              (abs)        000FB0
_RCSTA1bits              (abs)        000FAB
_RCSTA2bits              (abs)        000F6B
_SSPCON1bits             (abs)        000FC6
_T1CONbits               (abs)        000FCD
_TRISAbits               (abs)        000F92
_TRISBbits               (abs)        000F93
_TRISCbits               (abs)        000F94
_TRISDbits               (abs)        000F95
_TRISEbits               (abs)        000F96
_TRISFbits               (abs)        000F97
_TRISGbits               (abs)        000F98
_TRISHbits               (abs)        000F99
__HRAM                   (abs)        000000
__Habs1                  abs1         000000
__Hbank0                 bank0        000000
__Hbank1                 bank1        000000
__Hbank10                bank10       000000
__Hbank11                bank11       000000
__Hbank12                bank12       000000
__Hbank13                bank13       000000
__Hbank14                bank14       000000
__Hbank2                 bank2        000000
__Hbank3                 bank3        000000
__Hbank4                 bank4        000000
__Hbank5                 bank5        000000
__Hbank6                 bank6        000000
__Hbank7                 bank7        000000
__Hbank8                 bank8        000000
__Hbank9                 bank9        000000
__Hbigbss                bigbss       000000
__Hbigdata               bigdata      000000
__Hbigram                bigram       000000
__Hbigsfr                bigsfr       000000
__Hbss                   bss          000000
__Hcinit                 cinit        000000
__Hclrtext               clrtext      000000
__Hcomram                comram       000000
__Hconfig                config       30000E
__Hconst                 const        000000
__HcstackCOMRAM          cstackCOMRAM 000000
__Hdata                  data         000000
__Heeprom_data           eeprom_data  000000
__Hfarbss                farbss       000000
__Hfardata               fardata      000000
__Hheap                  heap         000000
__Hibigdata              ibigdata     000000
__Hidata                 idata        000000
__Hidloc                 idloc        200008
__Hifardata              ifardata     000000
__Hinit                  init         000006
__Hintcode               intcode      000002
__Hintcode_body          intcode_body 000000
__Hintcodelo             intcodelo    000002
__Hintentry              intentry     000000
__Hintret                intret       000000
__Hintsave_regs          intsave_regs 000000
__Hirdata                irdata       000000
__Hmediumconst           mediumconst  000000
__HnvFARRAM              nvFARRAM     000000
__Hnvbit                 nvbit        000000
__Hnvrram                nvrram       000000
__Hparam                 rparam       000000
__Hpowerup               powerup      000002
__Hram                   ram          000000
__Hramtop                ramtop       000F00
__Hrbit                  rbit         000000
__Hrbss                  rbss         000000
__Hrdata                 rdata        000000
__Hreset_vec             reset_vec    000002
__Hrparam                rparam       000000
__Hsfr                   sfr          000000
__Hsmallconst            smallconst   000000
__Hspace_0               (abs)        020000
__Hspace_1               (abs)        000003
__Hspace_2               (abs)        000000
__Hspace_4               (abs)        60000E
__Hstack                 stack        000000
__Hstruct                struct       000000
__Htemp                  temp         000000
__Htext                  text         000000
__Htext0                 text0        000000
__Htext1                 text1        000000
__Htext2                 text2        000000
__Htext3                 text3        000000
__Htext4                 text4        000000
__Htext5                 text5        000000
__Htext6                 text6        000000
__Htext7                 text7        000000
__LRAM                   (abs)        000001
__Labs1                  abs1         000000
__Lbank0                 bank0        000000
__Lbank1                 bank1        000000
__Lbank10                bank10       000000
__Lbank11                bank11       000000
__Lbank12                bank12       000000
__Lbank13                bank13       000000
__Lbank14                bank14       000000
__Lbank2                 bank2        000000
__Lbank3                 bank3        000000
__Lbank4                 bank4        000000
__Lbank5                 bank5        000000
__Lbank6                 bank6        000000
__Lbank7                 bank7        000000
__Lbank8                 bank8        000000
__Lbank9                 bank9        000000
__Lbigbss                bigbss       000000
__Lbigdata               bigdata      000000
__Lbigram                bigram       000000
__Lbigsfr                bigsfr       000000
__Lbss                   bss          000000
__Lcinit                 cinit        000000
__Lclrtext               clrtext      000000
__Lcomram                comram       000000
__Lconfig                config       000000
__Lconst                 const        000000
__LcstackCOMRAM          cstackCOMRAM 000000
__Ldata                  data         000000
__Leeprom_data           eeprom_data  000000
__Lfarbss                farbss       000000
__Lfardata               fardata      000000
__Lheap                  heap         000000
__Libigdata              ibigdata     000000
__Lidata                 idata        000000
__Lidloc                 idloc        000000
__Lifardata              ifardata     000000
__Linit                  init         000002
__Lintcode               intcode      000002
__Lintcode_body          intcode_body 000000
__Lintcodelo             intcodelo    000002
__Lintentry              intentry     000000
__Lintret                intret       000000
__Lintsave_regs          intsave_regs 000000
__Lirdata                irdata       000000
__Lmediumconst           mediumconst  000000
__LnvFARRAM              nvFARRAM     000000
__Lnvbit                 nvbit        000000
__Lnvrram                nvrram       000000
__Lparam                 rparam       000000
__Lpowerup               powerup      000002
__Lram                   ram          000000
__Lramtop                ramtop       000F00
__Lrbit                  rbit         000000
__Lrbss                  rbss         000000
__Lrdata                 rdata        000000
__Lreset_vec             reset_vec    000000
__Lrparam                rparam       000000
__Lsfr                   sfr          000000
__Lsmallconst            smallconst   000000
__Lspace_0               (abs)        000000
__Lspace_1               (abs)        000000
__Lspace_2               (abs)        000000
__Lspace_4               (abs)        000000
__Lstack                 stack        000000
__Lstruct                struct       000000
__Ltemp                  temp         000000
__Ltext                  text         000000
__Ltext0                 text0        000000
__Ltext1                 text1        000000
__Ltext2                 text2        000000
__Ltext3                 text3        000000
__Ltext4                 text4        000000
__Ltext5                 text5        000000
__Ltext6                 text6        000000
__Ltext7                 text7        000000
__S0                     (abs)        020000
__S1                     (abs)        000003
__S4                     (abs)        000000
__S5                     (abs)        000000
___extmem_base           (abs)        020000
___heap_hi               (abs)        000000
___heap_lo               (abs)        000000
___inthi_sp              stack        000000
___intlo_sp              stack        000000
___param_bank            (abs)        000000
___rparam_used           (abs)        000001
___sp                    stack        000000
__accesstop              (abs)        000060
__activetblptr           (abs)        000000
__end_of_PORT_A_DIGITALS text7        01FF4A
__end_of_PORT_C_DIGITALS text6        01FF82
__end_of_PORT_D_DIGITALS text5        01FF08
__end_of_PORT_E_DIGITALS text4        01FF18
__end_of_PORT_F_DIGITALS text3        01FF28
__end_of_PORT_G_DIGITALS text2        01FF38
__end_of_PORT_H_DIGITALS text1        01FF5E
__end_of__initialization cinit        01FEF4
__end_of_main            text0        020000
__initialization         cinit        01FEF4
__mediumconst            mediumconst  000000
__pcinit                 cinit        01FEF4
__pcstackCOMRAM          cstackCOMRAM 000001
__ptext0                 text0        01FF82
__ptext1                 text1        01FF4A
__ptext2                 text2        01FF28
__ptext3                 text3        01FF18
__ptext4                 text4        01FF08
__ptext5                 text5        01FEFA
__ptext6                 text6        01FF5E
__ptext7                 text7        01FF38
__ramtop                 ramtop       000F00
__smallconst             smallconst   000000
_main                    text0        01FF82
end_of_initialization    cinit        01FEF4
intlevel0                text         000000
intlevel1                text         000000
intlevel2                text         000000
intlevel3                text         000000
isa$std                  (abs)        000001
isa$xinst                (abs)        000000
stackhi                  (abs)        000000
stacklo                  (abs)        000000
start                    init         000002
start_initialization     cinit        01FEF4


MODULE INFORMATION

Module		Function		Class		Link	Load	Size
shared
		__initialization		CODE           	1FEF4	0000	1

shared estimated size: 1

main.c
		_PORT_E_DIGITALS		CODE           	1FF08	0000	16
		_PORT_H_DIGITALS		CODE           	1FF4A	0000	20
		_main          		CODE           	1FF82	0000	126
		_PORT_C_DIGITALS		CODE           	1FF5E	0000	36
		_PORT_F_DIGITALS		CODE           	1FF18	0000	16
		_PORT_A_DIGITALS		CODE           	1FF38	0000	18
		_PORT_D_DIGITALS		CODE           	1FEFA	0000	14
		_PORT_G_DIGITALS		CODE           	1FF28	0000	16

main.c estimated size: 262

