Microchip MPLAB XC8 Compiler V2.36

Linker command line:

-W-3 --edf=C:\Program Files\Microchip\xc8\v2.36\pic\dat\en_msgs.txt -cn \
  -h+dist/default/production\PIC18F8720_5_ADC.X.production.sym \
  --cmf=dist/default/production\PIC18F8720_5_ADC.X.production.cmf -z \
  -Q18F8720 -oC:\Users\www\AppData\Local\Temp\xcAs5r4.4 \
  --defsym=__MPLAB_BUILD=1 \
  -Mdist/default/production/PIC18F8720_5_ADC.X.production.map \
  --md=C:\Users\www\AppData\Local\Temp\xcAs5r4.dat -E1 -ver=XC8 Compiler \
  --acfsm=1493 -ACODE=00h-01FFFFh -ACONST=00h-01FFFFh \
  -ASMALLCONST=0F00h-0FFFhx497 -AMEDIUMCONST=0F00h-0FFFFh,010F00h-01FFFFh \
  -ACOMRAM=01h-05Fh -AABS1=00h-0EFFh -ABIGRAM=01h-0EFFh \
  -ARAM=060h-0FFh,0100h-01FFhx14 -ABANK0=060h-0FFh -ABANK1=0100h-01FFh \
  -ABANK2=0200h-02FFh -ABANK3=0300h-03FFh -ABANK4=0400h-04FFh \
  -ABANK5=0500h-05FFh -ABANK6=0600h-06FFh -ABANK7=0700h-07FFh \
  -ABANK8=0800h-08FFh -ABANK9=0900h-09FFh -ABANK10=0A00h-0AFFh \
  -ABANK11=0B00h-0BFFh -ABANK12=0C00h-0CFFh -ABANK13=0D00h-0DFFh \
  -ABANK14=0E00h-0EFFh -ASFR=0F60h-0FFFh -ABIGSFR=0F60h-0FFFh \
  -ACONFIG=0300000h-030000Dh -AIDLOC=0200000h-0200007h \
  -AEEDATA=0F00000h-0F003FFh -peeprom_data=EEDATA \
  -preset_vec=00h,intcode,intcodelo,powerup,init -pramtop=0F00h \
  -psmallconst=SMALLCONST -pmediumconst=MEDIUMCONST -pconst=CONST \
  -AFARRAM=00h-00h \
  -prdata=COMRAM,nvrram=COMRAM,nvbit=COMRAM,rbss=COMRAM,rbit=COMRAM \
  -pfarbss=FARRAM,fardata=FARRAM,nvFARRAM=FARRAM \
  -pintsave_regs=BIGRAM,bigbss=BIGRAM,bigdata=BIGRAM -pbss=RAM \
  -pidata=CODE,irdata=CODE,ibigdata=CODE,ifardata=CODE -prparam=COMRAM \
  C:\Users\www\AppData\Local\Temp\xcAs5r4.o \
  dist/default/production\PIC18F8720_5_ADC.X.production.o 

Object code version is 3.11

Machine type is 18F8720



                Name                               Link     Load   Length Selector   Space Scale
C:\Users\www\AppData\Local\Temp\xcAs5r4.o
                idloc                            200000   200000        8        0       5
                config                           300000   300000        E        0       4
                init                                  2        2        4        0       0
                reset_vec                             0        0        2        0       0
dist/default/production\PIC18F8720_5_ADC.X.production.o
                idloc                            200000   200000        8        0       5
                config                           300000   300000        E        0       4
                smallconst                          F00      F00       4A      780       0
                text41                             41BE     41BE       28      7A5       0
                text40                             3D20     3D20       9C      7A5       0
                text39                             319E     319E      186      7A5       0
                text38                             425E     425E        8      7A5       0
                text37                             4256     4256        8      7A5       0
                text36                             424E     424E        8      7A5       0
                text35                             3004     3004      19A      7A5       0
                text34                             3F9A     3F9A       50      7A5       0
                text33                             3DBC     3DBC       76      7A5       0
                text32                             41E6     41E6       26      7A5       0
                text31                             412A     412A       38      7A5       0
                text30                             3F48     3F48       52      7A5       0
                text29                             3324     3324      16A      7A5       0
                text28                             3A40     3A40       C4      7A5       0
                text27                             3BC6     3BC6       B0      7A5       0
                text26                             28A4     28A4      39A      7A5       0
                text25                             3C76     3C76       AA      7A5       0
                text24                             3594     3594      104      7A5       0
                text23                             247A     247A      42A      7A5       0
                text22                             40F2     40F2       38      7A5       0
                text21                             1B5A     1B5A      4C0      7A5       0
                text20                             4030     4030       46      7A5       0
                text19                             348E     348E      106      7A5       0
                text18                             3796     3796       FE      7A5       0
                text17                             2C3E     2C3E      212      7A5       0
                text16                             4266     4266        2      7A5       0
                text15                             3976     3976       CA      7A5       0
                text14                             4076     4076       44      7A5       0
                text13                             3B04     3B04       C2      7A5       0
                text12                             3E98     3E98       5E      7A5       0
                text11                             40BA     40BA       38      7A5       0
                text10                             3FEA     3FEA       46      7A5       0
                text9                               F4A      F4A      C10      7A5       0
                text8                              3894     3894       E2      7A5       0
                text7                              201A     201A      460      7A5       0
                text6                              3E32     3E32       66      7A5       0
                text5                              3EF6     3EF6       52      7A5       0
                text4                              4162     4162       34      7A5       0
                text3                              422E     422E       20      7A5       0
                text2                              4196     4196       28      7A5       0
                text1                              2E50     2E50      1B4      7A5       0
                text0                              3698     3698       FE      7A5       0
                cstackCOMRAM                          1        1       5C        1       1
                cstackBANK0                          60       60       5E       60       1
                bssBANK1                            100      100       50      100       1
                bssBANK0                             BE       BE        E       60       1
                bssCOMRAM                            5D       5D        2        1       1
                cinit                              420C     420C       22      7A5       0

TOTAL           Name                               Link     Load   Length     Space
        CLASS   CODE           
                init                                  2        2        4         0
                reset_vec                             0        0        2         0
                text41                             41BE     41BE       28         0
                text40                             3D20     3D20       9C         0
                text39                             319E     319E      186         0
                text38                             425E     425E        8         0
                text37                             4256     4256        8         0
                text36                             424E     424E        8         0
                text35                             3004     3004      19A         0
                text34                             3F9A     3F9A       50         0
                text33                             3DBC     3DBC       76         0
                text32                             41E6     41E6       26         0
                text31                             412A     412A       38         0
                text30                             3F48     3F48       52         0
                text29                             3324     3324      16A         0
                text28                             3A40     3A40       C4         0
                text27                             3BC6     3BC6       B0         0
                text26                             28A4     28A4      39A         0
                text25                             3C76     3C76       AA         0
                text24                             3594     3594      104         0
                text23                             247A     247A      42A         0
                text22                             40F2     40F2       38         0
                text21                             1B5A     1B5A      4C0         0
                text20                             4030     4030       46         0
                text19                             348E     348E      106         0
                text18                             3796     3796       FE         0
                text17                             2C3E     2C3E      212         0
                text16                             4266     4266        2         0
                text15                             3976     3976       CA         0
                text14                             4076     4076       44         0
                text13                             3B04     3B04       C2         0
                text12                             3E98     3E98       5E         0
                text11                             40BA     40BA       38         0
                text10                             3FEA     3FEA       46         0
                text9                               F4A      F4A      C10         0
                text8                              3894     3894       E2         0
                text7                              201A     201A      460         0
                text6                              3E32     3E32       66         0
                text5                              3EF6     3EF6       52         0
                text4                              4162     4162       34         0
                text3                              422E     422E       20         0
                text2                              4196     4196       28         0
                text1                              2E50     2E50      1B4         0
                text0                              3698     3698       FE         0
                cinit                              420C     420C       22         0

        CLASS   CONST          

        CLASS   SMALLCONST     
                smallconst                          F00      F00       4A         0

        CLASS   MEDIUMCONST    

        CLASS   COMRAM         
                cstackCOMRAM                          1        1       5C         1
                bssCOMRAM                            5D       5D        2         1

        CLASS   ABS1           

        CLASS   BIGRAM         

        CLASS   RAM            

        CLASS   BANK0          
                cstackBANK0                          60       60       5E         1
                bssBANK0                             BE       BE        E         1

        CLASS   BANK1          
                bssBANK1                            100      100       50         1

        CLASS   BANK2          

        CLASS   BANK3          

        CLASS   BANK4          

        CLASS   BANK5          

        CLASS   BANK6          

        CLASS   BANK7          

        CLASS   BANK8          

        CLASS   BANK9          

        CLASS   BANK10         

        CLASS   BANK11         

        CLASS   BANK12         

        CLASS   BANK13         

        CLASS   BANK14         

        CLASS   SFR            

        CLASS   BIGSFR         

        CLASS   CONFIG         
                config                           300000   300000        E         4

        CLASS   IDLOC          
                idloc                            200000   200000        8         5

        CLASS   EEDATA         

        CLASS   FARRAM         

        CLASS   HEAP           

        CLASS   STACK          



SEGMENTS        Name                           Load    Length   Top    Selector   Space  Class

                reset_vec                      000000  000006  000006         0       0  CODE    
                cstackCOMRAM                   000001  00005E  00005F         1       1  COMRAM  
                cstackBANK0                    000060  00006C  0000CC        60       1  BANK0   
                bssBANK1                       000100  000050  000150       100       1  BANK1   
                smallconst                     000F00  00004A  000F4A       780       0  SMALLCON
                text9                          000F4A  00331E  004268       7A5       0  CODE    


UNUSED ADDRESS RANGES

        Name                Unused          Largest block    Delta
        BANK0            0000CC-0000FF               34
        BANK1            000150-0001FF               B0
        BANK10           000A00-000AFF              100
        BANK11           000B00-000BFF              100
        BANK12           000C00-000CFF              100
        BANK13           000D00-000DFF              100
        BANK14           000E00-000EFF              100
        BANK2            000200-0002FF              100
        BANK3            000300-0003FF              100
        BANK4            000400-0004FF              100
        BANK5            000500-0005FF              100
        BANK6            000600-0006FF              100
        BANK7            000700-0007FF              100
        BANK8            000800-0008FF              100
        BANK9            000900-0009FF              100
        BIGRAM           00005F-00005F                1
                         0000CC-0000FF               34
                         000150-000EFF              DB0
        BIGSFR           000F60-000FFF               A0
        CODE             000006-000EFF              EFA
                         004268-01FFFF            1BD98
        COMRAM           00005F-00005F                1
        CONST            000006-000EFF              EFA
                         004268-01FFFF            1BD98
        EEDATA           F00000-F003FF              400
        MEDIUMCONST      004268-00FFFF             BD98
                         010F00-01FFFF             F100
        RAM              0000CC-0000FF               34
                         000150-000EFF              100
        SFR              000F60-000FFF               A0
        SMALLCONST       004268-01FFFF              100

                                  Symbol Table

?_ADC_Read                       cstackCOMRAM 000001
?___awdiv                        cstackCOMRAM 000001
?___awmod                        cstackCOMRAM 000001
?___fladd                        cstackCOMRAM 000001
?___fldiv                        cstackCOMRAM 000001
?___flmul                        cstackCOMRAM 000001
?___flneg                        cstackCOMRAM 000001
?___flsub                        cstackCOMRAM 00001A
?___fltol                        cstackCOMRAM 000001
?___fpclassifyf                  cstackCOMRAM 000001
?___wmul                         cstackCOMRAM 000001
?___xxtofl                       cstackCOMRAM 000009
?_atoi                           cstackCOMRAM 000008
?_efgtoa                         cstackCOMRAM 00002E
?_floorf                         cstackCOMRAM 00001A
?_isdigit                        cstackCOMRAM 000001
?_isspace                        cstackCOMRAM 000001
?_isupper                        cstackCOMRAM 000001
?_pad                            cstackCOMRAM 000011
?_sprintf                        cstackBANK0  00009E
?_strlen                         cstackCOMRAM 000001
?_strncmp                        cstackCOMRAM 000001
?_tolower                        cstackCOMRAM 000007
?_vfpfcnvrt                      cstackBANK0  000092
?_vfprintf                       cstackBANK0  000098
ADC_Read@channel                 cstackCOMRAM 000001
ADC_Read@digital                 cstackCOMRAM 000007
LCD_DATA@_4bit_                  cstackCOMRAM 00000A
LCD_DATA@_data                   cstackCOMRAM 000012
LCD_DATA@data                    cstackCOMRAM 000009
LCD_DATA@mode                    cstackCOMRAM 000001
LCD_DATA@x                       cstackCOMRAM 000013
LCD_DATA@x_781                   cstackCOMRAM 000015
LCD_DISPLAY@length               cstackCOMRAM 00001B
LCD_DISPLAY@string               cstackCOMRAM 000017
LCD_DISPLAY@x                    cstackCOMRAM 00001D
LCD_DISPLAY_DIGIT@num            cstackBANK0  0000A6
LCD_DISPLAY_DIGIT@s              cstackBANK0  0000AA
LCD_INSTRUCTION_4BIT@_4bit_      cstackCOMRAM 000008
LCD_INSTRUCTION_4BIT@data        cstackCOMRAM 000010
LCD_INSTRUCTION_4BIT@instruction cstackCOMRAM 000007
LCD_INSTRUCTION_4BIT@x           cstackCOMRAM 000011
LCD_INSTRUCTION_4BIT@x_787       cstackCOMRAM 000013
_ADCON0                          (abs)        000FC2
_ADCON0bits                      (abs)        000FC2
_ADCON1bits                      (abs)        000FC1
_ADCON2bits                      (abs)        000FC0
_ADC_Init                        text41       0041BE
_ADC_Read                        text40       003D20
_ADON                            (abs)        007E10
_ADRESH                          (abs)        000FC4
_ADRESL                          (abs)        000FC3
_CCP1CONbits                     (abs)        000FBD
_CCP2CONbits                     (abs)        000FBA
_GO                              (abs)        007E11
_LCD_20_LINE1                    text38       00425E
_LCD_20_LINE3                    text37       004256
_LCD_20_LINE4                    text36       00424E
_LCD_DATA                        text35       003004
_LCD_DISPLAY                     text33       003DBC
_LCD_DISPLAY_DIGIT               text4        004162
_LCD_INITIALIZE_4BIT             text3        00422E
_LCD_INSTRUCTION_4BIT            text39       00319E
_LCD_SETUP_4BIT                  text2        004196
_PORTBbits                       (abs)        000F81
_PORTD                           (abs)        000F83
_PORTJbits                       (abs)        000F88
_RCSTA1bits                      (abs)        000FAB
_RCSTA2bits                      (abs)        000F6B
_SSPCON1bits                     (abs)        000FC6
_T1CONbits                       (abs)        000FCD
_TRISAbits                       (abs)        000F92
_TRISB3                          (abs)        007C9B
_TRISC0                          (abs)        007CA0
_TRISC1                          (abs)        007CA1
_TRISC2                          (abs)        007CA2
_TRISC3                          (abs)        007CA3
_TRISCbits                       (abs)        000F94
_TRISD                           (abs)        000F95
_TRISJ0                          (abs)        007CD0
_TRISJ1                          (abs)        007CD1
__HRAM                           (abs)        000000
__Habs1                          abs1         000000
__Hbank0                         bank0        000000
__Hbank1                         bank1        000000
__Hbank10                        bank10       000000
__Hbank11                        bank11       000000
__Hbank12                        bank12       000000
__Hbank13                        bank13       000000
__Hbank14                        bank14       000000
__Hbank2                         bank2        000000
__Hbank3                         bank3        000000
__Hbank4                         bank4        000000
__Hbank5                         bank5        000000
__Hbank6                         bank6        000000
__Hbank7                         bank7        000000
__Hbank8                         bank8        000000
__Hbank9                         bank9        000000
__Hbigbss                        bigbss       000000
__Hbigdata                       bigdata      000000
__Hbigram                        bigram       000000
__Hbigsfr                        bigsfr       000000
__Hbss                           bss          000000
__HbssBANK0                      bssBANK0     000000
__HbssBANK1                      bssBANK1     000000
__HbssCOMRAM                     bssCOMRAM    000000
__Hcinit                         cinit        000000
__Hclrtext                       clrtext      000000
__Hcomram                        comram       000000
__Hconfig                        config       30000E
__Hconst                         const        000000
__HcstackBANK0                   cstackBANK0  000000
__HcstackCOMRAM                  cstackCOMRAM 000000
__Hdata                          data         000000
__Heeprom_data                   eeprom_data  000000
__Hfarbss                        farbss       000000
__Hfardata                       fardata      000000
__Hheap                          heap         000000
__Hibigdata                      ibigdata     000000
__Hidata                         idata        000000
__Hidloc                         idloc        200008
__Hifardata                      ifardata     000000
__Hinit                          init         000006
__Hintcode                       intcode      000002
__Hintcode_body                  intcode_body 000000
__Hintcodelo                     intcodelo    000002
__Hintentry                      intentry     000000
__Hintret                        intret       000000
__Hintsave_regs                  intsave_regs 000000
__Hirdata                        irdata       000000
__Hmediumconst                   mediumconst  000000
__HnvFARRAM                      nvFARRAM     000000
__Hnvbit                         nvbit        000000
__Hnvrram                        nvrram       000000
__Hparam                         rparam       000000
__Hpowerup                       powerup      000002
__Hram                           ram          000000
__Hramtop                        ramtop       000F00
__Hrbit                          rbit         000000
__Hrbss                          rbss         000000
__Hrdata                         rdata        000000
__Hreset_vec                     reset_vec    000002
__Hrparam                        rparam       000000
__Hsfr                           sfr          000000
__Hsmallconst                    smallconst   000F4A
__Hspace_0                       (abs)        004268
__Hspace_1                       (abs)        000150
__Hspace_2                       (abs)        000000
__Hspace_4                       (abs)        60000E
__Hstack                         stack        000000
__Hstruct                        struct       000000
__Htemp                          temp         000000
__Htext                          text         000000
__Htext0                         text0        000000
__Htext1                         text1        000000
__Htext10                        text10       000000
__Htext11                        text11       000000
__Htext12                        text12       000000
__Htext13                        text13       000000
__Htext14                        text14       000000
__Htext15                        text15       000000
__Htext16                        text16       000000
__Htext17                        text17       000000
__Htext18                        text18       000000
__Htext19                        text19       000000
__Htext2                         text2        000000
__Htext20                        text20       000000
__Htext21                        text21       000000
__Htext22                        text22       000000
__Htext23                        text23       000000
__Htext24                        text24       000000
__Htext25                        text25       000000
__Htext26                        text26       000000
__Htext27                        text27       000000
__Htext28                        text28       000000
__Htext29                        text29       000000
__Htext3                         text3        000000
__Htext30                        text30       000000
__Htext31                        text31       000000
__Htext32                        text32       000000
__Htext33                        text33       000000
__Htext34                        text34       000000
__Htext35                        text35       000000
__Htext36                        text36       000000
__Htext37                        text37       000000
__Htext38                        text38       000000
__Htext39                        text39       000000
__Htext4                         text4        000000
__Htext40                        text40       000000
__Htext41                        text41       000000
__Htext5                         text5        000000
__Htext6                         text6        000000
__Htext7                         text7        000000
__Htext8                         text8        000000
__Htext9                         text9        000000
__LRAM                           (abs)        000001
__Labs1                          abs1         000000
__Lbank0                         bank0        000000
__Lbank1                         bank1        000000
__Lbank10                        bank10       000000
__Lbank11                        bank11       000000
__Lbank12                        bank12       000000
__Lbank13                        bank13       000000
__Lbank14                        bank14       000000
__Lbank2                         bank2        000000
__Lbank3                         bank3        000000
__Lbank4                         bank4        000000
__Lbank5                         bank5        000000
__Lbank6                         bank6        000000
__Lbank7                         bank7        000000
__Lbank8                         bank8        000000
__Lbank9                         bank9        000000
__Lbigbss                        bigbss       000000
__Lbigdata                       bigdata      000000
__Lbigram                        bigram       000000
__Lbigsfr                        bigsfr       000000
__Lbss                           bss          000000
__LbssBANK0                      bssBANK0     000000
__LbssBANK1                      bssBANK1     000000
__LbssCOMRAM                     bssCOMRAM    000000
__Lcinit                         cinit        000000
__Lclrtext                       clrtext      000000
__Lcomram                        comram       000000
__Lconfig                        config       000000
__Lconst                         const        000000
__LcstackBANK0                   cstackBANK0  000000
__LcstackCOMRAM                  cstackCOMRAM 000000
__Ldata                          data         000000
__Leeprom_data                   eeprom_data  000000
__Lfarbss                        farbss       000000
__Lfardata                       fardata      000000
__Lheap                          heap         000000
__Libigdata                      ibigdata     000000
__Lidata                         idata        000000
__Lidloc                         idloc        000000
__Lifardata                      ifardata     000000
__Linit                          init         000002
__Lintcode                       intcode      000002
__Lintcode_body                  intcode_body 000000
__Lintcodelo                     intcodelo    000002
__Lintentry                      intentry     000000
__Lintret                        intret       000000
__Lintsave_regs                  intsave_regs 000000
__Lirdata                        irdata       000000
__Lmediumconst                   mediumconst  000000
__LnvFARRAM                      nvFARRAM     000000
__Lnvbit                         nvbit        000000
__Lnvrram                        nvrram       000000
__Lparam                         rparam       000000
__Lpowerup                       powerup      000002
__Lram                           ram          000000
__Lramtop                        ramtop       000F00
__Lrbit                          rbit         000000
__Lrbss                          rbss         000000
__Lrdata                         rdata        000000
__Lreset_vec                     reset_vec    000000
__Lrparam                        rparam       000000
__Lsfr                           sfr          000000
__Lsmallconst                    smallconst   000F00
__Lspace_0                       (abs)        000000
__Lspace_1                       (abs)        000000
__Lspace_2                       (abs)        000000
__Lspace_4                       (abs)        000000
__Lstack                         stack        000000
__Lstruct                        struct       000000
__Ltemp                          temp         000000
__Ltext                          text         000000
__Ltext0                         text0        000000
__Ltext1                         text1        000000
__Ltext10                        text10       000000
__Ltext11                        text11       000000
__Ltext12                        text12       000000
__Ltext13                        text13       000000
__Ltext14                        text14       000000
__Ltext15                        text15       000000
__Ltext16                        text16       000000
__Ltext17                        text17       000000
__Ltext18                        text18       000000
__Ltext19                        text19       000000
__Ltext2                         text2        000000
__Ltext20                        text20       000000
__Ltext21                        text21       000000
__Ltext22                        text22       000000
__Ltext23                        text23       000000
__Ltext24                        text24       000000
__Ltext25                        text25       000000
__Ltext26                        text26       000000
__Ltext27                        text27       000000
__Ltext28                        text28       000000
__Ltext29                        text29       000000
__Ltext3                         text3        000000
__Ltext30                        text30       000000
__Ltext31                        text31       000000
__Ltext32                        text32       000000
__Ltext33                        text33       000000
__Ltext34                        text34       000000
__Ltext35                        text35       000000
__Ltext36                        text36       000000
__Ltext37                        text37       000000
__Ltext38                        text38       000000
__Ltext39                        text39       000000
__Ltext4                         text4        000000
__Ltext40                        text40       000000
__Ltext41                        text41       000000
__Ltext5                         text5        000000
__Ltext6                         text6        000000
__Ltext7                         text7        000000
__Ltext8                         text8        000000
__Ltext9                         text9        000000
__S0                             (abs)        004268
__S1                             (abs)        000150
__S4                             (abs)        000000
__S5                             (abs)        000000
___awdiv                         text28       003A40
___awdiv@counter                 cstackCOMRAM 000005
___awdiv@dividend                cstackCOMRAM 000001
___awdiv@divisor                 cstackCOMRAM 000003
___awdiv@quotient                cstackCOMRAM 000007
___awdiv@sign                    cstackCOMRAM 000006
___awmod                         text27       003BC6
___awmod@counter                 cstackCOMRAM 000005
___awmod@dividend                cstackCOMRAM 000001
___awmod@divisor                 cstackCOMRAM 000003
___awmod@sign                    cstackCOMRAM 000006
___extmem_base                   (abs)        020000
___fladd                         text21       001B5A
___fladd@a                       cstackCOMRAM 000005
___fladd@aexp                    cstackCOMRAM 00000E
___fladd@b                       cstackCOMRAM 000001
___fladd@bexp                    cstackCOMRAM 00000F
___fladd@grs                     cstackCOMRAM 000010
___fladd@signs                   cstackCOMRAM 00000D
___fldiv                         text26       0028A4
___fldiv@a                       cstackCOMRAM 000005
___fldiv@aexp                    cstackCOMRAM 000019
___fldiv@b                       cstackCOMRAM 000001
___fldiv@bexp                    cstackCOMRAM 000018
___fldiv@grs                     cstackCOMRAM 000014
___fldiv@new_exp                 cstackCOMRAM 000012
___fldiv@rem                     cstackCOMRAM 00000D
___fldiv@sign                    cstackCOMRAM 000011
___fleq                          text25       003C76
___fleq@ff1                      cstackCOMRAM 000001
___fleq@ff2                      cstackCOMRAM 000005
___flge                          text24       003594
___flge@ff1                      cstackCOMRAM 00001A
___flge@ff2                      cstackCOMRAM 00001E
___flmul                         text23       00247A
___flmul@a                       cstackCOMRAM 000005
___flmul@aexp                    cstackCOMRAM 000012
___flmul@b                       cstackCOMRAM 000001
___flmul@bexp                    cstackCOMRAM 000013
___flmul@grs                     cstackCOMRAM 00000E
___flmul@prod                    cstackCOMRAM 000014
___flmul@sign                    cstackCOMRAM 00000D
___flmul@temp                    cstackCOMRAM 000018
___flneg                         text22       0040F2
___flneg@f1                      cstackCOMRAM 000001
___flsub                         text20       004030
___flsub@a                       cstackCOMRAM 00001E
___flsub@b                       cstackCOMRAM 00001A
___fltol                         text19       00348E
___fltol@exp1                    cstackCOMRAM 00000A
___fltol@f1                      cstackCOMRAM 000001
___fltol@sign1                   cstackCOMRAM 000009
___fpclassifyf                   text18       003796
___fpclassifyf@F465              bssBANK0     0000C2
___fpclassifyf@e                 cstackCOMRAM 000009
___fpclassifyf@u                 cstackCOMRAM 00000B
___fpclassifyf@x                 cstackCOMRAM 000001
___heap_hi                       (abs)        000000
___heap_lo                       (abs)        000000
___inthi_sp                      stack        000000
___intlo_sp                      stack        000000
___param_bank                    (abs)        000000
___rparam_used                   (abs)        000001
___sp                            stack        000000
___wmul                          text32       0041E6
___wmul@multiplicand             cstackCOMRAM 000003
___wmul@multiplier               cstackCOMRAM 000001
___wmul@product                  cstackCOMRAM 000005
___xxtofl                        text1        002E50
___xxtofl@arg                    cstackCOMRAM 000013
___xxtofl@exp                    cstackCOMRAM 000012
___xxtofl@sign                   cstackCOMRAM 000011
___xxtofl@val                    cstackCOMRAM 000009
__accesstop                      (abs)        000060
__activetblptr                   (abs)        000003
__end_of_ADC_Init                text41       0041E6
__end_of_ADC_Read                text40       003DBC
__end_of_LCD_20_LINE1            text38       004266
__end_of_LCD_20_LINE3            text37       00425E
__end_of_LCD_20_LINE4            text36       004256
__end_of_LCD_DATA                text35       00319E
__end_of_LCD_DISPLAY             text33       003E32
__end_of_LCD_DISPLAY_DIGIT       text4        004196
__end_of_LCD_INITIALIZE_4BIT     text3        00424E
__end_of_LCD_INSTRUCTION_4BIT    text39       003324
__end_of_LCD_SETUP_4BIT          text2        0041BE
__end_of___awdiv                 text28       003B04
__end_of___awmod                 text27       003C76
__end_of___fladd                 text21       00201A
__end_of___fldiv                 text26       002C3E
__end_of___fleq                  text25       003D20
__end_of___flge                  text24       003698
__end_of___flmul                 text23       0028A4
__end_of___flneg                 text22       00412A
__end_of___flsub                 text20       004076
__end_of___fltol                 text19       003594
__end_of___fpclassifyf           text18       003894
__end_of___wmul                  text32       00420C
__end_of___xxtofl                text1        003004
__end_of__initialization         cinit        004228
__end_of_atoi                    text29       00348E
__end_of_efgtoa                  text9        001B5A
__end_of_floorf                  text17       002E50
__end_of_fputc                   text15       003A40
__end_of_fputs                   text14       0040BA
__end_of_isdigit                 text31       004162
__end_of_isspace                 text30       003F9A
__end_of_isupper                 text11       0040F2
__end_of_main                    text0        003796
__end_of_pad                     text13       003BC6
__end_of_putch                   text16       004268
__end_of_sprintf                 text5        003F48
__end_of_strcpy                  text12       003EF6
__end_of_strlen                  text34       003FEA
__end_of_strncmp                 text8        003976
__end_of_tolower                 text10       004030
__end_of_vfpfcnvrt               text7        00247A
__end_of_vfprintf                text6        003E98
__initialization                 cinit        00420C
__mediumconst                    mediumconst  000000
__pbssBANK0                      bssBANK0     0000BE
__pbssBANK1                      bssBANK1     000100
__pbssCOMRAM                     bssCOMRAM    00005D
__pcinit                         cinit        00420C
__pcstackBANK0                   cstackBANK0  000060
__pcstackCOMRAM                  cstackCOMRAM 000001
__psmallconst                    smallconst   000F00
__ptext0                         text0        003698
__ptext1                         text1        002E50
__ptext10                        text10       003FEA
__ptext11                        text11       0040BA
__ptext12                        text12       003E98
__ptext13                        text13       003B04
__ptext14                        text14       004076
__ptext15                        text15       003976
__ptext16                        text16       004266
__ptext17                        text17       002C3E
__ptext18                        text18       003796
__ptext19                        text19       00348E
__ptext2                         text2        004196
__ptext20                        text20       004030
__ptext21                        text21       001B5A
__ptext22                        text22       0040F2
__ptext23                        text23       00247A
__ptext24                        text24       003594
__ptext25                        text25       003C76
__ptext26                        text26       0028A4
__ptext27                        text27       003BC6
__ptext28                        text28       003A40
__ptext29                        text29       003324
__ptext3                         text3        00422E
__ptext30                        text30       003F48
__ptext31                        text31       00412A
__ptext32                        text32       0041E6
__ptext33                        text33       003DBC
__ptext34                        text34       003F9A
__ptext35                        text35       003004
__ptext36                        text36       00424E
__ptext37                        text37       004256
__ptext38                        text38       00425E
__ptext39                        text39       00319E
__ptext4                         text4        004162
__ptext40                        text40       003D20
__ptext41                        text41       0041BE
__ptext5                         text5        003EF6
__ptext6                         text6        003E32
__ptext7                         text7        00201A
__ptext8                         text8        003894
__ptext9                         text9        000F4A
__ramtop                         ramtop       000F00
__smallconst                     smallconst   000F00
_atoi                            text29       003324
_dbuf                            bssBANK1     000100
_efgtoa                          text9        000F4A
_efgtoa$1432                     cstackBANK0  000060
_efgtoa$1440                     cstackBANK0  000062
_efgtoa$1441                     cstackBANK0  000064
_flags                           bssCOMRAM    00005D
_floorf                          text17       002C3E
_fputc                           text15       003976
_fputs                           text14       004076
_isdigit                         text31       00412A
_isspace                         text30       003F48
_isspace$1519                    cstackCOMRAM 000007
_isupper                         text11       0040BA
_main                            text0        003698
_nout                            bssBANK0     0000C6
_pad                             text13       003B04
_prec                            bssBANK0     0000CA
_putch                           text16       004266
_sprintf                         text5        003EF6
_strcpy                          text12       003E98
_strlen                          text34       003F9A
_strncmp                         text8        003894
_tolower                         text10       003FEA
_vfpfcnvrt                       text7        00201A
_vfprintf                        text6        003E32
_width                           bssBANK0     0000C8
atoi@n                           cstackCOMRAM 000010
atoi@neg                         cstackCOMRAM 00000E
atoi@s                           cstackCOMRAM 000008
efgtoa@c                         cstackCOMRAM 000034
efgtoa@d                         cstackBANK0  000072
efgtoa@e                         cstackBANK0  00008A
efgtoa@f                         cstackCOMRAM 000030
efgtoa@fp                        cstackCOMRAM 00002E
efgtoa@g                         cstackBANK0  000086
efgtoa@h                         cstackBANK0  00007C
efgtoa@i                         cstackBANK0  000084
efgtoa@l                         cstackBANK0  000080
efgtoa@m                         cstackBANK0  00006C
efgtoa@mode                      cstackBANK0  00007B
efgtoa@n                         cstackBANK0  00008C
efgtoa@ne                        cstackBANK0  00006A
efgtoa@nmode                     cstackBANK0  00007A
efgtoa@ou                        cstackBANK0  00006E
efgtoa@p                         cstackBANK0  000076
efgtoa@pp                        cstackBANK0  000068
efgtoa@sign                      cstackBANK0  000074
efgtoa@t                         cstackBANK0  000066
efgtoa@u                         cstackBANK0  00008E
efgtoa@w                         cstackBANK0  000078
end_of_initialization            cinit        004228
floorf@F526                      bssBANK0     0000BE
floorf@e                         cstackCOMRAM 000028
floorf@m                         cstackCOMRAM 000024
floorf@u                         cstackCOMRAM 00002A
floorf@x                         cstackCOMRAM 00001A
fputc@c                          cstackCOMRAM 000001
fputc@fp                         cstackCOMRAM 000003
fputs@c                          cstackCOMRAM 00000E
fputs@fp                         cstackCOMRAM 00000C
fputs@i                          cstackCOMRAM 00000F
fputs@s                          cstackCOMRAM 00000A
intlevel0                        text         000000
intlevel1                        text         000000
intlevel2                        text         000000
intlevel3                        text         000000
isa$std                          (abs)        000001
isa$xinst                        (abs)        000000
isdigit@c                        cstackCOMRAM 000001
isspace@c                        cstackCOMRAM 000001
isupper@c                        cstackCOMRAM 000001
main@ADC_value                   cstackCOMRAM 000059
main@voltage                     cstackCOMRAM 000055
pad@buf                          cstackCOMRAM 000013
pad@fp                           cstackCOMRAM 000011
pad@i                            cstackCOMRAM 000018
pad@p                            cstackCOMRAM 000015
pad@w                            cstackCOMRAM 00001A
sprintf@ap                       cstackCOMRAM 000048
sprintf@f                        cstackCOMRAM 00004A
sprintf@fmt                      cstackBANK0  0000A0
sprintf@s                        cstackBANK0  00009E
stackhi                          (abs)        000000
stacklo                          (abs)        000000
start                            init         000002
start_initialization             cinit        00420C
strcpy@d                         cstackCOMRAM 000009
strcpy@dest                      cstackCOMRAM 000001
strcpy@s                         cstackCOMRAM 000007
strcpy@src                       cstackCOMRAM 000003
strlen@a                         cstackCOMRAM 000003
strlen@s                         cstackCOMRAM 000001
strncmp@_l                       cstackCOMRAM 000001
strncmp@_r                       cstackCOMRAM 000003
strncmp@l                        cstackCOMRAM 000008
strncmp@n                        cstackCOMRAM 000005
strncmp@r                        cstackCOMRAM 00000A
tolower@c                        cstackCOMRAM 000007
vfpfcnvrt@ap                     cstackBANK0  000096
vfpfcnvrt@c                      cstackCOMRAM 000045
vfpfcnvrt@ct                     cstackCOMRAM 000042
vfpfcnvrt@f                      cstackCOMRAM 00003E
vfpfcnvrt@fmt                    cstackBANK0  000094
vfpfcnvrt@fp                     cstackBANK0  000092
vfprintf@ap                      cstackBANK0  00009C
vfprintf@cfmt                    cstackCOMRAM 000046
vfprintf@fmt                     cstackBANK0  00009A
vfprintf@fp                      cstackBANK0  000098


MODULE INFORMATION

Module		Function		Class		Link	Load	Size
C:\Program Files\Microchip\xc8\v2.36\pic\sources\c99\common\putch.c
		_putch         		CODE           	4266	0000	2

C:\Program Files\Microchip\xc8\v2.36\pic\sources\c99\common\putch.c estimated size: 2

C:\Program Files\Microchip\xc8\v2.36\pic\sources\c99\common\nf_fputs.c
		_fputs         		CODE           	4076	0000	68

C:\Program Files\Microchip\xc8\v2.36\pic\sources\c99\common\nf_fputs.c estimated size: 68

C:\Program Files\Microchip\xc8\v2.36\pic\sources\c99\common\strncmp.c
		_strncmp       		CODE           	3894	0000	226

C:\Program Files\Microchip\xc8\v2.36\pic\sources\c99\common\strncmp.c estimated size: 226

C:\Program Files\Microchip\xc8\v2.36\pic\sources\c99\common\tolower.c
		_tolower       		CODE           	3FEA	0000	70

C:\Program Files\Microchip\xc8\v2.36\pic\sources\c99\common\tolower.c estimated size: 70

C:\Program Files\Microchip\xc8\v2.36\pic\sources\c99\common\__fpclassifyf.c
		___fpclassifyf 		CODE           	3796	0000	254

C:\Program Files\Microchip\xc8\v2.36\pic\sources\c99\common\__fpclassifyf.c estimated size: 254

C:\Program Files\Microchip\xc8\v2.36\pic\sources\c99\common\sprcmul.c
		___flmul       		CODE           	247A	0000	1066

C:\Program Files\Microchip\xc8\v2.36\pic\sources\c99\common\sprcmul.c estimated size: 1066

C:\Program Files\Microchip\xc8\v2.36\pic\sources\c99\common\floorf.c
		_floorf        		CODE           	2C3E	0000	530

C:\Program Files\Microchip\xc8\v2.36\pic\sources\c99\common\floorf.c estimated size: 530

C:\Program Files\Microchip\xc8\v2.36\pic\sources\c99\common\sprcdiv.c
		___fldiv       		CODE           	28A4	0000	922

C:\Program Files\Microchip\xc8\v2.36\pic\sources\c99\common\sprcdiv.c estimated size: 922

C:\Program Files\Microchip\xc8\v2.36\pic\sources\c99\common\atoi.c
		_atoi          		CODE           	3324	0000	362

C:\Program Files\Microchip\xc8\v2.36\pic\sources\c99\common\atoi.c estimated size: 362

C:\Program Files\Microchip\xc8\v2.36\pic\sources\c99\common\fleq.c
		___fleq        		CODE           	3C76	0000	170

C:\Program Files\Microchip\xc8\v2.36\pic\sources\c99\common\fleq.c estimated size: 170

C:\Program Files\Microchip\xc8\v2.36\pic\sources\c99\common\awmod.c
		___awmod       		CODE           	3BC6	0000	176

C:\Program Files\Microchip\xc8\v2.36\pic\sources\c99\common\awmod.c estimated size: 176

C:\Program Files\Microchip\xc8\v2.36\pic\sources\c99\common\nf_sprintf.c
		_sprintf       		CODE           	3EF6	0000	82

C:\Program Files\Microchip\xc8\v2.36\pic\sources\c99\common\nf_sprintf.c estimated size: 82

C:\Program Files\Microchip\xc8\v2.36\pic\sources\c99\common\isspace.c
		_isspace       		CODE           	3F48	0000	82

C:\Program Files\Microchip\xc8\v2.36\pic\sources\c99\common\isspace.c estimated size: 82

C:\Program Files\Microchip\xc8\v2.36\pic\sources\c99\common\xxtofl.c
		___xxtofl      		CODE           	2E50	0000	436

C:\Program Files\Microchip\xc8\v2.36\pic\sources\c99\common\xxtofl.c estimated size: 436

C:\Program Files\Microchip\xc8\v2.36\pic\sources\c99\common\strlen.c
		_strlen        		CODE           	3F9A	0000	80

C:\Program Files\Microchip\xc8\v2.36\pic\sources\c99\common\strlen.c estimated size: 80

C:\Program Files\Microchip\xc8\v2.36\pic\sources\c99\common\strcpy.c
		_strcpy        		CODE           	3E98	0000	94

C:\Program Files\Microchip\xc8\v2.36\pic\sources\c99\common\strcpy.c estimated size: 94

./LCD.h
		_LCD_DISPLAY_DIGIT		CODE           	4162	0000	52
		_LCD_INSTRUCTION_4BIT		CODE           	319E	0000	390
		_LCD_DATA      		CODE           	3004	0000	410
		_LCD_DISPLAY   		CODE           	3DBC	0000	118
		_LCD_SETUP_4BIT		CODE           	4196	0000	40
		_LCD_INITIALIZE_4BIT		CODE           	422E	0000	32
		_LCD_20_LINE1  		CODE           	425E	0000	8
		_LCD_20_LINE3  		CODE           	4256	0000	8
		_LCD_20_LINE4  		CODE           	424E	0000	8

./LCD.h estimated size: 1066

C:\Program Files\Microchip\xc8\v2.36\pic\sources\c99\common\nf_fputc.c
		_fputc         		CODE           	3976	0000	202

C:\Program Files\Microchip\xc8\v2.36\pic\sources\c99\common\nf_fputc.c estimated size: 202

C:\Program Files\Microchip\xc8\v2.36\pic\sources\c99\common\isdigit.c
		_isdigit       		CODE           	412A	0000	56

C:\Program Files\Microchip\xc8\v2.36\pic\sources\c99\common\isdigit.c estimated size: 56

C:\Program Files\Microchip\xc8\v2.36\pic\sources\c99\common\sprcadd.c
		___flsub       		CODE           	4030	0000	70
		___fladd       		CODE           	1B5A	0000	1216

C:\Program Files\Microchip\xc8\v2.36\pic\sources\c99\common\sprcadd.c estimated size: 1286

C:\Program Files\Microchip\xc8\v2.36\pic\sources\c99\common\awdiv.c
		___awdiv       		CODE           	3A40	0000	196

C:\Program Files\Microchip\xc8\v2.36\pic\sources\c99\common\awdiv.c estimated size: 196

C:\Program Files\Microchip\xc8\v2.36\pic\sources\c99\common\doprnt.c
		_vfpfcnvrt     		CODE           	201A	0000	1120
		_efgtoa        		CODE           	0F4A	0000	3088
		_pad           		CODE           	3B04	0000	194
		_vfprintf      		CODE           	3E32	0000	102

C:\Program Files\Microchip\xc8\v2.36\pic\sources\c99\common\doprnt.c estimated size: 4504

C:\Program Files\Microchip\xc8\v2.36\pic\sources\c99\common\fltol.c
		___fltol       		CODE           	348E	0000	262

C:\Program Files\Microchip\xc8\v2.36\pic\sources\c99\common\fltol.c estimated size: 262

shared
		__initialization		CODE           	420C	0000	28

shared estimated size: 28

C:\Program Files\Microchip\xc8\v2.36\pic\sources\c99\common\flge.c
		___flge        		CODE           	3594	0000	260

C:\Program Files\Microchip\xc8\v2.36\pic\sources\c99\common\flge.c estimated size: 260

main.c
		_main          		CODE           	3698	0000	254
		_ADC_Read      		CODE           	3D20	0000	156
		_ADC_Init      		CODE           	41BE	0000	40

main.c estimated size: 450

C:\Program Files\Microchip\xc8\v2.36\pic\sources\c99\common\Umul16.c
		___wmul        		CODE           	41E6	0000	38

C:\Program Files\Microchip\xc8\v2.36\pic\sources\c99\common\Umul16.c estimated size: 38

C:\Program Files\Microchip\xc8\v2.36\pic\sources\c99\common\flneg.c
		___flneg       		CODE           	40F2	0000	56

C:\Program Files\Microchip\xc8\v2.36\pic\sources\c99\common\flneg.c estimated size: 56

C:\Program Files\Microchip\xc8\v2.36\pic\sources\c99\common\isupper.c
		_isupper       		CODE           	40BA	0000	56

C:\Program Files\Microchip\xc8\v2.36\pic\sources\c99\common\isupper.c estimated size: 56

